******************************************************************************
                  TI ARM Linker PC v20.2.7                     
******************************************************************************
>> Linked Mon Apr 28 02:48:03 2025

OUTPUT FILE NAME:   <final.out>
ENTRY POINT SYMBOL: "_c_int00_noargs"  address: 000044fd


MEMORY CONFIGURATION

         name            origin    length      used     unused   attr    fill
----------------------  --------  ---------  --------  --------  ----  --------
  FLASH                 00000000   00040000  000048e0  0003b720  R  X
  SRAM                  20000000   00008000  000022fd  00005d03  RW X


SEGMENT ALLOCATION MAP

run origin  load origin   length   init length attrs members
----------  ----------- ---------- ----------- ----- -------
00000000    00000000    000048e8   000048e8    r-x
  00000000    00000000    0000026c   0000026c    r-- .intvecs
  0000026c    0000026c    000044e0   000044e0    r-x .text
  00004750    00004750    0000013c   0000013c    r-- .const
  00004890    00004890    00000058   00000058    r-- .cinit
20000000    20000000    00002301   00000000    rw-
  20000000    20000000    0000026c   00000000    rw- .vtable
  20000270    20000270    00001000   00000000    rw- .stack
  20001270    20001270    00001000   00000000    rw- .sysmem
  20002270    20002270    00000058   00000000    rw- .bss
  200022c8    200022c8    00000039   00000000    rw- .data


SECTION ALLOCATION MAP

 output                                  attributes/
section   page    origin      length       input sections
--------  ----  ----------  ----------   ----------------
.intvecs   0    00000000    0000026c     
                  00000000    0000026c     tm4c123gh6pm_startup_ccs.obj (.intvecs)

.text      0    0000026c    000044e0     
                  0000026c    00000a4e     rtsv7M4_T_le_v4SPD16_eabi.lib : _printfi.c.obj (.text:__TI_printfi)
                  00000cba    00000002                                   : _lock.c.obj (.text:_nop)
                  00000cbc    000009d0                                   : e_pow.c.obj (.text:pow)
                  0000168c    00000610     final_main.obj (.text)
                  00001c9c    00000328     lcd.obj (.text)
                  00001fc4    00000270     rtsv7M4_T_le_v4SPD16_eabi.lib : _printfi.c.obj (.text:_pconv_a)
                  00002234    0000024c     ping.obj (.text)
                  00002480    00000248     Timer.obj (.text)
                  000026c8    00000234     open_interface.obj (.text)
                  000028fc    00000204     movement.obj (.text)
                  00002b00    000001d0     rtsv7M4_T_le_v4SPD16_eabi.lib : _printfi.c.obj (.text:_pconv_g)
                  00002cd0    000001b6                                   : fd_add_t2.asm.obj (.text)
                  00002e86    00000002                                   : div0.asm.obj (.text)
                  00002e88    00000194     uart-interrupt.obj (.text)
                  0000301c    00000158     rtsv7M4_T_le_v4SPD16_eabi.lib : e_sqrt.c.obj (.text:sqrt)
                  00003174    0000013c                                   : _printfi.c.obj (.text:_pconv_e)
                  000032b0    00000136                                   : fd_div_t2.asm.obj (.text)
                  000033e6    00000002     --HOLE-- [fill = 0]
                  000033e8    00000124     adc.obj (.text)
                  0000350c    00000124     rtsv7M4_T_le_v4SPD16_eabi.lib : _printfi.c.obj (.text:fcvt)
                  00003630    00000118     servo.obj (.text)
                  00003748    00000110     rtsv7M4_T_le_v4SPD16_eabi.lib : s_scalbn.c.obj (.text:scalbn)
                  00003858    00000100                                   : memory.c.obj (.text:aligned_alloc)
                  00003958    000000fc     cyBot_uart.obj (.text)
                  00003a54    000000fc     rtsv7M4_T_le_v4SPD16_eabi.lib : fd_mul_t2.asm.obj (.text)
                  00003b50    000000e4                                   : memory.c.obj (.text:free)
                  00003c34    000000b1                                   : _printfi.c.obj (.text:_ltostr)
                  00003ce5    00000001     --HOLE-- [fill = 0]
                  00003ce6    0000009c                                   : memcpy_t2.asm.obj (.text)
                  00003d82    00000096                                   : ull_div_t2.asm.obj (.text)
                  00003e18    00000086                                   : fd_cmp_t2.asm.obj (.text:__aeabi_cdcmple)
                  00003e9e    00000086                                   : fd_cmp_t2.asm.obj (.text:__aeabi_cdrcmple)
                  00003f24    0000007a                                   : memset_t2.asm.obj (.text)
                  00003f9e    00000002     --HOLE-- [fill = 0]
                  00003fa0    00000070                                   : memory.c.obj (.text:split)
                  00004010    0000006e                                   : _printfi.c.obj (.text:_mcpy)
                  0000407e    0000006e                                   : fd_tos_t2.asm.obj (.text)
                  000040ec    00000068                                   : copy_decompress_lzss.c.obj (.text:decompress:lzss:__TI_decompress_lzss)
                  00004154    00000064                                   : s_frexp.c.obj (.text:frexp)
                  000041b8    00000056                                   : _printfi.c.obj (.text:_pconv_f)
                  0000420e    00000054                                   : _ltoa.c.obj (.text:__TI_ltoa)
                  00004262    00000052                                   : _printfi.c.obj (.text:_ecpy)
                  000042b4    0000004c                                   : atoi.c.obj (.text:atoi)
                  00004300    0000004c                                   : snprintf.c.obj (.text:snprintf)
                  0000434c    00000048                                   : fd_toi_t2.asm.obj (.text)
                  00004394    00000044                                   : autoinit.c.obj (.text:__TI_auto_init_nobinit_nopinit:__TI_auto_init_nobinit_nopinit)
                  000043d8    00000040                                   : vsnprintf.c.obj (.text:vsnprintf)
                  00004418    0000003e                                   : _printfi.c.obj (.text:_fcpy)
                  00004456    00000038     cyBot_Scan.obj (.text)
                  0000448e    00000038     rtsv7M4_T_le_v4SPD16_eabi.lib : fs_tod_t2.asm.obj (.text)
                  000044c6    00000002     --HOLE-- [fill = 0]
                  000044c8    00000034     driverlib.lib : interrupt.obj (.text:IntRegister)
                  000044fc    00000034     rtsv7M4_T_le_v4SPD16_eabi.lib : boot_cortex_m.c.obj (.text:_c_int00_noargs:_c_int00_noargs)
                  00004530    00000030                                   : snprintf.c.obj (.text:_outs)
                  00004560    00000030                                   : vsnprintf.c.obj (.text:_outs)
                  00004590    0000002e                                   : i_tofd_t2.asm.obj (.text)
                  000045be    00000002     --HOLE-- [fill = 0]
                  000045c0    00000028                                   : memory.c.obj (.text:free_list_insert)
                  000045e8    0000001c                                   : copy_zero_init.c.obj (.text:decompress:ZI:__TI_zero_init_nomemset:__TI_zero_init_nomemset)
                  00004604    0000001c                                   : memory.c.obj (.text:free_list_remove)
                  00004620    0000001c                                   : memccpy.c.obj (.text:memccpy)
                  0000463c    0000001a                                   : s_copysign.c.obj (.text:copysign)
                  00004656    00000018                                   : snprintf.c.obj (.text:_outc)
                  0000466e    00000018                                   : vsnprintf.c.obj (.text:_outc)
                  00004686    00000018                                   : strcmp.c.obj (.text:strcmp)
                  0000469e    00000016                                   : strchr.c.obj (.text:strchr)
                  000046b4    00000014                                   : strcpy.c.obj (.text:strcpy)
                  000046c8    00000014                                   : strlen.c.obj (.text:strlen)
                  000046dc    00000012                                   : wcslen.c.obj (.text:wcslen)
                  000046ee    00000010     driverlib.lib : interrupt.obj (.text:IntMasterEnable)
                  000046fe    00000010     lcd.obj (.text:lcd_clear)
                  0000470e    0000000e     rtsv7M4_T_le_v4SPD16_eabi.lib : copy_decompress_none.c.obj (.text:decompress:none:__TI_decompress_none)
                  0000471c    0000000c     driverlib.lib : cpu.obj (.text:CPUcpsie)
                  00004728    0000000c     tm4c123gh6pm_startup_ccs.obj (.text)
                  00004734    00000008     rtsv7M4_T_le_v4SPD16_eabi.lib : errno.c.obj (.text:__aeabi_errno_addr)
                  0000473c    00000008                                   : memory.c.obj (.text:malloc)
                  00004744    00000004                                   : pre_init.c.obj (.text:_system_pre_init)
                  00004748    00000004                                   : exit.c.obj (.text:abort:abort)

.const     0    00004750    0000013c     
                  00004750    00000101     rtsv7M4_T_le_v4SPD16_eabi.lib : ctype.c.obj (.const:.string:_ctypes_)
                  00004851    00000004     lcd.obj (.const:.string:lineAddress$1)
                  00004855    00000003     --HOLE-- [fill = 0]
                  00004858    00000030     rtsv7M4_T_le_v4SPD16_eabi.lib : e_pow.c.obj (.const:$O1$$)
                  00004888    00000004     lcd.obj (.const:.string:lineAddresses$2)

.cinit     0    00004890    00000058     
                  00004890    0000001d     (.cinit..data.load) [load image, compression = lzss]
                  000048ad    00000003     --HOLE-- [fill = 0]
                  000048b0    0000000c     (__TI_handler_table)
                  000048bc    00000004     --HOLE-- [fill = 0]
                  000048c0    00000008     (.cinit..bss.load) [load image, compression = zero_init]
                  000048c8    00000008     (.cinit..vtable.load) [load image, compression = zero_init]
                  000048d0    00000018     (__TI_cinit_table)

.init_array 
*          0    00000000    00000000     UNINITIALIZED

.vtable    0    20000000    0000026c     UNINITIALIZED
                  20000000    0000026c     driverlib.lib : interrupt.obj (.vtable)

.stack     0    20000270    00001000     UNINITIALIZED
                  20000270    00000004     rtsv7M4_T_le_v4SPD16_eabi.lib : boot_cortex_m.c.obj (.stack)
                  20000274    00000ffc     --HOLE--

.sysmem    0    20001270    00001000     UNINITIALIZED
                  20001270    00000010     rtsv7M4_T_le_v4SPD16_eabi.lib : memory.c.obj (.sysmem)
                  20001280    00000ff0     --HOLE--

.bss       0    20002270    00000058     UNINITIALIZED
                  20002270    00000054     lcd.obj (.bss:lastbuffer$3)
                  200022c4    00000004     (.common:_timeout_ticks)

.data      0    200022c8    00000039     UNINITIALIZED
                  200022c8    00000010     ping.obj (.data)
                  200022d8    00000008     rtsv7M4_T_le_v4SPD16_eabi.lib : _lock.c.obj (.data:$O1$$)
                  200022e0    00000008                                   : memory.c.obj (.data:$O1$$)
                  200022e8    00000008     cyBot_Scan.obj (.data)
                  200022f0    00000008     uart-interrupt.obj (.data)
                  200022f8    00000004     final_main.obj (.data)
                  200022fc    00000004     rtsv7M4_T_le_v4SPD16_eabi.lib : errno.c.obj (.data)
                  20002300    00000001     Timer.obj (.data)

__llvm_prf_cnts 
*          0    20000000    00000000     UNINITIALIZED

MODULE SUMMARY

       Module                         code    ro data   rw data
       ------                         ----    -------   -------
    .\
       final_main.obj                 1552    0         4      
       lcd.obj                        824     8         84     
       tm4c123gh6pm_startup_ccs.obj   12      620       0      
       ping.obj                       588     0         16     
       Timer.obj                      584     0         5      
       open_interface.obj             564     0         0      
       movement.obj                   516     0         0      
       uart-interrupt.obj             404     0         8      
       adc.obj                        292     0         0      
       servo.obj                      280     0         0      
       cyBot_uart.obj                 252     0         0      
       cyBot_Scan.obj                 56      0         8      
    +--+------------------------------+-------+---------+---------+
       Total:                         5924    628       125    
                                                               
    C:/ti/TivaWare_C_Series-2.2.0.295/driverlib/ccs/Debug/driverlib.lib
       interrupt.obj                  68      0         620    
       cpu.obj                        12      0         0      
    +--+------------------------------+-------+---------+---------+
       Total:                         80      0         620    
                                                               
    C:\ti\ccs1271\ccs\tools\compiler\ti-cgt-arm_20.2.7.LTS\lib\rtsv7M4_T_le_v4SPD16_eabi.lib
       _printfi.c.obj                 4851    0         0      
       e_pow.c.obj                    2512    48        0      
       memory.c.obj                   672     0         8      
       fd_add_t2.asm.obj              438     0         0      
       e_sqrt.c.obj                   344     0         0      
       fd_div_t2.asm.obj              310     0         0      
       s_scalbn.c.obj                 272     0         0      
       fd_cmp_t2.asm.obj              268     0         0      
       ctype.c.obj                    0       257       0      
       fd_mul_t2.asm.obj              252     0         0      
       memcpy_t2.asm.obj              156     0         0      
       ull_div_t2.asm.obj             150     0         0      
       snprintf.c.obj                 148     0         0      
       vsnprintf.c.obj                136     0         0      
       memset_t2.asm.obj              122     0         0      
       fd_tos_t2.asm.obj              110     0         0      
       copy_decompress_lzss.c.obj     104     0         0      
       s_frexp.c.obj                  100     0         0      
       _ltoa.c.obj                    84      0         0      
       atoi.c.obj                     76      0         0      
       fd_toi_t2.asm.obj              72      0         0      
       autoinit.c.obj                 68      0         0      
       fs_tod_t2.asm.obj              56      0         0      
       boot_cortex_m.c.obj            52      0         0      
       i_tofd_t2.asm.obj              46      0         0      
       copy_zero_init.c.obj           28      0         0      
       memccpy.c.obj                  28      0         0      
       s_copysign.c.obj               26      0         0      
       strcmp.c.obj                   24      0         0      
       strchr.c.obj                   22      0         0      
       strcpy.c.obj                   20      0         0      
       strlen.c.obj                   20      0         0      
       wcslen.c.obj                   18      0         0      
       copy_decompress_none.c.obj     14      0         0      
       errno.c.obj                    8       0         4      
       _lock.c.obj                    2       0         8      
       exit.c.obj                     4       0         0      
       pre_init.c.obj                 4       0         0      
       div0.asm.obj                   2       0         0      
    +--+------------------------------+-------+---------+---------+
       Total:                         11619   305       20     
                                                               
       Heap:                          0       0         4096   
       Stack:                         0       0         4096   
       Linker Generated:              0       81        0      
    +--+------------------------------+-------+---------+---------+
       Grand Total:                   17623   1014      8957   


LINKER GENERATED COPY TABLES

__TI_cinit_table @ 000048d0 records: 3, size/record: 8, table size: 24
	.data: load addr=00004890, load size=0000001d bytes, run addr=200022c8, run size=00000039 bytes, compression=lzss
	.bss: load addr=000048c0, load size=00000008 bytes, run addr=20002270, run size=00000058 bytes, compression=zero_init
	.vtable: load addr=000048c8, load size=00000008 bytes, run addr=20000000, run size=0000026c bytes, compression=zero_init


LINKER GENERATED HANDLER TABLE

__TI_handler_table @ 000048b0 records: 3, size/record: 4, table size: 12
	index: 0, handler: __TI_zero_init
	index: 1, handler: __TI_decompress_lzss
	index: 2, handler: __TI_decompress_none


GLOBAL SYMBOLS: SORTED ALPHABETICALLY BY Name 

address   name                          
-------   ----                          
00004749  C$$EXIT                       
0000471d  CPUcpsie                      
000046ef  IntMasterEnable               
000044c9  IntRegister                   
00004729  ResetISR                      
000023df  TIMER3B_Handler               
00002fa1  UART1_Handler                 
20001270  __STACK_END                   
00001000  __STACK_SIZE                  
20000470  __STACK_TOP                   
00001000  __SYSMEM_SIZE                 
000048d0  __TI_CINIT_Base               
000048e8  __TI_CINIT_Limit              
000048b0  __TI_Handler_Table_Base       
000048bc  __TI_Handler_Table_Limit      
00004395  __TI_auto_init_nobinit_nopinit
000040ed  __TI_decompress_lzss          
0000470f  __TI_decompress_none          
0000420f  __TI_ltoa                     
ffffffff  __TI_pprof_out_hndl           
0000026d  __TI_printfi                  
ffffffff  __TI_prof_data_size           
ffffffff  __TI_prof_data_start          
00000000  __TI_static_base__            
000045e9  __TI_zero_init_nomemset       
00003e19  __aeabi_cdcmpeq               
00003e19  __aeabi_cdcmple               
00003e9f  __aeabi_cdrcmple              
0000407f  __aeabi_d2f                   
0000434d  __aeabi_d2iz                  
00002cdb  __aeabi_dadd                  
000032b1  __aeabi_ddiv                  
00003a55  __aeabi_dmul                  
00002cd1  __aeabi_dsub                  
00004735  __aeabi_errno_addr            
0000448f  __aeabi_f2d                   
00004591  __aeabi_i2d                   
00002e87  __aeabi_idiv0                 
00002e87  __aeabi_ldiv0                 
00003f25  __aeabi_memclr                
00003f25  __aeabi_memclr4               
00003f25  __aeabi_memclr8               
00003ce7  __aeabi_memcpy                
00003ce7  __aeabi_memcpy4               
00003ce7  __aeabi_memcpy8               
00003f27  __aeabi_memset                
00003f27  __aeabi_memset4               
00003f27  __aeabi_memset8               
00003d83  __aeabi_uldivmod              
ffffffff  __binit__                     
ffffffff  __c_args__                    
UNDEFED   __mpu_init                    
20000270  __stack                       
20000000  __start___llvm_prf_cnts       
20000000  __stop___llvm_prf_cnts        
000044fd  _c_int00_noargs               
00004750  _ctypes_                      
200022d8  _lock                         
00000cbb  _nop                          
20002300  _running                      
20001270  _sys_memory                   
UNDEFED   _system_post_cinit            
00004745  _system_pre_init              
200022c4  _timeout_ticks                
200022dc  _unlock                       
00004749  abort                         
000033e9  adc_init                      
0000348d  adc_read                      
00003859  aligned_alloc                 
000042b5  atoi                          
ffffffff  binit                         
00001a65  checkBumpOrCliffDuringMove    
000028fd  check_hazards                 
200022f0  command_byte                  
200022f4  command_flag                  
0000463d  copysign                      
0000463d  copysignl                     
00004467  cyBOT_Scan                    
00004457  cyBOT_init_Scan               
00003a05  cyBot_getByte_blocking        
000039e9  cyBot_sendByte                
00003959  cyBot_uart_init               
200022d0  echo_captured                 
200022cc  end_time                      
200022fc  errno                         
00003b51  free                          
00004155  frexp                         
00004155  frexpl                        
20000000  g_pfnRAMVectors               
00000000  g_pfnVectors                  
000018dd  getAngleInput                 
000046ff  lcd_clear                     
00001e71  lcd_gotoLine                  
00001cd9  lcd_init                      
00001ed7  lcd_printf                    
00001d99  lcd_putc                      
00001dd1  lcd_puts                      
00001c9d  lcd_reverseNibble             
00001def  lcd_sendCommand               
00001e2d  lcd_sendNibble                
00001e99  lcd_setCursorPos              
00003749  ldexp                         
00003749  ldexpl                        
200022ec  left_calibration_value        
0000168d  main                          
0000473d  malloc                        
00003859  memalign                      
00004621  memccpy                       
00003ce7  memcpy                        
00003f2d  memset                        
000029d1  move_backwards                
00002985  move_forward                  
000026c9  oi_alloc                      
000028b5  oi_close                      
000026d3  oi_free                       
0000283f  oi_getAngle                   
0000282b  oi_getDistance                
000026df  oi_init                       
00002853  oi_readCliffSensors           
00002813  oi_resetAngle                 
000027fb  oi_resetDistance              
000027b9  oi_setWheels                  
000027af  oi_update                     
00002349  ping_getDistance              
00002235  ping_init                     
000022e3  ping_trigger                  
00000cbd  pow                           
00000cbd  powl                          
200022e8  right_calibration_value       
00003749  scalbn                        
00003749  scalbnl                       
00001961  scanAndReportIdle             
000019cd  scanFullForObjects            
00001837  sendSensorData                
200022f8  sensor_data                   
00003631  servo_init                    
000036c3  servo_move                    
00004301  snprintf                      
0000301d  sqrt                          
0000301d  sqrtl                         
200022c8  start_time                    
0000469f  strchr                        
00004687  strcmp                        
000046b5  strcpy                        
000046c9  strlen                        
0000259f  timer_getMicros               
00002547  timer_getMillis               
00002481  timer_init                    
00002523  timer_pause                   
00002535  timer_resume                  
000024f9  timer_stop                    
000025f9  timer_waitMicros              
0000262b  timer_waitMillis              
00002a21  turn                          
00002e89  uart_interrupt_init           
00002f6d  uart_receive_nonBlocking      
00002f51  uart_sendChar                 
00002f85  uart_sendStr                  
000043d9  vsnprintf                     
000046dd  wcslen                        


GLOBAL SYMBOLS: SORTED BY Symbol Address 

address   name                          
-------   ----                          
00000000  __TI_static_base__            
00000000  g_pfnVectors                  
0000026d  __TI_printfi                  
00000cbb  _nop                          
00000cbd  pow                           
00000cbd  powl                          
00001000  __STACK_SIZE                  
00001000  __SYSMEM_SIZE                 
0000168d  main                          
00001837  sendSensorData                
000018dd  getAngleInput                 
00001961  scanAndReportIdle             
000019cd  scanFullForObjects            
00001a65  checkBumpOrCliffDuringMove    
00001c9d  lcd_reverseNibble             
00001cd9  lcd_init                      
00001d99  lcd_putc                      
00001dd1  lcd_puts                      
00001def  lcd_sendCommand               
00001e2d  lcd_sendNibble                
00001e71  lcd_gotoLine                  
00001e99  lcd_setCursorPos              
00001ed7  lcd_printf                    
00002235  ping_init                     
000022e3  ping_trigger                  
00002349  ping_getDistance              
000023df  TIMER3B_Handler               
00002481  timer_init                    
000024f9  timer_stop                    
00002523  timer_pause                   
00002535  timer_resume                  
00002547  timer_getMillis               
0000259f  timer_getMicros               
000025f9  timer_waitMicros              
0000262b  timer_waitMillis              
000026c9  oi_alloc                      
000026d3  oi_free                       
000026df  oi_init                       
000027af  oi_update                     
000027b9  oi_setWheels                  
000027fb  oi_resetDistance              
00002813  oi_resetAngle                 
0000282b  oi_getDistance                
0000283f  oi_getAngle                   
00002853  oi_readCliffSensors           
000028b5  oi_close                      
000028fd  check_hazards                 
00002985  move_forward                  
000029d1  move_backwards                
00002a21  turn                          
00002cd1  __aeabi_dsub                  
00002cdb  __aeabi_dadd                  
00002e87  __aeabi_idiv0                 
00002e87  __aeabi_ldiv0                 
00002e89  uart_interrupt_init           
00002f51  uart_sendChar                 
00002f6d  uart_receive_nonBlocking      
00002f85  uart_sendStr                  
00002fa1  UART1_Handler                 
0000301d  sqrt                          
0000301d  sqrtl                         
000032b1  __aeabi_ddiv                  
000033e9  adc_init                      
0000348d  adc_read                      
00003631  servo_init                    
000036c3  servo_move                    
00003749  ldexp                         
00003749  ldexpl                        
00003749  scalbn                        
00003749  scalbnl                       
00003859  aligned_alloc                 
00003859  memalign                      
00003959  cyBot_uart_init               
000039e9  cyBot_sendByte                
00003a05  cyBot_getByte_blocking        
00003a55  __aeabi_dmul                  
00003b51  free                          
00003ce7  __aeabi_memcpy                
00003ce7  __aeabi_memcpy4               
00003ce7  __aeabi_memcpy8               
00003ce7  memcpy                        
00003d83  __aeabi_uldivmod              
00003e19  __aeabi_cdcmpeq               
00003e19  __aeabi_cdcmple               
00003e9f  __aeabi_cdrcmple              
00003f25  __aeabi_memclr                
00003f25  __aeabi_memclr4               
00003f25  __aeabi_memclr8               
00003f27  __aeabi_memset                
00003f27  __aeabi_memset4               
00003f27  __aeabi_memset8               
00003f2d  memset                        
0000407f  __aeabi_d2f                   
000040ed  __TI_decompress_lzss          
00004155  frexp                         
00004155  frexpl                        
0000420f  __TI_ltoa                     
000042b5  atoi                          
00004301  snprintf                      
0000434d  __aeabi_d2iz                  
00004395  __TI_auto_init_nobinit_nopinit
000043d9  vsnprintf                     
00004457  cyBOT_init_Scan               
00004467  cyBOT_Scan                    
0000448f  __aeabi_f2d                   
000044c9  IntRegister                   
000044fd  _c_int00_noargs               
00004591  __aeabi_i2d                   
000045e9  __TI_zero_init_nomemset       
00004621  memccpy                       
0000463d  copysign                      
0000463d  copysignl                     
00004687  strcmp                        
0000469f  strchr                        
000046b5  strcpy                        
000046c9  strlen                        
000046dd  wcslen                        
000046ef  IntMasterEnable               
000046ff  lcd_clear                     
0000470f  __TI_decompress_none          
0000471d  CPUcpsie                      
00004729  ResetISR                      
00004735  __aeabi_errno_addr            
0000473d  malloc                        
00004745  _system_pre_init              
00004749  C$$EXIT                       
00004749  abort                         
00004750  _ctypes_                      
000048b0  __TI_Handler_Table_Base       
000048bc  __TI_Handler_Table_Limit      
000048d0  __TI_CINIT_Base               
000048e8  __TI_CINIT_Limit              
20000000  __start___llvm_prf_cnts       
20000000  __stop___llvm_prf_cnts        
20000000  g_pfnRAMVectors               
20000270  __stack                       
20000470  __STACK_TOP                   
20001270  __STACK_END                   
20001270  _sys_memory                   
200022c4  _timeout_ticks                
200022c8  start_time                    
200022cc  end_time                      
200022d0  echo_captured                 
200022d8  _lock                         
200022dc  _unlock                       
200022e8  right_calibration_value       
200022ec  left_calibration_value        
200022f0  command_byte                  
200022f4  command_flag                  
200022f8  sensor_data                   
200022fc  errno                         
20002300  _running                      
ffffffff  __TI_pprof_out_hndl           
ffffffff  __TI_prof_data_size           
ffffffff  __TI_prof_data_start          
ffffffff  __binit__                     
ffffffff  __c_args__                    
ffffffff  binit                         
UNDEFED   __mpu_init                    
UNDEFED   _system_post_cinit            

[160 symbols]
