******************************************************************************
                  TI ARM Linker PC v20.2.7                     
******************************************************************************
>> Linked Sat May  3 04:36:10 2025

OUTPUT FILE NAME:   <final.out>
ENTRY POINT SYMBOL: "_c_int00_noargs"  address: 000070dd


MEMORY CONFIGURATION

         name            origin    length      used     unused   attr    fill
----------------------  --------  ---------  --------  --------  ----  --------
  FLASH                 00000000   00040000  0000770b  000388f5  R  X
  SRAM                  20000000   00008000  00002590  00005a70  RW X


SEGMENT ALLOCATION MAP

run origin  load origin   length   init length attrs members
----------  ----------- ---------- ----------- ----- -------
00000000    00000000    00007710   00007710    r-x
  00000000    00000000    0000026c   0000026c    r-- .intvecs
  0000026c    0000026c    000070fc   000070fc    r-x .text
  00007368    00007368    0000034b   0000034b    r-- .const
  000076b8    000076b8    00000058   00000058    r-- .cinit
20000000    20000000    00002594   00000000    rw-
  20000000    20000000    0000026c   00000000    rw- .vtable
  20000270    20000270    00001000   00000000    rw- .stack
  20001270    20001270    00001000   00000000    rw- .sysmem
  20002270    20002270    000002c8   00000000    rw- .bss
  20002538    20002538    0000005c   00000000    rw- .data


SECTION ALLOCATION MAP

 output                                  attributes/
section   page    origin      length       input sections
--------  ----  ----------  ----------   ----------------
.intvecs   0    00000000    0000026c     
                  00000000    0000026c     tm4c123gh6pm_startup_ccs.obj (.intvecs)

.text      0    0000026c    000070fc     
                  0000026c    00000c84     open_interface.obj (.text)
                  00000ef0    00000b18     final_main.obj (.text)
                  00001a08    00000a4e     rtsv7M4_T_le_v4SPD16_eabi.lib : _printfi.c.obj (.text:__TI_printfi)
                  00002456    00000002                                   : _lock.c.obj (.text:_nop)
                  00002458    000009d0                                   : e_pow.c.obj (.text:pow)
                  00002e28    00000738                                   : k_rem_pio2.c.obj (.text:__kernel_rem_pio2)
                  00003560    00000684     final_scan.obj (.text)
                  00003be4    000005f4     movement.obj (.text)
                  000041d8    00000508     rtsv7M4_T_le_v4SPD16_eabi.lib : s_tan.c.obj (.text:tan)
                  000046e0    00000328     lcd.obj (.text)
                  00004a08    0000031c     rtsv7M4_T_le_v4SPD16_eabi.lib : k_tan.c.obj (.text:__kernel_tan)
                  00004d24    000002a0     final_uart.obj (.text)
                  00004fc4    00000270     rtsv7M4_T_le_v4SPD16_eabi.lib : _printfi.c.obj (.text:_pconv_a)
                  00005234    00000270     ping.obj (.text)
                  000054a4    00000248     Timer.obj (.text)
                  000056ec    000001d0     rtsv7M4_T_le_v4SPD16_eabi.lib : _printfi.c.obj (.text:_pconv_g)
                  000058bc    000001b6                                   : fd_add_t2.asm.obj (.text)
                  00005a72    00000002                                   : div0.asm.obj (.text)
                  00005a74    00000158                                   : e_sqrt.c.obj (.text:sqrt)
                  00005bcc    0000013c                                   : _printfi.c.obj (.text:_pconv_e)
                  00005d08    00000136                                   : fd_div_t2.asm.obj (.text)
                  00005e3e    00000002     --HOLE-- [fill = 0]
                  00005e40    00000134     servo.obj (.text)
                  00005f74    00000130     rtsv7M4_T_le_v4SPD16_eabi.lib : strtol.c.obj (.text:strtol)
                  000060a4    00000124     adc.obj (.text)
                  000061c8    00000124     rtsv7M4_T_le_v4SPD16_eabi.lib : _printfi.c.obj (.text:fcvt)
                  000062ec    00000110                                   : s_scalbn.c.obj (.text:scalbn)
                  000063fc    00000100                                   : memory.c.obj (.text:aligned_alloc)
                  000064fc    000000fc                                   : fd_mul_t2.asm.obj (.text)
                  000065f8    000000f8                                   : s_floor.c.obj (.text:floor)
                  000066f0    000000e4                                   : memory.c.obj (.text:free)
                  000067d4    000000b1                                   : _printfi.c.obj (.text:_ltostr)
                  00006885    00000001     --HOLE-- [fill = 0]
                  00006886    0000009c                                   : memcpy_t2.asm.obj (.text)
                  00006922    00000096                                   : ull_div_t2.asm.obj (.text)
                  000069b8    00000086                                   : fd_cmp_t2.asm.obj (.text:__aeabi_cdcmple)
                  00006a3e    00000086                                   : fd_cmp_t2.asm.obj (.text:__aeabi_cdrcmple)
                  00006ac4    0000007a                                   : memset_t2.asm.obj (.text)
                  00006b3e    00000002     --HOLE-- [fill = 0]
                  00006b40    00000070                                   : memory.c.obj (.text:split)
                  00006bb0    0000006e                                   : _printfi.c.obj (.text:_mcpy)
                  00006c1e    0000006e                                   : fd_tos_t2.asm.obj (.text)
                  00006c8c    00000068                                   : copy_decompress_lzss.c.obj (.text:decompress:lzss:__TI_decompress_lzss)
                  00006cf4    00000064                                   : s_frexp.c.obj (.text:frexp)
                  00006d58    00000056                                   : _printfi.c.obj (.text:_pconv_f)
                  00006dae    00000054                                   : _ltoa.c.obj (.text:__TI_ltoa)
                  00006e02    00000052                                   : _printfi.c.obj (.text:_ecpy)
                  00006e54    0000004c                                   : atoi.c.obj (.text:atoi)
                  00006ea0    0000004c                                   : snprintf.c.obj (.text:snprintf)
                  00006eec    00000048                                   : fd_toi_t2.asm.obj (.text)
                  00006f34    00000044                                   : autoinit.c.obj (.text:__TI_auto_init_nobinit_nopinit:__TI_auto_init_nobinit_nopinit)
                  00006f78    00000040                                   : sprintf.c.obj (.text:sprintf)
                  00006fb8    00000040                                   : vsnprintf.c.obj (.text:vsnprintf)
                  00006ff8    0000003e                                   : _printfi.c.obj (.text:_fcpy)
                  00007036    00000002     --HOLE-- [fill = 0]
                  00007038    00000038                                   : memory.c.obj (.text:calloc)
                  00007070    00000038                                   : fs_tod_t2.asm.obj (.text)
                  000070a8    00000034     driverlib.lib : interrupt.obj (.text:IntRegister)
                  000070dc    00000034     rtsv7M4_T_le_v4SPD16_eabi.lib : boot_cortex_m.c.obj (.text:_c_int00_noargs:_c_int00_noargs)
                  00007110    00000030                                   : snprintf.c.obj (.text:_outs)
                  00007140    00000030                                   : vsnprintf.c.obj (.text:_outs)
                  00007170    0000002e                                   : i_tofd_t2.asm.obj (.text)
                  0000719e    00000002     --HOLE-- [fill = 0]
                  000071a0    00000028                                   : memory.c.obj (.text:free_list_insert)
                  000071c8    0000001c                                   : memory.c.obj (.text:free_list_remove)
                  000071e4    0000001c                                   : memccpy.c.obj (.text:memccpy)
                  00007200    0000001a                                   : s_copysign.c.obj (.text:copysign)
                  0000721a    00000018                                   : snprintf.c.obj (.text:_outc)
                  00007232    00000018                                   : vsnprintf.c.obj (.text:_outc)
                  0000724a    00000018                                   : sprintf.c.obj (.text:_outs)
                  00007262    00000018     open_interface.obj (.text:oi_parseInt)
                  0000727a    00000018     rtsv7M4_T_le_v4SPD16_eabi.lib : strcmp.c.obj (.text:strcmp)
                  00007292    00000016                                   : strchr.c.obj (.text:strchr)
                  000072a8    00000014                                   : strcpy.c.obj (.text:strcpy)
                  000072bc    00000014                                   : strlen.c.obj (.text:strlen)
                  000072d0    00000012                                   : wcslen.c.obj (.text:wcslen)
                  000072e2    00000010     driverlib.lib : interrupt.obj (.text:IntMasterEnable)
                  000072f2    00000002     --HOLE-- [fill = 0]
                  000072f4    00000010     rtsv7M4_T_le_v4SPD16_eabi.lib : isdigit.c.obj (.text:isdigit)
                  00007304    00000010     lcd.obj (.text:lcd_clear)
                  00007314    0000000e     rtsv7M4_T_le_v4SPD16_eabi.lib : copy_decompress_none.c.obj (.text:decompress:none:__TI_decompress_none)
                  00007322    0000000c     driverlib.lib : cpu.obj (.text:CPUcpsie)
                  0000732e    0000000c     rtsv7M4_T_le_v4SPD16_eabi.lib : copy_zero_init.c.obj (.text:decompress:ZI:__TI_zero_init)
                  0000733a    0000000c     tm4c123gh6pm_startup_ccs.obj (.text)
                  00007346    0000000a     rtsv7M4_T_le_v4SPD16_eabi.lib : sprintf.c.obj (.text:_outc)
                  00007350    00000008                                   : errno.c.obj (.text:__aeabi_errno_addr)
                  00007358    00000008                                   : memory.c.obj (.text:malloc)
                  00007360    00000004                                   : pre_init.c.obj (.text:_system_pre_init)
                  00007364    00000004                                   : exit.c.obj (.text:abort:abort)

.const     0    00007368    0000034b     
                  00007368    00000158     rtsv7M4_T_le_v4SPD16_eabi.lib : k_rem_pio2.c.obj (.const:$O1$$)
                  000074c0    00000101                                   : ctype.c.obj (.const:.string:_ctypes_)
                  000075c1    00000004     final_main.obj (.const:.string:$P$T2$3)
                  000075c5    00000003     --HOLE-- [fill = 0]
                  000075c8    00000080     rtsv7M4_T_le_v4SPD16_eabi.lib : k_tan.c.obj (.const:xxx)
                  00007648    00000030                                   : e_pow.c.obj (.const:$O1$$)
                  00007678    00000010     final_main.obj (.const:.string:$P$T0$1)
                  00007688    00000010     final_main.obj (.const:.string:$P$T1$2)
                  00007698    0000000f     open_interface.obj (.const:.string:$P$T0$3)
                  000076a7    00000004     final_main.obj (.const:.string:$P$T3$4)
                  000076ab    00000004     lcd.obj (.const:.string:lineAddress$1)
                  000076af    00000004     lcd.obj (.const:.string:lineAddresses$2)

.cinit     0    000076b8    00000058     
                  000076b8    00000020     (.cinit..data.load) [load image, compression = lzss]
                  000076d8    0000000c     (__TI_handler_table)
                  000076e4    00000004     --HOLE-- [fill = 0]
                  000076e8    00000008     (.cinit..bss.load) [load image, compression = zero_init]
                  000076f0    00000008     (.cinit..vtable.load) [load image, compression = zero_init]
                  000076f8    00000018     (__TI_cinit_table)

.init_array 
*          0    00000000    00000000     UNINITIALIZED

.vtable    0    20000000    0000026c     UNINITIALIZED
                  20000000    0000026c     driverlib.lib : interrupt.obj (.vtable)

.stack     0    20000270    00001000     UNINITIALIZED
                  20000270    00000004     rtsv7M4_T_le_v4SPD16_eabi.lib : boot_cortex_m.c.obj (.stack)
                  20000274    00000ffc     --HOLE--

.sysmem    0    20001270    00001000     UNINITIALIZED
                  20001270    00000010     rtsv7M4_T_le_v4SPD16_eabi.lib : memory.c.obj (.sysmem)
                  20001280    00000ff0     --HOLE--

.bss       0    20002270    000002c8     UNINITIALIZED
                  20002270    00000258     (.common:detected_objects)
                  200024c8    00000054     lcd.obj (.bss:lastbuffer$3)
                  2000251c    00000018     open_interface.obj (.bss:firmware$2)
                  20002534    00000004     (.common:_timeout_ticks)

.data      0    20002538    0000005c     UNINITIALIZED
                  20002538    00000020     open_interface.obj (.data)
                  20002558    00000015     ping.obj (.data)
                  2000256d    00000001     Timer.obj (.data)
                  2000256e    00000002     --HOLE--
                  20002570    00000008     rtsv7M4_T_le_v4SPD16_eabi.lib : _lock.c.obj (.data:$O1$$)
                  20002578    00000008                                   : memory.c.obj (.data:$O1$$)
                  20002580    00000008     final_uart.obj (.data)
                  20002588    00000006     final_main.obj (.data)
                  2000258e    00000002     --HOLE--
                  20002590    00000004     rtsv7M4_T_le_v4SPD16_eabi.lib : errno.c.obj (.data)

__llvm_prf_cnts 
*          0    20000000    00000000     UNINITIALIZED

MODULE SUMMARY

       Module                         code    ro data   rw data
       ------                         ----    -------   -------
    .\
       open_interface.obj             3228    15        56     
       final_main.obj                 2840    40        6      
       final_scan.obj                 1668    0         600    
       movement.obj                   1524    0         0      
       lcd.obj                        824     8         84     
       final_uart.obj                 672     0         8      
       ping.obj                       624     0         21     
       tm4c123gh6pm_startup_ccs.obj   12      620       0      
       Timer.obj                      584     0         5      
       servo.obj                      308     0         0      
       adc.obj                        292     0         0      
    +--+------------------------------+-------+---------+---------+
       Total:                         12576   683       780    
                                                               
    C:/ti/TivaWare_C_Series-2.2.0.295/driverlib/ccs/Debug/driverlib.lib
       interrupt.obj                  68      0         620    
       cpu.obj                        12      0         0      
    +--+------------------------------+-------+---------+---------+
       Total:                         80      0         620    
                                                               
    C:\ti\ccs1271\ccs\tools\compiler\ti-cgt-arm_20.2.7.LTS\lib\rtsv7M4_T_le_v4SPD16_eabi.lib
       _printfi.c.obj                 4851    0         0      
       e_pow.c.obj                    2512    48        0      
       k_rem_pio2.c.obj               1848    344       0      
       s_tan.c.obj                    1288    0         0      
       k_tan.c.obj                    796     128       0      
       memory.c.obj                   728     0         8      
       fd_add_t2.asm.obj              438     0         0      
       e_sqrt.c.obj                   344     0         0      
       fd_div_t2.asm.obj              310     0         0      
       strtol.c.obj                   304     0         0      
       s_scalbn.c.obj                 272     0         0      
       fd_cmp_t2.asm.obj              268     0         0      
       ctype.c.obj                    0       257       0      
       fd_mul_t2.asm.obj              252     0         0      
       s_floor.c.obj                  248     0         0      
       memcpy_t2.asm.obj              156     0         0      
       ull_div_t2.asm.obj             150     0         0      
       snprintf.c.obj                 148     0         0      
       vsnprintf.c.obj                136     0         0      
       memset_t2.asm.obj              122     0         0      
       fd_tos_t2.asm.obj              110     0         0      
       copy_decompress_lzss.c.obj     104     0         0      
       s_frexp.c.obj                  100     0         0      
       sprintf.c.obj                  98      0         0      
       _ltoa.c.obj                    84      0         0      
       atoi.c.obj                     76      0         0      
       fd_toi_t2.asm.obj              72      0         0      
       autoinit.c.obj                 68      0         0      
       fs_tod_t2.asm.obj              56      0         0      
       boot_cortex_m.c.obj            52      0         0      
       i_tofd_t2.asm.obj              46      0         0      
       memccpy.c.obj                  28      0         0      
       s_copysign.c.obj               26      0         0      
       strcmp.c.obj                   24      0         0      
       strchr.c.obj                   22      0         0      
       strcpy.c.obj                   20      0         0      
       strlen.c.obj                   20      0         0      
       wcslen.c.obj                   18      0         0      
       isdigit.c.obj                  16      0         0      
       copy_decompress_none.c.obj     14      0         0      
       copy_zero_init.c.obj           12      0         0      
       errno.c.obj                    8       0         4      
       _lock.c.obj                    2       0         8      
       exit.c.obj                     4       0         0      
       pre_init.c.obj                 4       0         0      
       div0.asm.obj                   2       0         0      
    +--+------------------------------+-------+---------+---------+
       Total:                         16257   777       20     
                                                               
       Heap:                          0       0         4096   
       Stack:                         0       0         4096   
       Linker Generated:              0       84        0      
    +--+------------------------------+-------+---------+---------+
       Grand Total:                   28913   1544      9612   


LINKER GENERATED COPY TABLES

__TI_cinit_table @ 000076f8 records: 3, size/record: 8, table size: 24
	.data: load addr=000076b8, load size=00000020 bytes, run addr=20002538, run size=0000005c bytes, compression=lzss
	.bss: load addr=000076e8, load size=00000008 bytes, run addr=20002270, run size=000002c8 bytes, compression=zero_init
	.vtable: load addr=000076f0, load size=00000008 bytes, run addr=20000000, run size=0000026c bytes, compression=zero_init


LINKER GENERATED HANDLER TABLE

__TI_handler_table @ 000076d8 records: 3, size/record: 4, table size: 12
	index: 0, handler: __TI_zero_init
	index: 1, handler: __TI_decompress_lzss
	index: 2, handler: __TI_decompress_none


GLOBAL SYMBOLS: SORTED ALPHABETICALLY BY Name 

address   name                          
-------   ----                          
00007365  C$$EXIT                       
00007323  CPUcpsie                      
00000bc3  GPIOF_Handler                 
000072e3  IntMasterEnable               
000070a9  IntRegister                   
0000733b  ResetISR                      
000053cd  Timer3b_Handler               
00004e3d  UART1_Handler                 
20001270  __STACK_END                   
00001000  __STACK_SIZE                  
20000470  __STACK_TOP                   
00001000  __SYSMEM_SIZE                 
000076f8  __TI_CINIT_Base               
00007710  __TI_CINIT_Limit              
000076d8  __TI_Handler_Table_Base       
000076e4  __TI_Handler_Table_Limit      
00006f35  __TI_auto_init_nobinit_nopinit
00006c8d  __TI_decompress_lzss          
00007315  __TI_decompress_none          
00006daf  __TI_ltoa                     
ffffffff  __TI_pprof_out_hndl           
00001a09  __TI_printfi                  
ffffffff  __TI_prof_data_size           
ffffffff  __TI_prof_data_start          
00000000  __TI_static_base__            
0000732f  __TI_zero_init                
000069b9  __aeabi_cdcmpeq               
000069b9  __aeabi_cdcmple               
00006a3f  __aeabi_cdrcmple              
00006c1f  __aeabi_d2f                   
00006eed  __aeabi_d2iz                  
000058c7  __aeabi_dadd                  
00005d09  __aeabi_ddiv                  
000064fd  __aeabi_dmul                  
000058bd  __aeabi_dsub                  
00007351  __aeabi_errno_addr            
00007071  __aeabi_f2d                   
00007171  __aeabi_i2d                   
00005a73  __aeabi_idiv0                 
00005a73  __aeabi_ldiv0                 
00006ac5  __aeabi_memclr                
00006ac5  __aeabi_memclr4               
00006ac5  __aeabi_memclr8               
00006887  __aeabi_memcpy                
00006887  __aeabi_memcpy4               
00006887  __aeabi_memcpy8               
00006ac7  __aeabi_memset                
00006ac7  __aeabi_memset4               
00006ac7  __aeabi_memset8               
00006923  __aeabi_uldivmod              
ffffffff  __binit__                     
ffffffff  __c_args__                    
00002e29  __kernel_rem_pio2             
00004a09  __kernel_tan                  
UNDEFED   __mpu_init                    
20000270  __stack                       
20000000  __start___llvm_prf_cnts       
20000000  __stop___llvm_prf_cnts        
000070dd  _c_int00_noargs               
000074c0  _ctypes_                      
20002570  _lock                         
00002457  _nop                          
2000256d  _running                      
20001270  _sys_memory                   
UNDEFED   _system_post_cinit            
00007361  _system_pre_init              
20002534  _timeout_ticks                
20002574  _unlock                       
00007365  abort                         
000060a5  adc_init                      
00006149  adc_read                      
000063fd  aligned_alloc                 
00006e55  atoi                          
2000258d  autonomous_mode               
ffffffff  binit                         
00007039  calloc                        
00000fdd  checkAndDriveToCliff          
000038d9  checkBumpOrCliffDuringMove    
00003d6f  check_back_hazards            
00003be5  check_hazards                 
20002580  command_byte                  
20002584  command_flag                  
00007201  copysign                      
00007201  copysignl                     
2000255c  current_time                  
00000f35  cyBot_readInt                 
20002270  detected_objects              
00000fc7  display_commands              
20002590  errno                         
000065f9  floor                         
000065f9  floorl                        
000066f1  free                          
00006cf5  frexp                         
00006cf5  frexpl                        
20002568  g_end_time                    
20000000  g_pfnRAMVectors               
00000000  g_pfnVectors                  
20002564  g_start_time                  
2000256c  g_state                       
0000097f  go_charge                     
00003989  idleScan                      
000072f5  isdigit                       
20002558  last_time                     
00007305  lcd_clear                     
000048b5  lcd_gotoLine                  
0000471d  lcd_init                      
0000491b  lcd_printf                    
000047dd  lcd_putc                      
00004815  lcd_puts                      
000046e1  lcd_reverseNibble             
00004833  lcd_sendCommand               
00004871  lcd_sendNibble                
000048dd  lcd_setCursorPos              
000062ed  ldexp                         
000062ed  ldexpl                        
00000ef1  load_cybot_songs              
00001279  main                          
00007359  malloc                        
000063fd  memalign                      
000071e5  memccpy                       
00006887  memcpy                        
00006acd  memset                        
20002538  motor_cal_factor_L            
2000253c  motor_cal_factor_R            
0000404b  move_backwards                
00003e99  move_forward                  
20002588  object_count                  
0000026d  oi_alloc                      
00000aa9  oi_checkFirmware              
000002c7  oi_close                      
00000279  oi_free                       
00000ded  oi_getMotorCalibrationLeft    
00000e01  oi_getMotorCalibrationRight   
000002b1  oi_init                       
00000289  oi_init_noupdate              
00000915  oi_loadSong                   
00007263  oi_parseInt                   
0000032b  oi_parsePacket                
0000096b  oi_play_song                  
00000e2d  oi_readCliffSensors           
0000084b  oi_setLeds                    
00000db1  oi_setMotorCalibration        
0000088f  oi_setWheels                  
00000b51  oi_shutoff_init               
0000098d  oi_uartInit                   
00000a31  oi_uartReceive                
00000a77  oi_uartSendBuff               
00000a15  oi_uartSendChar               
00000a59  oi_uartSendStr                
000002d9  oi_update                     
000053f1  ping_getData                  
00005371  ping_getDistance              
00005235  ping_init                     
00005307  ping_trigger                  
00002459  pow                           
00002459  powl                          
000062ed  scalbn                        
000062ed  scalbnl                       
00003571  scan                          
000035d5  scanFullForObjects            
2000258c  scan_active                   
00003561  scan_init                     
00005e41  servo_init                    
00005edf  servo_move                    
00006ea1  snprintf                      
00006f79  sprintf                       
00005a75  sqrt                          
00005a75  sqrtl                         
00007293  strchr                        
0000727b  strcmp                        
000072a9  strcpy                        
000072bd  strlen                        
00005f75  strtol                        
000041d9  tan                           
000041d9  tanl                          
000055c3  timer_getMicros               
0000556b  timer_getMillis               
000054a5  timer_init                    
00005547  timer_pause                   
00005559  timer_resume                  
0000551d  timer_stop                    
0000561d  timer_waitMicros              
0000564f  timer_waitMillis              
00004123  turn                          
00004d25  uart_interrupt_init           
00004e09  uart_receive_nonBlocking      
00004ded  uart_sendChar                 
00004e21  uart_sendStr                  
20002560  update_flag                   
00006fb9  vsnprintf                     
000072d1  wcslen                        


GLOBAL SYMBOLS: SORTED BY Symbol Address 

address   name                          
-------   ----                          
00000000  __TI_static_base__            
00000000  g_pfnVectors                  
0000026d  oi_alloc                      
00000279  oi_free                       
00000289  oi_init_noupdate              
000002b1  oi_init                       
000002c7  oi_close                      
000002d9  oi_update                     
0000032b  oi_parsePacket                
0000084b  oi_setLeds                    
0000088f  oi_setWheels                  
00000915  oi_loadSong                   
0000096b  oi_play_song                  
0000097f  go_charge                     
0000098d  oi_uartInit                   
00000a15  oi_uartSendChar               
00000a31  oi_uartReceive                
00000a59  oi_uartSendStr                
00000a77  oi_uartSendBuff               
00000aa9  oi_checkFirmware              
00000b51  oi_shutoff_init               
00000bc3  GPIOF_Handler                 
00000db1  oi_setMotorCalibration        
00000ded  oi_getMotorCalibrationLeft    
00000e01  oi_getMotorCalibrationRight   
00000e2d  oi_readCliffSensors           
00000ef1  load_cybot_songs              
00000f35  cyBot_readInt                 
00000fc7  display_commands              
00000fdd  checkAndDriveToCliff          
00001000  __STACK_SIZE                  
00001000  __SYSMEM_SIZE                 
00001279  main                          
00001a09  __TI_printfi                  
00002457  _nop                          
00002459  pow                           
00002459  powl                          
00002e29  __kernel_rem_pio2             
00003561  scan_init                     
00003571  scan                          
000035d5  scanFullForObjects            
000038d9  checkBumpOrCliffDuringMove    
00003989  idleScan                      
00003be5  check_hazards                 
00003d6f  check_back_hazards            
00003e99  move_forward                  
0000404b  move_backwards                
00004123  turn                          
000041d9  tan                           
000041d9  tanl                          
000046e1  lcd_reverseNibble             
0000471d  lcd_init                      
000047dd  lcd_putc                      
00004815  lcd_puts                      
00004833  lcd_sendCommand               
00004871  lcd_sendNibble                
000048b5  lcd_gotoLine                  
000048dd  lcd_setCursorPos              
0000491b  lcd_printf                    
00004a09  __kernel_tan                  
00004d25  uart_interrupt_init           
00004ded  uart_sendChar                 
00004e09  uart_receive_nonBlocking      
00004e21  uart_sendStr                  
00004e3d  UART1_Handler                 
00005235  ping_init                     
00005307  ping_trigger                  
00005371  ping_getDistance              
000053cd  Timer3b_Handler               
000053f1  ping_getData                  
000054a5  timer_init                    
0000551d  timer_stop                    
00005547  timer_pause                   
00005559  timer_resume                  
0000556b  timer_getMillis               
000055c3  timer_getMicros               
0000561d  timer_waitMicros              
0000564f  timer_waitMillis              
000058bd  __aeabi_dsub                  
000058c7  __aeabi_dadd                  
00005a73  __aeabi_idiv0                 
00005a73  __aeabi_ldiv0                 
00005a75  sqrt                          
00005a75  sqrtl                         
00005d09  __aeabi_ddiv                  
00005e41  servo_init                    
00005edf  servo_move                    
00005f75  strtol                        
000060a5  adc_init                      
00006149  adc_read                      
000062ed  ldexp                         
000062ed  ldexpl                        
000062ed  scalbn                        
000062ed  scalbnl                       
000063fd  aligned_alloc                 
000063fd  memalign                      
000064fd  __aeabi_dmul                  
000065f9  floor                         
000065f9  floorl                        
000066f1  free                          
00006887  __aeabi_memcpy                
00006887  __aeabi_memcpy4               
00006887  __aeabi_memcpy8               
00006887  memcpy                        
00006923  __aeabi_uldivmod              
000069b9  __aeabi_cdcmpeq               
000069b9  __aeabi_cdcmple               
00006a3f  __aeabi_cdrcmple              
00006ac5  __aeabi_memclr                
00006ac5  __aeabi_memclr4               
00006ac5  __aeabi_memclr8               
00006ac7  __aeabi_memset                
00006ac7  __aeabi_memset4               
00006ac7  __aeabi_memset8               
00006acd  memset                        
00006c1f  __aeabi_d2f                   
00006c8d  __TI_decompress_lzss          
00006cf5  frexp                         
00006cf5  frexpl                        
00006daf  __TI_ltoa                     
00006e55  atoi                          
00006ea1  snprintf                      
00006eed  __aeabi_d2iz                  
00006f35  __TI_auto_init_nobinit_nopinit
00006f79  sprintf                       
00006fb9  vsnprintf                     
00007039  calloc                        
00007071  __aeabi_f2d                   
000070a9  IntRegister                   
000070dd  _c_int00_noargs               
00007171  __aeabi_i2d                   
000071e5  memccpy                       
00007201  copysign                      
00007201  copysignl                     
00007263  oi_parseInt                   
0000727b  strcmp                        
00007293  strchr                        
000072a9  strcpy                        
000072bd  strlen                        
000072d1  wcslen                        
000072e3  IntMasterEnable               
000072f5  isdigit                       
00007305  lcd_clear                     
00007315  __TI_decompress_none          
00007323  CPUcpsie                      
0000732f  __TI_zero_init                
0000733b  ResetISR                      
00007351  __aeabi_errno_addr            
00007359  malloc                        
00007361  _system_pre_init              
00007365  C$$EXIT                       
00007365  abort                         
000074c0  _ctypes_                      
000076d8  __TI_Handler_Table_Base       
000076e4  __TI_Handler_Table_Limit      
000076f8  __TI_CINIT_Base               
00007710  __TI_CINIT_Limit              
20000000  __start___llvm_prf_cnts       
20000000  __stop___llvm_prf_cnts        
20000000  g_pfnRAMVectors               
20000270  __stack                       
20000470  __STACK_TOP                   
20001270  __STACK_END                   
20001270  _sys_memory                   
20002270  detected_objects              
20002534  _timeout_ticks                
20002538  motor_cal_factor_L            
2000253c  motor_cal_factor_R            
20002558  last_time                     
2000255c  current_time                  
20002560  update_flag                   
20002564  g_start_time                  
20002568  g_end_time                    
2000256c  g_state                       
2000256d  _running                      
20002570  _lock                         
20002574  _unlock                       
20002580  command_byte                  
20002584  command_flag                  
20002588  object_count                  
2000258c  scan_active                   
2000258d  autonomous_mode               
20002590  errno                         
ffffffff  __TI_pprof_out_hndl           
ffffffff  __TI_prof_data_size           
ffffffff  __TI_prof_data_start          
ffffffff  __binit__                     
ffffffff  __c_args__                    
ffffffff  binit                         
UNDEFED   __mpu_init                    
UNDEFED   _system_post_cinit            

[191 symbols]
