******************************************************************************
                  TI ARM Linker PC v20.2.7                     
******************************************************************************
>> Linked Wed Feb  5 12:05:00 2025

OUTPUT FILE NAME:   <lab1.out>
ENTRY POINT SYMBOL: "_c_int00_noargs"  address: 00002605


MEMORY CONFIGURATION

         name            origin    length      used     unused   attr    fill
----------------------  --------  ---------  --------  --------  ----  --------
  FLASH                 00000000   00040000  00002933  0003d6cd  R  X
  SRAM                  20000000   00008000  000012d9  00006d27  RW X


SEGMENT ALLOCATION MAP

run origin  load origin   length   init length attrs members
----------  ----------- ---------- ----------- ----- -------
00000000    00000000    00002938   00002938    r-x
  00000000    00000000    0000026c   0000026c    r-- .intvecs
  0000026c    0000026c    00002538   00002538    r-x .text
  000027a4    000027a4    0000013f   0000013f    r-- .const
  000028e8    000028e8    00000050   00000050    r-- .cinit
20000000    20000000    000012dd   00000000    rw-
  20000000    20000000    0000026c   00000000    rw- .vtable
  20000270    20000270    00001000   00000000    rw- .stack
  20001270    20001270    00000058   00000000    rw- .bss
  200012c8    200012c8    00000015   00000000    rw- .data


SECTION ALLOCATION MAP

 output                                  attributes/
section   page    origin      length       input sections
--------  ----  ----------  ----------   ----------------
.intvecs   0    00000000    0000026c     
                  00000000    0000026c     tm4c123gh6pm_startup_ccs.obj (.intvecs)

.text      0    0000026c    00002538     
                  0000026c    00000a4e     rtsv7M4_T_le_v4SPD16_eabi.lib : _printfi.c.obj (.text:__TI_printfi)
                  00000cba    00000002                                   : div0.asm.obj (.text)
                  00000cbc    00000328     lcd.obj (.text)
                  00000fe4    00000270     rtsv7M4_T_le_v4SPD16_eabi.lib : _printfi.c.obj (.text:_pconv_a)
                  00001254    00000248     Timer.obj (.text)
                  0000149c    000001d0     rtsv7M4_T_le_v4SPD16_eabi.lib : _printfi.c.obj (.text:_pconv_g)
                  0000166c    000001b6                                   : fd_add_t2.asm.obj (.text)
                  00001822    00000002     --HOLE-- [fill = 0]
                  00001824    0000013c                                   : _printfi.c.obj (.text:_pconv_e)
                  00001960    00000136                                   : fd_div_t2.asm.obj (.text)
                  00001a96    00000002     --HOLE-- [fill = 0]
                  00001a98    00000124                                   : _printfi.c.obj (.text:fcvt)
                  00001bbc    00000110                                   : s_scalbn.c.obj (.text:scalbn)
                  00001ccc    000000fc                                   : fd_mul_t2.asm.obj (.text)
                  00001dc8    000000dc     helloworld.obj (.text)
                  00001ea4    000000b1     rtsv7M4_T_le_v4SPD16_eabi.lib : _printfi.c.obj (.text:_ltostr)
                  00001f55    00000001     --HOLE-- [fill = 0]
                  00001f56    0000009c                                   : memcpy_t2.asm.obj (.text)
                  00001ff2    00000096                                   : ull_div_t2.asm.obj (.text)
                  00002088    00000086                                   : fd_cmp_t2.asm.obj (.text:__aeabi_cdcmple)
                  0000210e    00000086                                   : fd_cmp_t2.asm.obj (.text:__aeabi_cdrcmple)
                  00002194    0000007a                                   : memset_t2.asm.obj (.text)
                  0000220e    0000006e                                   : _printfi.c.obj (.text:_mcpy)
                  0000227c    00000068                                   : copy_decompress_lzss.c.obj (.text:decompress:lzss:__TI_decompress_lzss)
                  000022e4    00000064                                   : s_frexp.c.obj (.text:frexp)
                  00002348    00000056                                   : _printfi.c.obj (.text:_pconv_f)
                  0000239e    00000054                                   : _ltoa.c.obj (.text:__TI_ltoa)
                  000023f2    00000052                                   : _printfi.c.obj (.text:_ecpy)
                  00002444    0000004c                                   : atoi.c.obj (.text:atoi)
                  00002490    00000048                                   : fd_toi_t2.asm.obj (.text)
                  000024d8    00000044                                   : autoinit.c.obj (.text:__TI_auto_init_nobinit_nopinit:__TI_auto_init_nobinit_nopinit)
                  0000251c    00000040                                   : vsnprintf.c.obj (.text:vsnprintf)
                  0000255c    0000003e                                   : _printfi.c.obj (.text:_fcpy)
                  0000259a    00000036                                   : strncpy.c.obj (.text:strncpy)
                  000025d0    00000034     driverlib.lib : interrupt.obj (.text:IntRegister)
                  00002604    00000034     rtsv7M4_T_le_v4SPD16_eabi.lib : boot_cortex_m.c.obj (.text:_c_int00_noargs:_c_int00_noargs)
                  00002638    00000030                                   : vsnprintf.c.obj (.text:_outs)
                  00002668    0000002e                                   : i_tofd_t2.asm.obj (.text)
                  00002696    0000001c                                   : copy_zero_init.c.obj (.text:decompress:ZI:__TI_zero_init_nomemset:__TI_zero_init_nomemset)
                  000026b2    0000001c                                   : memccpy.c.obj (.text:memccpy)
                  000026ce    0000001a                                   : s_copysign.c.obj (.text:copysign)
                  000026e8    00000018                                   : vsnprintf.c.obj (.text:_outc)
                  00002700    00000018                                   : strcmp.c.obj (.text:strcmp)
                  00002718    00000016                                   : strchr.c.obj (.text:strchr)
                  0000272e    00000014                                   : strcpy.c.obj (.text:strcpy)
                  00002742    00000014                                   : strlen.c.obj (.text:strlen)
                  00002756    00000012                                   : wcslen.c.obj (.text:wcslen)
                  00002768    00000010     lcd.obj (.text:lcd_clear)
                  00002778    0000000e     rtsv7M4_T_le_v4SPD16_eabi.lib : copy_decompress_none.c.obj (.text:decompress:none:__TI_decompress_none)
                  00002786    0000000c     tm4c123gh6pm_startup_ccs.obj (.text)
                  00002792    00000002     --HOLE-- [fill = 0]
                  00002794    00000008     rtsv7M4_T_le_v4SPD16_eabi.lib : errno.c.obj (.text:__aeabi_errno_addr)
                  0000279c    00000004                                   : pre_init.c.obj (.text:_system_pre_init)
                  000027a0    00000004                                   : exit.c.obj (.text:abort:abort)

.const     0    000027a4    0000013f     
                  000027a4    00000101     rtsv7M4_T_le_v4SPD16_eabi.lib : ctype.c.obj (.const:.string:_ctypes_)
                  000028a5    00000036     helloworld.obj (.const:.string:$P$T0$5)
                  000028db    00000004     lcd.obj (.const:.string:lineAddress$1)
                  000028df    00000004     lcd.obj (.const:.string:lineAddresses$2)

.cinit     0    000028e8    00000050     
                  000028e8    00000015     (.cinit..data.load) [load image, compression = lzss]
                  000028fd    00000003     --HOLE-- [fill = 0]
                  00002900    0000000c     (__TI_handler_table)
                  0000290c    00000004     --HOLE-- [fill = 0]
                  00002910    00000008     (.cinit..bss.load) [load image, compression = zero_init]
                  00002918    00000008     (.cinit..vtable.load) [load image, compression = zero_init]
                  00002920    00000018     (__TI_cinit_table)

.init_array 
*          0    00000000    00000000     UNINITIALIZED

.vtable    0    20000000    0000026c     UNINITIALIZED
                  20000000    0000026c     driverlib.lib : interrupt.obj (.vtable)

.bss       0    20001270    00000058     UNINITIALIZED
                  20001270    00000054     lcd.obj (.bss:lastbuffer$3)
                  200012c4    00000004     (.common:_timeout_ticks)

.data      0    200012c8    00000015     UNINITIALIZED
                  200012c8    00000010     helloworld.obj (.data)
                  200012d8    00000004     rtsv7M4_T_le_v4SPD16_eabi.lib : errno.c.obj (.data)
                  200012dc    00000001     Timer.obj (.data)

.stack     0    20000270    00001000     UNINITIALIZED
                  20000270    00000004     rtsv7M4_T_le_v4SPD16_eabi.lib : boot_cortex_m.c.obj (.stack)
                  20000274    00000ffc     --HOLE--

__llvm_prf_cnts 
*          0    20000000    00000000     UNINITIALIZED

MODULE SUMMARY

       Module                         code   ro data   rw data
       ------                         ----   -------   -------
    .\
       lcd.obj                        824    8         84     
       tm4c123gh6pm_startup_ccs.obj   12     620       0      
       Timer.obj                      584    0         5      
       helloworld.obj                 220    54        16     
    +--+------------------------------+------+---------+---------+
       Total:                         1640   682       105    
                                                              
    C:/ti/TivaWare_C_Series-2.2.0.295/driverlib/ccs/Debug/driverlib.lib
       interrupt.obj                  52     0         620    
    +--+------------------------------+------+---------+---------+
       Total:                         52     0         620    
                                                              
    C:\ti\ccs1271\ccs\tools\compiler\ti-cgt-arm_20.2.7.LTS\lib\rtsv7M4_T_le_v4SPD16_eabi.lib
       _printfi.c.obj                 4851   0         0      
       fd_add_t2.asm.obj              438    0         0      
       fd_div_t2.asm.obj              310    0         0      
       s_scalbn.c.obj                 272    0         0      
       fd_cmp_t2.asm.obj              268    0         0      
       ctype.c.obj                    0      257       0      
       fd_mul_t2.asm.obj              252    0         0      
       memcpy_t2.asm.obj              156    0         0      
       ull_div_t2.asm.obj             150    0         0      
       vsnprintf.c.obj                136    0         0      
       memset_t2.asm.obj              122    0         0      
       copy_decompress_lzss.c.obj     104    0         0      
       s_frexp.c.obj                  100    0         0      
       _ltoa.c.obj                    84     0         0      
       atoi.c.obj                     76     0         0      
       fd_toi_t2.asm.obj              72     0         0      
       autoinit.c.obj                 68     0         0      
       strncpy.c.obj                  54     0         0      
       boot_cortex_m.c.obj            52     0         0      
       i_tofd_t2.asm.obj              46     0         0      
       copy_zero_init.c.obj           28     0         0      
       memccpy.c.obj                  28     0         0      
       s_copysign.c.obj               26     0         0      
       strcmp.c.obj                   24     0         0      
       strchr.c.obj                   22     0         0      
       strcpy.c.obj                   20     0         0      
       strlen.c.obj                   20     0         0      
       wcslen.c.obj                   18     0         0      
       copy_decompress_none.c.obj     14     0         0      
       errno.c.obj                    8      0         4      
       exit.c.obj                     4      0         0      
       pre_init.c.obj                 4      0         0      
       div0.asm.obj                   2      0         0      
    +--+------------------------------+------+---------+---------+
       Total:                         7829   257       4      
                                                              
       Stack:                         0      0         4096   
       Linker Generated:              0      73        0      
    +--+------------------------------+------+---------+---------+
       Grand Total:                   9521   1012      4825   


LINKER GENERATED COPY TABLES

__TI_cinit_table @ 00002920 records: 3, size/record: 8, table size: 24
	.data: load addr=000028e8, load size=00000015 bytes, run addr=200012c8, run size=00000015 bytes, compression=lzss
	.bss: load addr=00002910, load size=00000008 bytes, run addr=20001270, run size=00000058 bytes, compression=zero_init
	.vtable: load addr=00002918, load size=00000008 bytes, run addr=20000000, run size=0000026c bytes, compression=zero_init


LINKER GENERATED HANDLER TABLE

__TI_handler_table @ 00002900 records: 3, size/record: 4, table size: 12
	index: 0, handler: __TI_zero_init
	index: 1, handler: __TI_decompress_lzss
	index: 2, handler: __TI_decompress_none


GLOBAL SYMBOLS: SORTED ALPHABETICALLY BY Name 

address   name                          
-------   ----                          
000027a1  C$$EXIT                       
000025d1  IntRegister                   
00002787  ResetISR                      
20001270  __STACK_END                   
00001000  __STACK_SIZE                  
20000470  __STACK_TOP                   
00002920  __TI_CINIT_Base               
00002938  __TI_CINIT_Limit              
00002900  __TI_Handler_Table_Base       
0000290c  __TI_Handler_Table_Limit      
000024d9  __TI_auto_init_nobinit_nopinit
0000227d  __TI_decompress_lzss          
00002779  __TI_decompress_none          
0000239f  __TI_ltoa                     
ffffffff  __TI_pprof_out_hndl           
0000026d  __TI_printfi                  
ffffffff  __TI_prof_data_size           
ffffffff  __TI_prof_data_start          
00000000  __TI_static_base__            
00002697  __TI_zero_init_nomemset       
00002089  __aeabi_cdcmpeq               
00002089  __aeabi_cdcmple               
0000210f  __aeabi_cdrcmple              
00002491  __aeabi_d2iz                  
00001677  __aeabi_dadd                  
00001961  __aeabi_ddiv                  
00001ccd  __aeabi_dmul                  
0000166d  __aeabi_dsub                  
00002795  __aeabi_errno_addr            
00002669  __aeabi_i2d                   
00000cbb  __aeabi_idiv0                 
00000cbb  __aeabi_ldiv0                 
00002195  __aeabi_memclr                
00002195  __aeabi_memclr4               
00002195  __aeabi_memclr8               
00001f57  __aeabi_memcpy                
00001f57  __aeabi_memcpy4               
00001f57  __aeabi_memcpy8               
00002197  __aeabi_memset                
00002197  __aeabi_memset4               
00002197  __aeabi_memset8               
00001ff3  __aeabi_uldivmod              
ffffffff  __binit__                     
ffffffff  __c_args__                    
UNDEFED   __mpu_init                    
20000270  __stack                       
20000000  __start___llvm_prf_cnts       
20000000  __stop___llvm_prf_cnts        
00002605  _c_int00_noargs               
000027a4  _ctypes_                      
200012dc  _running                      
UNDEFED   _system_post_cinit            
0000279d  _system_pre_init              
200012c4  _timeout_ticks                
000027a1  abort                         
00002445  atoi                          
ffffffff  binit                         
000026cf  copysign                      
000026cf  copysignl                     
200012d8  errno                         
000022e5  frexp                         
000022e5  frexpl                        
20000000  g_pfnRAMVectors               
00000000  g_pfnVectors                  
00002769  lcd_clear                     
00000e91  lcd_gotoLine                  
00000cf9  lcd_init                      
00000ef7  lcd_printf                    
00000db9  lcd_putc                      
00000df1  lcd_puts                      
00000cbd  lcd_reverseNibble             
00000e0f  lcd_sendCommand               
00000e4d  lcd_sendNibble                
00000eb9  lcd_setCursorPos              
00001bbd  ldexp                         
00001bbd  ldexpl                        
00001dc9  main                          
000026b3  memccpy                       
00001f57  memcpy                        
0000219d  memset                        
00001bbd  scalbn                        
00001bbd  scalbnl                       
00002719  strchr                        
00002701  strcmp                        
0000272f  strcpy                        
00002743  strlen                        
0000259b  strncpy                       
00001373  timer_getMicros               
0000131b  timer_getMillis               
00001255  timer_init                    
000012f7  timer_pause                   
00001309  timer_resume                  
000012cd  timer_stop                    
000013cd  timer_waitMicros              
000013ff  timer_waitMillis              
0000251d  vsnprintf                     
00002757  wcslen                        


GLOBAL SYMBOLS: SORTED BY Symbol Address 

address   name                          
-------   ----                          
00000000  __TI_static_base__            
00000000  g_pfnVectors                  
0000026d  __TI_printfi                  
00000cbb  __aeabi_idiv0                 
00000cbb  __aeabi_ldiv0                 
00000cbd  lcd_reverseNibble             
00000cf9  lcd_init                      
00000db9  lcd_putc                      
00000df1  lcd_puts                      
00000e0f  lcd_sendCommand               
00000e4d  lcd_sendNibble                
00000e91  lcd_gotoLine                  
00000eb9  lcd_setCursorPos              
00000ef7  lcd_printf                    
00001000  __STACK_SIZE                  
00001255  timer_init                    
000012cd  timer_stop                    
000012f7  timer_pause                   
00001309  timer_resume                  
0000131b  timer_getMillis               
00001373  timer_getMicros               
000013cd  timer_waitMicros              
000013ff  timer_waitMillis              
0000166d  __aeabi_dsub                  
00001677  __aeabi_dadd                  
00001961  __aeabi_ddiv                  
00001bbd  ldexp                         
00001bbd  ldexpl                        
00001bbd  scalbn                        
00001bbd  scalbnl                       
00001ccd  __aeabi_dmul                  
00001dc9  main                          
00001f57  __aeabi_memcpy                
00001f57  __aeabi_memcpy4               
00001f57  __aeabi_memcpy8               
00001f57  memcpy                        
00001ff3  __aeabi_uldivmod              
00002089  __aeabi_cdcmpeq               
00002089  __aeabi_cdcmple               
0000210f  __aeabi_cdrcmple              
00002195  __aeabi_memclr                
00002195  __aeabi_memclr4               
00002195  __aeabi_memclr8               
00002197  __aeabi_memset                
00002197  __aeabi_memset4               
00002197  __aeabi_memset8               
0000219d  memset                        
0000227d  __TI_decompress_lzss          
000022e5  frexp                         
000022e5  frexpl                        
0000239f  __TI_ltoa                     
00002445  atoi                          
00002491  __aeabi_d2iz                  
000024d9  __TI_auto_init_nobinit_nopinit
0000251d  vsnprintf                     
0000259b  strncpy                       
000025d1  IntRegister                   
00002605  _c_int00_noargs               
00002669  __aeabi_i2d                   
00002697  __TI_zero_init_nomemset       
000026b3  memccpy                       
000026cf  copysign                      
000026cf  copysignl                     
00002701  strcmp                        
00002719  strchr                        
0000272f  strcpy                        
00002743  strlen                        
00002757  wcslen                        
00002769  lcd_clear                     
00002779  __TI_decompress_none          
00002787  ResetISR                      
00002795  __aeabi_errno_addr            
0000279d  _system_pre_init              
000027a1  C$$EXIT                       
000027a1  abort                         
000027a4  _ctypes_                      
00002900  __TI_Handler_Table_Base       
0000290c  __TI_Handler_Table_Limit      
00002920  __TI_CINIT_Base               
00002938  __TI_CINIT_Limit              
20000000  __start___llvm_prf_cnts       
20000000  __stop___llvm_prf_cnts        
20000000  g_pfnRAMVectors               
20000270  __stack                       
20000470  __STACK_TOP                   
20001270  __STACK_END                   
200012c4  _timeout_ticks                
200012d8  errno                         
200012dc  _running                      
ffffffff  __TI_pprof_out_hndl           
ffffffff  __TI_prof_data_size           
ffffffff  __TI_prof_data_start          
ffffffff  __binit__                     
ffffffff  __c_args__                    
ffffffff  binit                         
UNDEFED   __mpu_init                    
UNDEFED   _system_post_cinit            

[97 symbols]
