<?xml version="1.0" encoding="ISO-8859-1" ?>
<link_info>
   <banner>TI ARM Linker PC v20.2.7.LTS</banner>
   <copyright>Copyright (c) 1996-2018 Texas Instruments Incorporated</copyright>
   <link_time>0x67abd254</link_time>
   <link_errors>0x0</link_errors>
   <output_file>lab2.out</output_file>
   <entry_point>
      <name>_c_int00_noargs</name>
      <address>0x37e9</address>
   </entry_point>
   <input_file_list>
      <input_file id="fl-2">
         <path>.\</path>
         <kind>object</kind>
         <file>Timer.obj</file>
         <name>Timer.obj</name>
      </input_file>
      <input_file id="fl-3">
         <path>.\</path>
         <kind>object</kind>
         <file>lcd.obj</file>
         <name>lcd.obj</name>
      </input_file>
      <input_file id="fl-4">
         <path>.\</path>
         <kind>object</kind>
         <file>main.obj</file>
         <name>main.obj</name>
      </input_file>
      <input_file id="fl-5">
         <path>.\</path>
         <kind>object</kind>
         <file>movement.obj</file>
         <name>movement.obj</name>
      </input_file>
      <input_file id="fl-6">
         <path>.\</path>
         <kind>object</kind>
         <file>open_interface.obj</file>
         <name>open_interface.obj</name>
      </input_file>
      <input_file id="fl-7">
         <path>.\</path>
         <kind>object</kind>
         <file>tm4c123gh6pm_startup_ccs.obj</file>
         <name>tm4c123gh6pm_startup_ccs.obj</name>
      </input_file>
      <input_file id="fl-c">
         <kind>object</kind>
         <file>&lt;internal&gt;</file>
         <name>&lt;internal&gt;</name>
      </input_file>
      <input_file id="fl-c2">
         <path>C:\ti\ccs1271\ccs\tools\compiler\ti-cgt-arm_20.2.7.LTS\lib\</path>
         <kind>archive</kind>
         <file>rtsv7M4_T_le_v4SPD16_eabi.lib</file>
         <name>vsnprintf.c.obj</name>
      </input_file>
      <input_file id="fl-c3">
         <path>C:\ti\ccs1271\ccs\tools\compiler\ti-cgt-arm_20.2.7.LTS\lib\</path>
         <kind>archive</kind>
         <file>rtsv7M4_T_le_v4SPD16_eabi.lib</file>
         <name>fd_add_t2.asm.obj</name>
      </input_file>
      <input_file id="fl-c4">
         <path>C:\ti\ccs1271\ccs\tools\compiler\ti-cgt-arm_20.2.7.LTS\lib\</path>
         <kind>archive</kind>
         <file>rtsv7M4_T_le_v4SPD16_eabi.lib</file>
         <name>fd_cmp_t2.asm.obj</name>
      </input_file>
      <input_file id="fl-c5">
         <path>C:\ti\ccs1271\ccs\tools\compiler\ti-cgt-arm_20.2.7.LTS\lib\</path>
         <kind>archive</kind>
         <file>rtsv7M4_T_le_v4SPD16_eabi.lib</file>
         <name>fd_div_t2.asm.obj</name>
      </input_file>
      <input_file id="fl-c6">
         <path>C:\ti\ccs1271\ccs\tools\compiler\ti-cgt-arm_20.2.7.LTS\lib\</path>
         <kind>archive</kind>
         <file>rtsv7M4_T_le_v4SPD16_eabi.lib</file>
         <name>fd_mul_t2.asm.obj</name>
      </input_file>
      <input_file id="fl-c7">
         <path>C:\ti\ccs1271\ccs\tools\compiler\ti-cgt-arm_20.2.7.LTS\lib\</path>
         <kind>archive</kind>
         <file>rtsv7M4_T_le_v4SPD16_eabi.lib</file>
         <name>fd_toi_t2.asm.obj</name>
      </input_file>
      <input_file id="fl-c8">
         <path>C:\ti\ccs1271\ccs\tools\compiler\ti-cgt-arm_20.2.7.LTS\lib\</path>
         <kind>archive</kind>
         <file>rtsv7M4_T_le_v4SPD16_eabi.lib</file>
         <name>fd_tos_t2.asm.obj</name>
      </input_file>
      <input_file id="fl-c9">
         <path>C:\ti\ccs1271\ccs\tools\compiler\ti-cgt-arm_20.2.7.LTS\lib\</path>
         <kind>archive</kind>
         <file>rtsv7M4_T_le_v4SPD16_eabi.lib</file>
         <name>fs_tod_t2.asm.obj</name>
      </input_file>
      <input_file id="fl-ca">
         <path>C:\ti\ccs1271\ccs\tools\compiler\ti-cgt-arm_20.2.7.LTS\lib\</path>
         <kind>archive</kind>
         <file>rtsv7M4_T_le_v4SPD16_eabi.lib</file>
         <name>i_tofd_t2.asm.obj</name>
      </input_file>
      <input_file id="fl-cb">
         <path>C:\ti\ccs1271\ccs\tools\compiler\ti-cgt-arm_20.2.7.LTS\lib\</path>
         <kind>archive</kind>
         <file>rtsv7M4_T_le_v4SPD16_eabi.lib</file>
         <name>memcpy_t2.asm.obj</name>
      </input_file>
      <input_file id="fl-cc">
         <path>C:\ti\ccs1271\ccs\tools\compiler\ti-cgt-arm_20.2.7.LTS\lib\</path>
         <kind>archive</kind>
         <file>rtsv7M4_T_le_v4SPD16_eabi.lib</file>
         <name>copy_zero_init.c.obj</name>
      </input_file>
      <input_file id="fl-cd">
         <path>C:\ti\ccs1271\ccs\tools\compiler\ti-cgt-arm_20.2.7.LTS\lib\</path>
         <kind>archive</kind>
         <file>rtsv7M4_T_le_v4SPD16_eabi.lib</file>
         <name>copy_decompress_none.c.obj</name>
      </input_file>
      <input_file id="fl-ce">
         <path>C:\ti\ccs1271\ccs\tools\compiler\ti-cgt-arm_20.2.7.LTS\lib\</path>
         <kind>archive</kind>
         <file>rtsv7M4_T_le_v4SPD16_eabi.lib</file>
         <name>copy_decompress_lzss.c.obj</name>
      </input_file>
      <input_file id="fl-cf">
         <path>C:\ti\ccs1271\ccs\tools\compiler\ti-cgt-arm_20.2.7.LTS\lib\</path>
         <kind>archive</kind>
         <file>rtsv7M4_T_le_v4SPD16_eabi.lib</file>
         <name>memory.c.obj</name>
      </input_file>
      <input_file id="fl-d0">
         <path>C:\ti\ccs1271\ccs\tools\compiler\ti-cgt-arm_20.2.7.LTS\lib\</path>
         <kind>archive</kind>
         <file>rtsv7M4_T_le_v4SPD16_eabi.lib</file>
         <name>strcmp.c.obj</name>
      </input_file>
      <input_file id="fl-d1">
         <path>C:\ti\ccs1271\ccs\tools\compiler\ti-cgt-arm_20.2.7.LTS\lib\</path>
         <kind>archive</kind>
         <file>rtsv7M4_T_le_v4SPD16_eabi.lib</file>
         <name>strcpy.c.obj</name>
      </input_file>
      <input_file id="fl-d2">
         <path>C:\ti\ccs1271\ccs\tools\compiler\ti-cgt-arm_20.2.7.LTS\lib\</path>
         <kind>archive</kind>
         <file>rtsv7M4_T_le_v4SPD16_eabi.lib</file>
         <name>boot_cortex_m.c.obj</name>
      </input_file>
      <input_file id="fl-d3">
         <path>C:\ti\ccs1271\ccs\tools\compiler\ti-cgt-arm_20.2.7.LTS\lib\</path>
         <kind>archive</kind>
         <file>rtsv7M4_T_le_v4SPD16_eabi.lib</file>
         <name>_printfi.c.obj</name>
      </input_file>
      <input_file id="fl-d4">
         <path>C:\ti\ccs1271\ccs\tools\compiler\ti-cgt-arm_20.2.7.LTS\lib\</path>
         <kind>archive</kind>
         <file>rtsv7M4_T_le_v4SPD16_eabi.lib</file>
         <name>memset_t2.asm.obj</name>
      </input_file>
      <input_file id="fl-d5">
         <path>C:\ti\ccs1271\ccs\tools\compiler\ti-cgt-arm_20.2.7.LTS\lib\</path>
         <kind>archive</kind>
         <file>rtsv7M4_T_le_v4SPD16_eabi.lib</file>
         <name>ull_div_t2.asm.obj</name>
      </input_file>
      <input_file id="fl-d6">
         <path>C:\ti\ccs1271\ccs\tools\compiler\ti-cgt-arm_20.2.7.LTS\lib\</path>
         <kind>archive</kind>
         <file>rtsv7M4_T_le_v4SPD16_eabi.lib</file>
         <name>autoinit.c.obj</name>
      </input_file>
      <input_file id="fl-d7">
         <path>C:\ti\ccs1271\ccs\tools\compiler\ti-cgt-arm_20.2.7.LTS\lib\</path>
         <kind>archive</kind>
         <file>rtsv7M4_T_le_v4SPD16_eabi.lib</file>
         <name>pre_init.c.obj</name>
      </input_file>
      <input_file id="fl-d8">
         <path>C:\ti\ccs1271\ccs\tools\compiler\ti-cgt-arm_20.2.7.LTS\lib\</path>
         <kind>archive</kind>
         <file>rtsv7M4_T_le_v4SPD16_eabi.lib</file>
         <name>cpy_tbl.c.obj</name>
      </input_file>
      <input_file id="fl-d9">
         <path>C:\ti\ccs1271\ccs\tools\compiler\ti-cgt-arm_20.2.7.LTS\lib\</path>
         <kind>archive</kind>
         <file>rtsv7M4_T_le_v4SPD16_eabi.lib</file>
         <name>exit.c.obj</name>
      </input_file>
      <input_file id="fl-da">
         <path>C:\ti\ccs1271\ccs\tools\compiler\ti-cgt-arm_20.2.7.LTS\lib\</path>
         <kind>archive</kind>
         <file>rtsv7M4_T_le_v4SPD16_eabi.lib</file>
         <name>_lock.c.obj</name>
      </input_file>
      <input_file id="fl-db">
         <path>C:\ti\ccs1271\ccs\tools\compiler\ti-cgt-arm_20.2.7.LTS\lib\</path>
         <kind>archive</kind>
         <file>rtsv7M4_T_le_v4SPD16_eabi.lib</file>
         <name>_ltoa.c.obj</name>
      </input_file>
      <input_file id="fl-dc">
         <path>C:\ti\ccs1271\ccs\tools\compiler\ti-cgt-arm_20.2.7.LTS\lib\</path>
         <kind>archive</kind>
         <file>rtsv7M4_T_le_v4SPD16_eabi.lib</file>
         <name>args_main.c.obj</name>
      </input_file>
      <input_file id="fl-dd">
         <path>C:\ti\ccs1271\ccs\tools\compiler\ti-cgt-arm_20.2.7.LTS\lib\</path>
         <kind>archive</kind>
         <file>rtsv7M4_T_le_v4SPD16_eabi.lib</file>
         <name>atoi.c.obj</name>
      </input_file>
      <input_file id="fl-de">
         <path>C:\ti\ccs1271\ccs\tools\compiler\ti-cgt-arm_20.2.7.LTS\lib\</path>
         <kind>archive</kind>
         <file>rtsv7M4_T_le_v4SPD16_eabi.lib</file>
         <name>ctype.c.obj</name>
      </input_file>
      <input_file id="fl-df">
         <path>C:\ti\ccs1271\ccs\tools\compiler\ti-cgt-arm_20.2.7.LTS\lib\</path>
         <kind>archive</kind>
         <file>rtsv7M4_T_le_v4SPD16_eabi.lib</file>
         <name>memccpy.c.obj</name>
      </input_file>
      <input_file id="fl-e0">
         <path>C:\ti\ccs1271\ccs\tools\compiler\ti-cgt-arm_20.2.7.LTS\lib\</path>
         <kind>archive</kind>
         <file>rtsv7M4_T_le_v4SPD16_eabi.lib</file>
         <name>strchr.c.obj</name>
      </input_file>
      <input_file id="fl-e1">
         <path>C:\ti\ccs1271\ccs\tools\compiler\ti-cgt-arm_20.2.7.LTS\lib\</path>
         <kind>archive</kind>
         <file>rtsv7M4_T_le_v4SPD16_eabi.lib</file>
         <name>strlen.c.obj</name>
      </input_file>
      <input_file id="fl-e2">
         <path>C:\ti\ccs1271\ccs\tools\compiler\ti-cgt-arm_20.2.7.LTS\lib\</path>
         <kind>archive</kind>
         <file>rtsv7M4_T_le_v4SPD16_eabi.lib</file>
         <name>errno.c.obj</name>
      </input_file>
      <input_file id="fl-e3">
         <path>C:\ti\ccs1271\ccs\tools\compiler\ti-cgt-arm_20.2.7.LTS\lib\</path>
         <kind>archive</kind>
         <file>rtsv7M4_T_le_v4SPD16_eabi.lib</file>
         <name>wcslen.c.obj</name>
      </input_file>
      <input_file id="fl-e4">
         <path>C:\ti\ccs1271\ccs\tools\compiler\ti-cgt-arm_20.2.7.LTS\lib\</path>
         <kind>archive</kind>
         <file>rtsv7M4_T_le_v4SPD16_eabi.lib</file>
         <name>s_frexp.c.obj</name>
      </input_file>
      <input_file id="fl-e5">
         <path>C:\ti\ccs1271\ccs\tools\compiler\ti-cgt-arm_20.2.7.LTS\lib\</path>
         <kind>archive</kind>
         <file>rtsv7M4_T_le_v4SPD16_eabi.lib</file>
         <name>s_scalbn.c.obj</name>
      </input_file>
      <input_file id="fl-e6">
         <path>C:\ti\ccs1271\ccs\tools\compiler\ti-cgt-arm_20.2.7.LTS\lib\</path>
         <kind>archive</kind>
         <file>rtsv7M4_T_le_v4SPD16_eabi.lib</file>
         <name>div0.asm.obj</name>
      </input_file>
      <input_file id="fl-e7">
         <path>C:\ti\ccs1271\ccs\tools\compiler\ti-cgt-arm_20.2.7.LTS\lib\</path>
         <kind>archive</kind>
         <file>rtsv7M4_T_le_v4SPD16_eabi.lib</file>
         <name>s_copysign.c.obj</name>
      </input_file>
      <input_file id="fl-e8">
         <path>C:\ti\TivaWare_C_Series-2.2.0.295\driverlib\ccs\Debug\</path>
         <kind>archive</kind>
         <file>driverlib.lib</file>
         <name>interrupt.obj</name>
      </input_file>
      <input_file id="fl-e9">
         <path>C:\ti\TivaWare_C_Series-2.2.0.295\driverlib\ccs\Debug\</path>
         <kind>archive</kind>
         <file>driverlib.lib</file>
         <name>cpu.obj</name>
      </input_file>
   </input_file_list>
   <object_component_list>
      <object_component id="oc-12">
         <name>.intvecs</name>
         <load_address>0x0</load_address>
         <run_address>0x0</run_address>
         <size>0x26c</size>
         <input_file_ref idref="fl-7"/>
      </object_component>
      <object_component id="oc-d7">
         <name>.text</name>
         <load_address>0x26c</load_address>
         <run_address>0x26c</run_address>
         <size>0xc20</size>
         <input_file_ref idref="fl-6"/>
      </object_component>
      <object_component id="oc-263">
         <name>.text:__TI_printfi</name>
         <load_address>0xe8c</load_address>
         <run_address>0xe8c</run_address>
         <size>0xa4e</size>
         <input_file_ref idref="fl-d3"/>
      </object_component>
      <object_component id="oc-225">
         <name>.text:_nop</name>
         <load_address>0x18da</load_address>
         <run_address>0x18da</run_address>
         <size>0x2</size>
         <input_file_ref idref="fl-da"/>
      </object_component>
      <object_component id="oc-183">
         <name>.text</name>
         <load_address>0x18dc</load_address>
         <run_address>0x18dc</run_address>
         <size>0x328</size>
         <input_file_ref idref="fl-3"/>
      </object_component>
      <object_component id="oc-2c1">
         <name>.text:_pconv_a</name>
         <load_address>0x1c04</load_address>
         <run_address>0x1c04</run_address>
         <size>0x270</size>
         <input_file_ref idref="fl-d3"/>
      </object_component>
      <object_component id="oc-13b">
         <name>.text</name>
         <load_address>0x1e74</load_address>
         <run_address>0x1e74</run_address>
         <size>0x248</size>
         <input_file_ref idref="fl-2"/>
      </object_component>
      <object_component id="oc-e7">
         <name>.text</name>
         <load_address>0x20bc</load_address>
         <run_address>0x20bc</run_address>
         <size>0x22c</size>
         <input_file_ref idref="fl-5"/>
      </object_component>
      <object_component id="oc-2af">
         <name>.text:_pconv_g</name>
         <load_address>0x22e8</load_address>
         <run_address>0x22e8</run_address>
         <size>0x1d0</size>
         <input_file_ref idref="fl-d3"/>
      </object_component>
      <object_component id="oc-e2">
         <name>.text</name>
         <load_address>0x24b8</load_address>
         <run_address>0x24b8</run_address>
         <size>0x1b6</size>
         <input_file_ref idref="fl-c3"/>
      </object_component>
      <object_component id="oc-34e">
         <name>.text</name>
         <load_address>0x266e</load_address>
         <run_address>0x266e</run_address>
         <size>0x2</size>
         <input_file_ref idref="fl-e6"/>
      </object_component>
      <object_component id="oc-a2">
         <name>.text</name>
         <load_address>0x2670</load_address>
         <run_address>0x2670</run_address>
         <size>0x174</size>
         <input_file_ref idref="fl-4"/>
      </object_component>
      <object_component id="oc-2bb">
         <name>.text:_pconv_e</name>
         <load_address>0x27e4</load_address>
         <run_address>0x27e4</run_address>
         <size>0x13c</size>
         <input_file_ref idref="fl-d3"/>
      </object_component>
      <object_component id="oc-162">
         <name>.text</name>
         <load_address>0x2920</load_address>
         <run_address>0x2920</run_address>
         <size>0x136</size>
         <input_file_ref idref="fl-c5"/>
      </object_component>
      <object_component id="oc-30c">
         <name>.text:fcvt</name>
         <load_address>0x2a58</load_address>
         <run_address>0x2a58</run_address>
         <size>0x124</size>
         <input_file_ref idref="fl-d3"/>
      </object_component>
      <object_component id="oc-320">
         <name>.text:scalbn</name>
         <load_address>0x2b7c</load_address>
         <run_address>0x2b7c</run_address>
         <size>0x110</size>
         <input_file_ref idref="fl-e5"/>
      </object_component>
      <object_component id="oc-244">
         <name>.text:aligned_alloc</name>
         <load_address>0x2c8c</load_address>
         <run_address>0x2c8c</run_address>
         <size>0x100</size>
         <input_file_ref idref="fl-cf"/>
      </object_component>
      <object_component id="oc-15d">
         <name>.text</name>
         <load_address>0x2d8c</load_address>
         <run_address>0x2d8c</run_address>
         <size>0xfc</size>
         <input_file_ref idref="fl-c6"/>
      </object_component>
      <object_component id="oc-135">
         <name>.text:free</name>
         <load_address>0x2e88</load_address>
         <run_address>0x2e88</run_address>
         <size>0xe4</size>
         <input_file_ref idref="fl-cf"/>
      </object_component>
      <object_component id="oc-2a9">
         <name>.text:_ltostr</name>
         <load_address>0x2f6c</load_address>
         <run_address>0x2f6c</run_address>
         <size>0xb1</size>
         <input_file_ref idref="fl-d3"/>
      </object_component>
      <object_component id="oc-3e">
         <name>.text</name>
         <load_address>0x301e</load_address>
         <run_address>0x301e</run_address>
         <size>0x9c</size>
         <input_file_ref idref="fl-cb"/>
      </object_component>
      <object_component id="oc-2f3">
         <name>.text</name>
         <load_address>0x30ba</load_address>
         <run_address>0x30ba</run_address>
         <size>0x96</size>
         <input_file_ref idref="fl-d5"/>
      </object_component>
      <object_component id="oc-dd">
         <name>.text:__aeabi_cdcmple</name>
         <load_address>0x3150</load_address>
         <run_address>0x3150</run_address>
         <size>0x86</size>
         <input_file_ref idref="fl-c4"/>
      </object_component>
      <object_component id="oc-18e">
         <name>.text:__aeabi_cdrcmple</name>
         <load_address>0x31d6</load_address>
         <run_address>0x31d6</run_address>
         <size>0x86</size>
         <input_file_ref idref="fl-c4"/>
      </object_component>
      <object_component id="oc-96">
         <name>.text</name>
         <load_address>0x325c</load_address>
         <run_address>0x325c</run_address>
         <size>0x7a</size>
         <input_file_ref idref="fl-d4"/>
      </object_component>
      <object_component id="oc-294">
         <name>.text:split</name>
         <load_address>0x32d8</load_address>
         <run_address>0x32d8</run_address>
         <size>0x70</size>
         <input_file_ref idref="fl-cf"/>
      </object_component>
      <object_component id="oc-305">
         <name>.text:_mcpy</name>
         <load_address>0x3348</load_address>
         <run_address>0x3348</run_address>
         <size>0x6e</size>
         <input_file_ref idref="fl-d3"/>
      </object_component>
      <object_component id="oc-16f">
         <name>.text</name>
         <load_address>0x33b6</load_address>
         <run_address>0x33b6</run_address>
         <size>0x6e</size>
         <input_file_ref idref="fl-c8"/>
      </object_component>
      <object_component id="oc-15">
         <name>.text:decompress:lzss:__TI_decompress_lzss</name>
         <load_address>0x3424</load_address>
         <run_address>0x3424</run_address>
         <size>0x68</size>
         <input_file_ref idref="fl-ce"/>
      </object_component>
      <object_component id="oc-31a">
         <name>.text:frexp</name>
         <load_address>0x348c</load_address>
         <run_address>0x348c</run_address>
         <size>0x64</size>
         <input_file_ref idref="fl-e4"/>
      </object_component>
      <object_component id="oc-2b5">
         <name>.text:_pconv_f</name>
         <load_address>0x34f0</load_address>
         <run_address>0x34f0</run_address>
         <size>0x56</size>
         <input_file_ref idref="fl-d3"/>
      </object_component>
      <object_component id="oc-2f9">
         <name>.text:__TI_ltoa</name>
         <load_address>0x3546</load_address>
         <run_address>0x3546</run_address>
         <size>0x54</size>
         <input_file_ref idref="fl-db"/>
      </object_component>
      <object_component id="oc-2ff">
         <name>.text:_ecpy</name>
         <load_address>0x359a</load_address>
         <run_address>0x359a</run_address>
         <size>0x52</size>
         <input_file_ref idref="fl-d3"/>
      </object_component>
      <object_component id="oc-2a3">
         <name>.text:atoi</name>
         <load_address>0x35ec</load_address>
         <run_address>0x35ec</run_address>
         <size>0x4c</size>
         <input_file_ref idref="fl-dd"/>
      </object_component>
      <object_component id="oc-189">
         <name>.text</name>
         <load_address>0x3638</load_address>
         <run_address>0x3638</run_address>
         <size>0x48</size>
         <input_file_ref idref="fl-c7"/>
      </object_component>
      <object_component id="oc-fb">
         <name>.text:__TI_auto_init_nobinit_nopinit:__TI_auto_init_nobinit_nopinit</name>
         <load_address>0x3680</load_address>
         <run_address>0x3680</run_address>
         <size>0x44</size>
         <input_file_ref idref="fl-d6"/>
      </object_component>
      <object_component id="oc-207">
         <name>.text:vsnprintf</name>
         <load_address>0x36c4</load_address>
         <run_address>0x36c4</run_address>
         <size>0x40</size>
         <input_file_ref idref="fl-c2"/>
      </object_component>
      <object_component id="oc-312">
         <name>.text:_fcpy</name>
         <load_address>0x3704</load_address>
         <run_address>0x3704</run_address>
         <size>0x3e</size>
         <input_file_ref idref="fl-d3"/>
      </object_component>
      <object_component id="oc-12f">
         <name>.text:calloc</name>
         <load_address>0x3744</load_address>
         <run_address>0x3744</run_address>
         <size>0x38</size>
         <input_file_ref idref="fl-cf"/>
      </object_component>
      <object_component id="oc-174">
         <name>.text</name>
         <load_address>0x377c</load_address>
         <run_address>0x377c</run_address>
         <size>0x38</size>
         <input_file_ref idref="fl-c9"/>
      </object_component>
      <object_component id="oc-14e">
         <name>.text:IntRegister</name>
         <load_address>0x37b4</load_address>
         <run_address>0x37b4</run_address>
         <size>0x34</size>
         <input_file_ref idref="fl-e8"/>
      </object_component>
      <object_component id="oc-5c">
         <name>.text:_c_int00_noargs:_c_int00_noargs</name>
         <load_address>0x37e8</load_address>
         <run_address>0x37e8</run_address>
         <size>0x34</size>
         <input_file_ref idref="fl-d2"/>
      </object_component>
      <object_component id="oc-269">
         <name>.text:_outs</name>
         <load_address>0x381c</load_address>
         <run_address>0x381c</run_address>
         <size>0x30</size>
         <input_file_ref idref="fl-c2"/>
      </object_component>
      <object_component id="oc-167">
         <name>.text</name>
         <load_address>0x384c</load_address>
         <run_address>0x384c</run_address>
         <size>0x2e</size>
         <input_file_ref idref="fl-ca"/>
      </object_component>
      <object_component id="oc-1d1">
         <name>.text:free_list_insert</name>
         <load_address>0x387c</load_address>
         <run_address>0x387c</run_address>
         <size>0x28</size>
         <input_file_ref idref="fl-cf"/>
      </object_component>
      <object_component id="oc-4a">
         <name>.text:decompress:ZI:__TI_zero_init_nomemset:__TI_zero_init_nomemset</name>
         <load_address>0x38a4</load_address>
         <run_address>0x38a4</run_address>
         <size>0x1c</size>
         <input_file_ref idref="fl-cc"/>
      </object_component>
      <object_component id="oc-1cb">
         <name>.text:free_list_remove</name>
         <load_address>0x38c0</load_address>
         <run_address>0x38c0</run_address>
         <size>0x1c</size>
         <input_file_ref idref="fl-cf"/>
      </object_component>
      <object_component id="oc-2c7">
         <name>.text:memccpy</name>
         <load_address>0x38dc</load_address>
         <run_address>0x38dc</run_address>
         <size>0x1c</size>
         <input_file_ref idref="fl-df"/>
      </object_component>
      <object_component id="oc-361">
         <name>.text:copysign</name>
         <load_address>0x38f8</load_address>
         <run_address>0x38f8</run_address>
         <size>0x1a</size>
         <input_file_ref idref="fl-e7"/>
      </object_component>
      <object_component id="oc-26f">
         <name>.text:_outc</name>
         <load_address>0x3912</load_address>
         <run_address>0x3912</run_address>
         <size>0x18</size>
         <input_file_ref idref="fl-c2"/>
      </object_component>
      <object_component id="oc-141">
         <name>.text:oi_parseInt</name>
         <load_address>0x392a</load_address>
         <run_address>0x392a</run_address>
         <size>0x18</size>
         <input_file_ref idref="fl-6"/>
      </object_component>
      <object_component id="oc-148">
         <name>.text:strcmp</name>
         <load_address>0x3942</load_address>
         <run_address>0x3942</run_address>
         <size>0x18</size>
         <input_file_ref idref="fl-d0"/>
      </object_component>
      <object_component id="oc-326">
         <name>.text:strchr</name>
         <load_address>0x395a</load_address>
         <run_address>0x395a</run_address>
         <size>0x16</size>
         <input_file_ref idref="fl-e0"/>
      </object_component>
      <object_component id="oc-20d">
         <name>.text:strcpy</name>
         <load_address>0x3970</load_address>
         <run_address>0x3970</run_address>
         <size>0x14</size>
         <input_file_ref idref="fl-d1"/>
      </object_component>
      <object_component id="oc-29d">
         <name>.text:strlen</name>
         <load_address>0x3984</load_address>
         <run_address>0x3984</run_address>
         <size>0x14</size>
         <input_file_ref idref="fl-e1"/>
      </object_component>
      <object_component id="oc-2cd">
         <name>.text:wcslen</name>
         <load_address>0x3998</load_address>
         <run_address>0x3998</run_address>
         <size>0x12</size>
         <input_file_ref idref="fl-e3"/>
      </object_component>
      <object_component id="oc-154">
         <name>.text:IntMasterEnable</name>
         <load_address>0x39aa</load_address>
         <run_address>0x39aa</run_address>
         <size>0x10</size>
         <input_file_ref idref="fl-e8"/>
      </object_component>
      <object_component id="oc-200">
         <name>.text:lcd_clear</name>
         <load_address>0x39ba</load_address>
         <run_address>0x39ba</run_address>
         <size>0x10</size>
         <input_file_ref idref="fl-3"/>
      </object_component>
      <object_component id="oc-1b">
         <name>.text:decompress:none:__TI_decompress_none</name>
         <load_address>0x39ca</load_address>
         <run_address>0x39ca</run_address>
         <size>0xe</size>
         <input_file_ref idref="fl-cd"/>
      </object_component>
      <object_component id="oc-1e9">
         <name>.text:CPUcpsie</name>
         <load_address>0x39d8</load_address>
         <run_address>0x39d8</run_address>
         <size>0xc</size>
         <input_file_ref idref="fl-e9"/>
      </object_component>
      <object_component id="oc-2a">
         <name>.text</name>
         <load_address>0x39e4</load_address>
         <run_address>0x39e4</run_address>
         <size>0xc</size>
         <input_file_ref idref="fl-7"/>
      </object_component>
      <object_component id="oc-2d3">
         <name>.text:__aeabi_errno_addr</name>
         <load_address>0x39f0</load_address>
         <run_address>0x39f0</run_address>
         <size>0x8</size>
         <input_file_ref idref="fl-e2"/>
      </object_component>
      <object_component id="oc-1c4">
         <name>.text:malloc</name>
         <load_address>0x39f8</load_address>
         <run_address>0x39f8</run_address>
         <size>0x8</size>
         <input_file_ref idref="fl-cf"/>
      </object_component>
      <object_component id="oc-9c">
         <name>.text:_system_pre_init</name>
         <load_address>0x3a00</load_address>
         <run_address>0x3a00</run_address>
         <size>0x4</size>
         <input_file_ref idref="fl-d7"/>
      </object_component>
      <object_component id="oc-ef">
         <name>.text:abort:abort</name>
         <load_address>0x3a04</load_address>
         <run_address>0x3a04</run_address>
         <size>0x4</size>
         <input_file_ref idref="fl-d9"/>
      </object_component>
      <object_component id="oc-2ee">
         <name>.const:.string:_ctypes_</name>
         <load_address>0x3a08</load_address>
         <run_address>0x3a08</run_address>
         <size>0x101</size>
         <input_file_ref idref="fl-de"/>
      </object_component>
      <object_component id="oc-16c">
         <name>.const:.string:$P$T0$3</name>
         <load_address>0x3b09</load_address>
         <run_address>0x3b09</run_address>
         <size>0xf</size>
         <input_file_ref idref="fl-6"/>
      </object_component>
      <object_component id="oc-193">
         <name>.const:.string:$P$T0$1</name>
         <load_address>0x3b18</load_address>
         <run_address>0x3b18</run_address>
         <size>0xe</size>
         <input_file_ref idref="fl-5"/>
      </object_component>
      <object_component id="oc-213">
         <name>.const:.string:lineAddress$1</name>
         <load_address>0x3b26</load_address>
         <run_address>0x3b26</run_address>
         <size>0x4</size>
         <input_file_ref idref="fl-3"/>
      </object_component>
      <object_component id="oc-214">
         <name>.const:.string:lineAddresses$2</name>
         <load_address>0x3b2a</load_address>
         <run_address>0x3b2a</run_address>
         <size>0x4</size>
         <input_file_ref idref="fl-3"/>
      </object_component>
      <object_component id="oc-3ba">
         <name>.cinit..data.load</name>
         <load_address>0x3b30</load_address>
         <run_address>0x3b30</run_address>
         <size>0x18</size>
      </object_component>
      <object_component id="oc-3b7">
         <name>__TI_handler_table</name>
         <load_address>0x3b48</load_address>
         <run_address>0x3b48</run_address>
         <size>0xc</size>
      </object_component>
      <object_component id="oc-3bb">
         <name>.cinit..bss.load</name>
         <load_address>0x3b58</load_address>
         <run_address>0x3b58</run_address>
         <size>0x8</size>
      </object_component>
      <object_component id="oc-3b9">
         <name>.cinit..vtable.load</name>
         <load_address>0x3b60</load_address>
         <run_address>0x3b60</run_address>
         <size>0x8</size>
      </object_component>
      <object_component id="oc-3b8">
         <name>__TI_cinit_table</name>
         <load_address>0x3b68</load_address>
         <run_address>0x3b68</run_address>
         <size>0x18</size>
      </object_component>
      <object_component id="oc-1df">
         <name>.vtable</name>
         <uninitialized>true</uninitialized>
         <run_address>0x20000000</run_address>
         <size>0x26c</size>
         <input_file_ref idref="fl-e8"/>
      </object_component>
      <object_component id="oc-1d8">
         <name>.data</name>
         <load_address>0x20002314</load_address>
         <run_address>0x20002314</run_address>
         <size>0x1</size>
         <input_file_ref idref="fl-2"/>
      </object_component>
      <object_component id="oc-15a">
         <name>.data</name>
         <load_address>0x200022e0</load_address>
         <run_address>0x200022e0</run_address>
         <size>0x20</size>
         <input_file_ref idref="fl-6"/>
      </object_component>
      <object_component id="oc-24b">
         <name>.data:$O1$$</name>
         <load_address>0x20002308</load_address>
         <run_address>0x20002308</run_address>
         <size>0x8</size>
         <input_file_ref idref="fl-cf"/>
      </object_component>
      <object_component id="oc-1a8">
         <name>.data:$O1$$</name>
         <load_address>0x20002300</load_address>
         <run_address>0x20002300</run_address>
         <size>0x8</size>
         <input_file_ref idref="fl-da"/>
      </object_component>
      <object_component id="oc-336">
         <name>.data</name>
         <load_address>0x20002310</load_address>
         <run_address>0x20002310</run_address>
         <size>0x4</size>
         <input_file_ref idref="fl-e2"/>
      </object_component>
      <object_component id="oc-215">
         <name>.bss:lastbuffer$3</name>
         <uninitialized>true</uninitialized>
         <run_address>0x20002270</run_address>
         <size>0x54</size>
         <input_file_ref idref="fl-3"/>
      </object_component>
      <object_component id="oc-179">
         <name>.bss:firmware$2</name>
         <uninitialized>true</uninitialized>
         <run_address>0x200022c4</run_address>
         <size>0x18</size>
         <input_file_ref idref="fl-6"/>
      </object_component>
      <object_component id="oc-1db">
         <name>.common:_timeout_ticks</name>
         <uninitialized>true</uninitialized>
         <run_address>0x200022dc</run_address>
         <size>0x4</size>
      </object_component>
      <object_component id="oc-24">
         <name>.sysmem</name>
         <uninitialized>true</uninitialized>
         <run_address>0x20001270</run_address>
         <size>0x10</size>
         <input_file_ref idref="fl-cf"/>
      </object_component>
      <object_component id="oc-3be">
         <name>.sysmem</name>
         <uninitialized>true</uninitialized>
         <run_address>0x20001270</run_address>
         <size>0x0</size>
      </object_component>
      <object_component id="oc-27">
         <name>.stack</name>
         <uninitialized>true</uninitialized>
         <run_address>0x20000270</run_address>
         <size>0x4</size>
         <input_file_ref idref="fl-d2"/>
      </object_component>
      <object_component id="oc-3bd">
         <name>.stack</name>
         <uninitialized>true</uninitialized>
         <run_address>0x20000270</run_address>
         <size>0x0</size>
      </object_component>
      <object_component id="oc-c5">
         <name>.debug_info</name>
         <load_address>0x0</load_address>
         <run_address>0x0</run_address>
         <size>0x2b1</size>
         <input_file_ref idref="fl-2"/>
      </object_component>
      <object_component id="oc-1d9">
         <name>.debug_info</name>
         <load_address>0x2b1</load_address>
         <run_address>0x2b1</run_address>
         <size>0xbf</size>
         <input_file_ref idref="fl-2"/>
      </object_component>
      <object_component id="oc-13c">
         <name>.debug_info</name>
         <load_address>0x370</load_address>
         <run_address>0x370</run_address>
         <size>0x507</size>
         <input_file_ref idref="fl-2"/>
      </object_component>
      <object_component id="oc-77">
         <name>.debug_info</name>
         <load_address>0x877</load_address>
         <run_address>0x877</run_address>
         <size>0x26b</size>
         <input_file_ref idref="fl-2"/>
      </object_component>
      <object_component id="oc-39">
         <name>.debug_info</name>
         <load_address>0xae2</load_address>
         <run_address>0xae2</run_address>
         <size>0x84</size>
         <input_file_ref idref="fl-2"/>
      </object_component>
      <object_component id="oc-c0">
         <name>.debug_info</name>
         <load_address>0xb66</load_address>
         <run_address>0xb66</run_address>
         <size>0x2a4</size>
         <input_file_ref idref="fl-2"/>
      </object_component>
      <object_component id="oc-7c">
         <name>.debug_info</name>
         <load_address>0xe0a</load_address>
         <run_address>0xe0a</run_address>
         <size>0xbb</size>
         <input_file_ref idref="fl-2"/>
      </object_component>
      <object_component id="oc-217">
         <name>.debug_info</name>
         <load_address>0xec5</load_address>
         <run_address>0xec5</run_address>
         <size>0x37f</size>
         <input_file_ref idref="fl-3"/>
      </object_component>
      <object_component id="oc-202">
         <name>.debug_info</name>
         <load_address>0x1244</load_address>
         <run_address>0x1244</run_address>
         <size>0x114</size>
         <input_file_ref idref="fl-3"/>
      </object_component>
      <object_component id="oc-184">
         <name>.debug_info</name>
         <load_address>0x1358</load_address>
         <run_address>0x1358</run_address>
         <size>0x8a0</size>
         <input_file_ref idref="fl-3"/>
      </object_component>
      <object_component id="oc-1fb">
         <name>.debug_info</name>
         <load_address>0x1bf8</load_address>
         <run_address>0x1bf8</run_address>
         <size>0xcc</size>
         <input_file_ref idref="fl-3"/>
      </object_component>
      <object_component id="oc-218">
         <name>.debug_info</name>
         <load_address>0x1cc4</load_address>
         <run_address>0x1cc4</run_address>
         <size>0x2c</size>
         <input_file_ref idref="fl-3"/>
      </object_component>
      <object_component id="oc-19f">
         <name>.debug_info</name>
         <load_address>0x1cf0</load_address>
         <run_address>0x1cf0</run_address>
         <size>0x35</size>
         <input_file_ref idref="fl-3"/>
      </object_component>
      <object_component id="oc-ee">
         <name>.debug_info</name>
         <load_address>0x1d25</load_address>
         <run_address>0x1d25</run_address>
         <size>0x3f6</size>
         <input_file_ref idref="fl-4"/>
      </object_component>
      <object_component id="oc-a3">
         <name>.debug_info</name>
         <load_address>0x211b</load_address>
         <run_address>0x211b</run_address>
         <size>0x304</size>
         <input_file_ref idref="fl-4"/>
      </object_component>
      <object_component id="oc-19a">
         <name>.debug_info</name>
         <load_address>0x241f</load_address>
         <run_address>0x241f</run_address>
         <size>0x5aa</size>
         <input_file_ref idref="fl-4"/>
      </object_component>
      <object_component id="oc-197">
         <name>.debug_info</name>
         <load_address>0x29c9</load_address>
         <run_address>0x29c9</run_address>
         <size>0x346</size>
         <input_file_ref idref="fl-5"/>
      </object_component>
      <object_component id="oc-194">
         <name>.debug_info</name>
         <load_address>0x2d0f</load_address>
         <run_address>0x2d0f</run_address>
         <size>0xbf</size>
         <input_file_ref idref="fl-5"/>
      </object_component>
      <object_component id="oc-e8">
         <name>.debug_info</name>
         <load_address>0x2dce</load_address>
         <run_address>0x2dce</run_address>
         <size>0x665</size>
         <input_file_ref idref="fl-5"/>
      </object_component>
      <object_component id="oc-17b">
         <name>.debug_info</name>
         <load_address>0x3433</load_address>
         <run_address>0x3433</run_address>
         <size>0x3fc</size>
         <input_file_ref idref="fl-6"/>
      </object_component>
      <object_component id="oc-15b">
         <name>.debug_info</name>
         <load_address>0x382f</load_address>
         <run_address>0x382f</run_address>
         <size>0x111</size>
         <input_file_ref idref="fl-6"/>
      </object_component>
      <object_component id="oc-16d">
         <name>.debug_info</name>
         <load_address>0x3940</load_address>
         <run_address>0x3940</run_address>
         <size>0xc6</size>
         <input_file_ref idref="fl-6"/>
      </object_component>
      <object_component id="oc-143">
         <name>.debug_info</name>
         <load_address>0x3a06</load_address>
         <run_address>0x3a06</run_address>
         <size>0x13e</size>
         <input_file_ref idref="fl-6"/>
      </object_component>
      <object_component id="oc-da">
         <name>.debug_info</name>
         <load_address>0x3b44</load_address>
         <run_address>0x3b44</run_address>
         <size>0x1988</size>
         <input_file_ref idref="fl-6"/>
      </object_component>
      <object_component id="oc-17c">
         <name>.debug_info</name>
         <load_address>0x54cc</load_address>
         <run_address>0x54cc</run_address>
         <size>0x8b</size>
         <input_file_ref idref="fl-6"/>
      </object_component>
      <object_component id="oc-32">
         <name>.debug_info</name>
         <load_address>0x5557</load_address>
         <run_address>0x5557</run_address>
         <size>0x29b</size>
         <input_file_ref idref="fl-7"/>
      </object_component>
      <object_component id="oc-13">
         <name>.debug_info</name>
         <load_address>0x57f2</load_address>
         <run_address>0x57f2</run_address>
         <size>0xda</size>
         <input_file_ref idref="fl-7"/>
      </object_component>
      <object_component id="oc-2c">
         <name>.debug_info</name>
         <load_address>0x58cc</load_address>
         <run_address>0x58cc</run_address>
         <size>0x256</size>
         <input_file_ref idref="fl-7"/>
      </object_component>
      <object_component id="oc-276">
         <name>.debug_info</name>
         <load_address>0x5b22</load_address>
         <run_address>0x5b22</run_address>
         <size>0x340</size>
         <input_file_ref idref="fl-c2"/>
      </object_component>
      <object_component id="oc-20a">
         <name>.debug_info</name>
         <load_address>0x5e62</load_address>
         <run_address>0x5e62</run_address>
         <size>0x208</size>
         <input_file_ref idref="fl-c2"/>
      </object_component>
      <object_component id="oc-26a">
         <name>.debug_info</name>
         <load_address>0x606a</load_address>
         <run_address>0x606a</run_address>
         <size>0x1c6</size>
         <input_file_ref idref="fl-c2"/>
      </object_component>
      <object_component id="oc-271">
         <name>.debug_info</name>
         <load_address>0x6230</load_address>
         <run_address>0x6230</run_address>
         <size>0x179</size>
         <input_file_ref idref="fl-c2"/>
      </object_component>
      <object_component id="oc-277">
         <name>.debug_info</name>
         <load_address>0x63a9</load_address>
         <run_address>0x63a9</run_address>
         <size>0x2c</size>
         <input_file_ref idref="fl-c2"/>
      </object_component>
      <object_component id="oc-27c">
         <name>.debug_info</name>
         <load_address>0x63d5</load_address>
         <run_address>0x63d5</run_address>
         <size>0x69</size>
         <input_file_ref idref="fl-c2"/>
      </object_component>
      <object_component id="oc-e5">
         <name>.debug_info</name>
         <load_address>0x643e</load_address>
         <run_address>0x643e</run_address>
         <size>0x14c</size>
         <input_file_ref idref="fl-c3"/>
      </object_component>
      <object_component id="oc-e0">
         <name>.debug_info</name>
         <load_address>0x658a</load_address>
         <run_address>0x658a</run_address>
         <size>0x128</size>
         <input_file_ref idref="fl-c4"/>
      </object_component>
      <object_component id="oc-190">
         <name>.debug_info</name>
         <load_address>0x66b2</load_address>
         <run_address>0x66b2</run_address>
         <size>0x12a</size>
         <input_file_ref idref="fl-c4"/>
      </object_component>
      <object_component id="oc-164">
         <name>.debug_info</name>
         <load_address>0x67dc</load_address>
         <run_address>0x67dc</run_address>
         <size>0x13a</size>
         <input_file_ref idref="fl-c5"/>
      </object_component>
      <object_component id="oc-160">
         <name>.debug_info</name>
         <load_address>0x6916</load_address>
         <run_address>0x6916</run_address>
         <size>0x13a</size>
         <input_file_ref idref="fl-c6"/>
      </object_component>
      <object_component id="oc-18a">
         <name>.debug_info</name>
         <load_address>0x6a50</load_address>
         <run_address>0x6a50</run_address>
         <size>0x12e</size>
         <input_file_ref idref="fl-c7"/>
      </object_component>
      <object_component id="oc-171">
         <name>.debug_info</name>
         <load_address>0x6b7e</load_address>
         <run_address>0x6b7e</run_address>
         <size>0x13e</size>
         <input_file_ref idref="fl-c8"/>
      </object_component>
      <object_component id="oc-177">
         <name>.debug_info</name>
         <load_address>0x6cbc</load_address>
         <run_address>0x6cbc</run_address>
         <size>0x12c</size>
         <input_file_ref idref="fl-c9"/>
      </object_component>
      <object_component id="oc-169">
         <name>.debug_info</name>
         <load_address>0x6de8</load_address>
         <run_address>0x6de8</run_address>
         <size>0x12c</size>
         <input_file_ref idref="fl-ca"/>
      </object_component>
      <object_component id="oc-40">
         <name>.debug_info</name>
         <load_address>0x6f14</load_address>
         <run_address>0x6f14</run_address>
         <size>0x119</size>
         <input_file_ref idref="fl-cb"/>
      </object_component>
      <object_component id="oc-95">
         <name>.debug_info</name>
         <load_address>0x702d</load_address>
         <run_address>0x702d</run_address>
         <size>0x2d4</size>
         <input_file_ref idref="fl-cc"/>
      </object_component>
      <object_component id="oc-4b">
         <name>.debug_info</name>
         <load_address>0x7301</load_address>
         <run_address>0x7301</run_address>
         <size>0x1d2</size>
         <input_file_ref idref="fl-cc"/>
      </object_component>
      <object_component id="oc-90">
         <name>.debug_info</name>
         <load_address>0x74d3</load_address>
         <run_address>0x74d3</run_address>
         <size>0x46</size>
         <input_file_ref idref="fl-cc"/>
      </object_component>
      <object_component id="oc-ce">
         <name>.debug_info</name>
         <load_address>0x7519</load_address>
         <run_address>0x7519</run_address>
         <size>0x2c</size>
         <input_file_ref idref="fl-cc"/>
      </object_component>
      <object_component id="oc-49">
         <name>.debug_info</name>
         <load_address>0x7545</load_address>
         <run_address>0x7545</run_address>
         <size>0x2a8</size>
         <input_file_ref idref="fl-cd"/>
      </object_component>
      <object_component id="oc-1f">
         <name>.debug_info</name>
         <load_address>0x77ed</load_address>
         <run_address>0x77ed</run_address>
         <size>0x1ea</size>
         <input_file_ref idref="fl-cd"/>
      </object_component>
      <object_component id="oc-44">
         <name>.debug_info</name>
         <load_address>0x79d7</load_address>
         <run_address>0x79d7</run_address>
         <size>0x46</size>
         <input_file_ref idref="fl-cd"/>
      </object_component>
      <object_component id="oc-88">
         <name>.debug_info</name>
         <load_address>0x7a1d</load_address>
         <run_address>0x7a1d</run_address>
         <size>0x2c</size>
         <input_file_ref idref="fl-cd"/>
      </object_component>
      <object_component id="oc-86">
         <name>.debug_info</name>
         <load_address>0x7a49</load_address>
         <run_address>0x7a49</run_address>
         <size>0x29e</size>
         <input_file_ref idref="fl-ce"/>
      </object_component>
      <object_component id="oc-19">
         <name>.debug_info</name>
         <load_address>0x7ce7</load_address>
         <run_address>0x7ce7</run_address>
         <size>0x250</size>
         <input_file_ref idref="fl-ce"/>
      </object_component>
      <object_component id="oc-34">
         <name>.debug_info</name>
         <load_address>0x7f37</load_address>
         <run_address>0x7f37</run_address>
         <size>0x60</size>
         <input_file_ref idref="fl-ce"/>
      </object_component>
      <object_component id="oc-c7">
         <name>.debug_info</name>
         <load_address>0x7f97</load_address>
         <run_address>0x7f97</run_address>
         <size>0x46</size>
         <input_file_ref idref="fl-ce"/>
      </object_component>
      <object_component id="oc-81">
         <name>.debug_info</name>
         <load_address>0x7fdd</load_address>
         <run_address>0x7fdd</run_address>
         <size>0x39</size>
         <input_file_ref idref="fl-ce"/>
      </object_component>
      <object_component id="oc-70">
         <name>.debug_info</name>
         <load_address>0x8016</load_address>
         <run_address>0x8016</run_address>
         <size>0x3b2</size>
         <input_file_ref idref="fl-cf"/>
      </object_component>
      <object_component id="oc-25">
         <name>.debug_info</name>
         <load_address>0x83c8</load_address>
         <run_address>0x83c8</run_address>
         <size>0x10c</size>
         <input_file_ref idref="fl-cf"/>
      </object_component>
      <object_component id="oc-24c">
         <name>.debug_info</name>
         <load_address>0x84d4</load_address>
         <run_address>0x84d4</run_address>
         <size>0x13f</size>
         <input_file_ref idref="fl-cf"/>
      </object_component>
      <object_component id="oc-1c6">
         <name>.debug_info</name>
         <load_address>0x8613</load_address>
         <run_address>0x8613</run_address>
         <size>0x168</size>
         <input_file_ref idref="fl-cf"/>
      </object_component>
      <object_component id="oc-1cc">
         <name>.debug_info</name>
         <load_address>0x877b</load_address>
         <run_address>0x877b</run_address>
         <size>0x18e</size>
         <input_file_ref idref="fl-cf"/>
      </object_component>
      <object_component id="oc-1d2">
         <name>.debug_info</name>
         <load_address>0x8909</load_address>
         <run_address>0x8909</run_address>
         <size>0x19f</size>
         <input_file_ref idref="fl-cf"/>
      </object_component>
      <object_component id="oc-136">
         <name>.debug_info</name>
         <load_address>0x8aa8</load_address>
         <run_address>0x8aa8</run_address>
         <size>0x203</size>
         <input_file_ref idref="fl-cf"/>
      </object_component>
      <object_component id="oc-295">
         <name>.debug_info</name>
         <load_address>0x8cab</load_address>
         <run_address>0x8cab</run_address>
         <size>0x1db</size>
         <input_file_ref idref="fl-cf"/>
      </object_component>
      <object_component id="oc-130">
         <name>.debug_info</name>
         <load_address>0x8e86</load_address>
         <run_address>0x8e86</run_address>
         <size>0x1a5</size>
         <input_file_ref idref="fl-cf"/>
      </object_component>
      <object_component id="oc-245">
         <name>.debug_info</name>
         <load_address>0x902b</load_address>
         <run_address>0x902b</run_address>
         <size>0x299</size>
         <input_file_ref idref="fl-cf"/>
      </object_component>
      <object_component id="oc-bb">
         <name>.debug_info</name>
         <load_address>0x92c4</load_address>
         <run_address>0x92c4</run_address>
         <size>0xb2</size>
         <input_file_ref idref="fl-cf"/>
      </object_component>
      <object_component id="oc-b6">
         <name>.debug_info</name>
         <load_address>0x9376</load_address>
         <run_address>0x9376</run_address>
         <size>0x2c</size>
         <input_file_ref idref="fl-cf"/>
      </object_component>
      <object_component id="oc-1de">
         <name>.debug_info</name>
         <load_address>0x93a2</load_address>
         <run_address>0x93a2</run_address>
         <size>0x28a</size>
         <input_file_ref idref="fl-d0"/>
      </object_component>
      <object_component id="oc-14c">
         <name>.debug_info</name>
         <load_address>0x962c</load_address>
         <run_address>0x962c</run_address>
         <size>0x273</size>
         <input_file_ref idref="fl-d0"/>
      </object_component>
      <object_component id="oc-282">
         <name>.debug_info</name>
         <load_address>0x989f</load_address>
         <run_address>0x989f</run_address>
         <size>0x2a4</size>
         <input_file_ref idref="fl-d1"/>
      </object_component>
      <object_component id="oc-20f">
         <name>.debug_info</name>
         <load_address>0x9b43</load_address>
         <run_address>0x9b43</run_address>
         <size>0x24d</size>
         <input_file_ref idref="fl-d1"/>
      </object_component>
      <object_component id="oc-28">
         <name>.debug_info</name>
         <load_address>0x9d90</load_address>
         <run_address>0x9d90</run_address>
         <size>0x10b</size>
         <input_file_ref idref="fl-d2"/>
      </object_component>
      <object_component id="oc-5f">
         <name>.debug_info</name>
         <load_address>0x9e9b</load_address>
         <run_address>0x9e9b</run_address>
         <size>0x1a9</size>
         <input_file_ref idref="fl-d2"/>
      </object_component>
      <object_component id="oc-2da">
         <name>.debug_info</name>
         <load_address>0xa044</load_address>
         <run_address>0xa044</run_address>
         <size>0x590</size>
         <input_file_ref idref="fl-d3"/>
      </object_component>
      <object_component id="oc-2ac">
         <name>.debug_info</name>
         <load_address>0xa5d4</load_address>
         <run_address>0xa5d4</run_address>
         <size>0x21e</size>
         <input_file_ref idref="fl-d3"/>
      </object_component>
      <object_component id="oc-300">
         <name>.debug_info</name>
         <load_address>0xa7f2</load_address>
         <run_address>0xa7f2</run_address>
         <size>0x1b3</size>
         <input_file_ref idref="fl-d3"/>
      </object_component>
      <object_component id="oc-306">
         <name>.debug_info</name>
         <load_address>0xa9a5</load_address>
         <run_address>0xa9a5</run_address>
         <size>0x21b</size>
         <input_file_ref idref="fl-d3"/>
      </object_component>
      <object_component id="oc-2b0">
         <name>.debug_info</name>
         <load_address>0xabc0</load_address>
         <run_address>0xabc0</run_address>
         <size>0x3c0</size>
         <input_file_ref idref="fl-d3"/>
      </object_component>
      <object_component id="oc-30d">
         <name>.debug_info</name>
         <load_address>0xaf80</load_address>
         <run_address>0xaf80</run_address>
         <size>0x30a</size>
         <input_file_ref idref="fl-d3"/>
      </object_component>
      <object_component id="oc-313">
         <name>.debug_info</name>
         <load_address>0xb28a</load_address>
         <run_address>0xb28a</run_address>
         <size>0x215</size>
         <input_file_ref idref="fl-d3"/>
      </object_component>
      <object_component id="oc-2b6">
         <name>.debug_info</name>
         <load_address>0xb49f</load_address>
         <run_address>0xb49f</run_address>
         <size>0x215</size>
         <input_file_ref idref="fl-d3"/>
      </object_component>
      <object_component id="oc-2bc">
         <name>.debug_info</name>
         <load_address>0xb6b4</load_address>
         <run_address>0xb6b4</run_address>
         <size>0x304</size>
         <input_file_ref idref="fl-d3"/>
      </object_component>
      <object_component id="oc-2c2">
         <name>.debug_info</name>
         <load_address>0xb9b8</load_address>
         <run_address>0xb9b8</run_address>
         <size>0x4b5</size>
         <input_file_ref idref="fl-d3"/>
      </object_component>
      <object_component id="oc-264">
         <name>.debug_info</name>
         <load_address>0xbe6d</load_address>
         <run_address>0xbe6d</run_address>
         <size>0x5f4</size>
         <input_file_ref idref="fl-d3"/>
      </object_component>
      <object_component id="oc-2db">
         <name>.debug_info</name>
         <load_address>0xc461</load_address>
         <run_address>0xc461</run_address>
         <size>0x86</size>
         <input_file_ref idref="fl-d3"/>
      </object_component>
      <object_component id="oc-33d">
         <name>.debug_info</name>
         <load_address>0xc4e7</load_address>
         <run_address>0xc4e7</run_address>
         <size>0x39</size>
         <input_file_ref idref="fl-d3"/>
      </object_component>
      <object_component id="oc-378">
         <name>.debug_info</name>
         <load_address>0xc520</load_address>
         <run_address>0xc520</run_address>
         <size>0xb6</size>
         <input_file_ref idref="fl-d3"/>
      </object_component>
      <object_component id="oc-342">
         <name>.debug_info</name>
         <load_address>0xc5d6</load_address>
         <run_address>0xc5d6</run_address>
         <size>0x46</size>
         <input_file_ref idref="fl-d3"/>
      </object_component>
      <object_component id="oc-2e0">
         <name>.debug_info</name>
         <load_address>0xc61c</load_address>
         <run_address>0xc61c</run_address>
         <size>0x46</size>
         <input_file_ref idref="fl-d3"/>
      </object_component>
      <object_component id="oc-99">
         <name>.debug_info</name>
         <load_address>0xc662</load_address>
         <run_address>0xc662</run_address>
         <size>0x147</size>
         <input_file_ref idref="fl-d4"/>
      </object_component>
      <object_component id="oc-2f4">
         <name>.debug_info</name>
         <load_address>0xc7a9</load_address>
         <run_address>0xc7a9</run_address>
         <size>0x134</size>
         <input_file_ref idref="fl-d5"/>
      </object_component>
      <object_component id="oc-1af">
         <name>.debug_info</name>
         <load_address>0xc8dd</load_address>
         <run_address>0xc8dd</run_address>
         <size>0x4b3</size>
         <input_file_ref idref="fl-d6"/>
      </object_component>
      <object_component id="oc-fd">
         <name>.debug_info</name>
         <load_address>0xcd90</load_address>
         <run_address>0xcd90</run_address>
         <size>0x1a6</size>
         <input_file_ref idref="fl-d6"/>
      </object_component>
      <object_component id="oc-233">
         <name>.debug_info</name>
         <load_address>0xcf36</load_address>
         <run_address>0xcf36</run_address>
         <size>0x39</size>
         <input_file_ref idref="fl-d6"/>
      </object_component>
      <object_component id="oc-288">
         <name>.debug_info</name>
         <load_address>0xcf6f</load_address>
         <run_address>0xcf6f</run_address>
         <size>0x39</size>
         <input_file_ref idref="fl-d6"/>
      </object_component>
      <object_component id="oc-238">
         <name>.debug_info</name>
         <load_address>0xcfa8</load_address>
         <run_address>0xcfa8</run_address>
         <size>0x39</size>
         <input_file_ref idref="fl-d6"/>
      </object_component>
      <object_component id="oc-23d">
         <name>.debug_info</name>
         <load_address>0xcfe1</load_address>
         <run_address>0xcfe1</run_address>
         <size>0xcd</size>
         <input_file_ref idref="fl-d6"/>
      </object_component>
      <object_component id="oc-a0">
         <name>.debug_info</name>
         <load_address>0xd0ae</load_address>
         <run_address>0xd0ae</run_address>
         <size>0x153</size>
         <input_file_ref idref="fl-d7"/>
      </object_component>
      <object_component id="oc-f3">
         <name>.debug_info</name>
         <load_address>0xd201</load_address>
         <run_address>0xd201</run_address>
         <size>0x122</size>
         <input_file_ref idref="fl-d9"/>
      </object_component>
      <object_component id="oc-22d">
         <name>.debug_info</name>
         <load_address>0xd323</load_address>
         <run_address>0xd323</run_address>
         <size>0x2c9</size>
         <input_file_ref idref="fl-da"/>
      </object_component>
      <object_component id="oc-1a9">
         <name>.debug_info</name>
         <load_address>0xd5ec</load_address>
         <run_address>0xd5ec</run_address>
         <size>0x11e</size>
         <input_file_ref idref="fl-da"/>
      </object_component>
      <object_component id="oc-229">
         <name>.debug_info</name>
         <load_address>0xd70a</load_address>
         <run_address>0xd70a</run_address>
         <size>0x12e</size>
         <input_file_ref idref="fl-da"/>
      </object_component>
      <object_component id="oc-355">
         <name>.debug_info</name>
         <load_address>0xd838</load_address>
         <run_address>0xd838</run_address>
         <size>0x29c</size>
         <input_file_ref idref="fl-db"/>
      </object_component>
      <object_component id="oc-2fd">
         <name>.debug_info</name>
         <load_address>0xdad4</load_address>
         <run_address>0xdad4</run_address>
         <size>0x1da</size>
         <input_file_ref idref="fl-db"/>
      </object_component>
      <object_component id="oc-2f2">
         <name>.debug_info</name>
         <load_address>0xdcae</load_address>
         <run_address>0xdcae</run_address>
         <size>0x2b9</size>
         <input_file_ref idref="fl-dd"/>
      </object_component>
      <object_component id="oc-2a7">
         <name>.debug_info</name>
         <load_address>0xdf67</load_address>
         <run_address>0xdf67</run_address>
         <size>0x17c</size>
         <input_file_ref idref="fl-dd"/>
      </object_component>
      <object_component id="oc-34b">
         <name>.debug_info</name>
         <load_address>0xe0e3</load_address>
         <run_address>0xe0e3</run_address>
         <size>0xf9</size>
         <input_file_ref idref="fl-de"/>
      </object_component>
      <object_component id="oc-2ef">
         <name>.debug_info</name>
         <load_address>0xe1dc</load_address>
         <run_address>0xe1dc</run_address>
         <size>0x105</size>
         <input_file_ref idref="fl-de"/>
      </object_component>
      <object_component id="oc-32e">
         <name>.debug_info</name>
         <load_address>0xe2e1</load_address>
         <run_address>0xe2e1</run_address>
         <size>0x2a7</size>
         <input_file_ref idref="fl-df"/>
      </object_component>
      <object_component id="oc-2cb">
         <name>.debug_info</name>
         <load_address>0xe588</load_address>
         <run_address>0xe588</run_address>
         <size>0x1b8</size>
         <input_file_ref idref="fl-df"/>
      </object_component>
      <object_component id="oc-36a">
         <name>.debug_info</name>
         <load_address>0xe740</load_address>
         <run_address>0xe740</run_address>
         <size>0x29a</size>
         <input_file_ref idref="fl-e0"/>
      </object_component>
      <object_component id="oc-32a">
         <name>.debug_info</name>
         <load_address>0xe9da</load_address>
         <run_address>0xe9da</run_address>
         <size>0x262</size>
         <input_file_ref idref="fl-e0"/>
      </object_component>
      <object_component id="oc-2ed">
         <name>.debug_info</name>
         <load_address>0xec3c</load_address>
         <run_address>0xec3c</run_address>
         <size>0x28f</size>
         <input_file_ref idref="fl-e1"/>
      </object_component>
      <object_component id="oc-2a0">
         <name>.debug_info</name>
         <load_address>0xeecb</load_address>
         <run_address>0xeecb</run_address>
         <size>0x245</size>
         <input_file_ref idref="fl-e1"/>
      </object_component>
      <object_component id="oc-33a">
         <name>.debug_info</name>
         <load_address>0xf110</load_address>
         <run_address>0xf110</run_address>
         <size>0x289</size>
         <input_file_ref idref="fl-e2"/>
      </object_component>
      <object_component id="oc-337">
         <name>.debug_info</name>
         <load_address>0xf399</load_address>
         <run_address>0xf399</run_address>
         <size>0x10e</size>
         <input_file_ref idref="fl-e2"/>
      </object_component>
      <object_component id="oc-2d5">
         <name>.debug_info</name>
         <load_address>0xf4a7</load_address>
         <run_address>0xf4a7</run_address>
         <size>0x14e</size>
         <input_file_ref idref="fl-e2"/>
      </object_component>
      <object_component id="oc-335">
         <name>.debug_info</name>
         <load_address>0xf5f5</load_address>
         <run_address>0xf5f5</run_address>
         <size>0x28f</size>
         <input_file_ref idref="fl-e3"/>
      </object_component>
      <object_component id="oc-2d1">
         <name>.debug_info</name>
         <load_address>0xf884</load_address>
         <run_address>0xf884</run_address>
         <size>0x15a</size>
         <input_file_ref idref="fl-e3"/>
      </object_component>
      <object_component id="oc-36d">
         <name>.debug_info</name>
         <load_address>0xf9de</load_address>
         <run_address>0xf9de</run_address>
         <size>0x46</size>
         <input_file_ref idref="fl-e3"/>
      </object_component>
      <object_component id="oc-330">
         <name>.debug_info</name>
         <load_address>0xfa24</load_address>
         <run_address>0xfa24</run_address>
         <size>0x39</size>
         <input_file_ref idref="fl-e3"/>
      </object_component>
      <object_component id="oc-35b">
         <name>.debug_info</name>
         <load_address>0xfa5d</load_address>
         <run_address>0xfa5d</run_address>
         <size>0x295</size>
         <input_file_ref idref="fl-e4"/>
      </object_component>
      <object_component id="oc-31b">
         <name>.debug_info</name>
         <load_address>0xfcf2</load_address>
         <run_address>0xfcf2</run_address>
         <size>0x195</size>
         <input_file_ref idref="fl-e4"/>
      </object_component>
      <object_component id="oc-384">
         <name>.debug_info</name>
         <load_address>0xfe87</load_address>
         <run_address>0xfe87</run_address>
         <size>0x39</size>
         <input_file_ref idref="fl-e4"/>
      </object_component>
      <object_component id="oc-35c">
         <name>.debug_info</name>
         <load_address>0xfec0</load_address>
         <run_address>0xfec0</run_address>
         <size>0x2c</size>
         <input_file_ref idref="fl-e4"/>
      </object_component>
      <object_component id="oc-368">
         <name>.debug_info</name>
         <load_address>0xfeec</load_address>
         <run_address>0xfeec</run_address>
         <size>0x2f8</size>
         <input_file_ref idref="fl-e5"/>
      </object_component>
      <object_component id="oc-321">
         <name>.debug_info</name>
         <load_address>0x101e4</load_address>
         <run_address>0x101e4</run_address>
         <size>0x225</size>
         <input_file_ref idref="fl-e5"/>
      </object_component>
      <object_component id="oc-351">
         <name>.debug_info</name>
         <load_address>0x10409</load_address>
         <run_address>0x10409</run_address>
         <size>0x115</size>
         <input_file_ref idref="fl-e6"/>
      </object_component>
      <object_component id="oc-362">
         <name>.debug_info</name>
         <load_address>0x1051e</load_address>
         <run_address>0x1051e</run_address>
         <size>0x161</size>
         <input_file_ref idref="fl-e7"/>
      </object_component>
      <object_component id="oc-1e8">
         <name>.debug_info</name>
         <load_address>0x1067f</load_address>
         <run_address>0x1067f</run_address>
         <size>0x3b7</size>
         <input_file_ref idref="fl-e8"/>
      </object_component>
      <object_component id="oc-1e0">
         <name>.debug_info</name>
         <load_address>0x10a36</load_address>
         <run_address>0x10a36</run_address>
         <size>0x160</size>
         <input_file_ref idref="fl-e8"/>
      </object_component>
      <object_component id="oc-150">
         <name>.debug_info</name>
         <load_address>0x10b96</load_address>
         <run_address>0x10b96</run_address>
         <size>0x2ca</size>
         <input_file_ref idref="fl-e8"/>
      </object_component>
      <object_component id="oc-155">
         <name>.debug_info</name>
         <load_address>0x10e60</load_address>
         <run_address>0x10e60</run_address>
         <size>0x247</size>
         <input_file_ref idref="fl-e8"/>
      </object_component>
      <object_component id="oc-25d">
         <name>.debug_info</name>
         <load_address>0x110a7</load_address>
         <run_address>0x110a7</run_address>
         <size>0x26b</size>
         <input_file_ref idref="fl-e8"/>
      </object_component>
      <object_component id="oc-256">
         <name>.debug_info</name>
         <load_address>0x11312</load_address>
         <run_address>0x11312</run_address>
         <size>0x297</size>
         <input_file_ref idref="fl-e8"/>
      </object_component>
      <object_component id="oc-1e3">
         <name>.debug_info</name>
         <load_address>0x115a9</load_address>
         <run_address>0x115a9</run_address>
         <size>0xbb</size>
         <input_file_ref idref="fl-e8"/>
      </object_component>
      <object_component id="oc-1ec">
         <name>.debug_info</name>
         <load_address>0x11664</load_address>
         <run_address>0x11664</run_address>
         <size>0x21b</size>
         <input_file_ref idref="fl-e9"/>
      </object_component>
      <object_component id="oc-3bf">
         <name>.debug_info</name>
         <load_address>0x1187f</load_address>
         <run_address>0x1187f</run_address>
         <size>0x8d</size>
      </object_component>
      <object_component id="oc-12e">
         <name>.debug_line</name>
         <load_address>0x0</load_address>
         <run_address>0x0</run_address>
         <size>0x69</size>
         <input_file_ref idref="fl-2"/>
      </object_component>
      <object_component id="oc-251">
         <name>.debug_line</name>
         <load_address>0x69</load_address>
         <run_address>0x69</run_address>
         <size>0x2e</size>
         <input_file_ref idref="fl-2"/>
      </object_component>
      <object_component id="oc-13f">
         <name>.debug_line</name>
         <load_address>0x97</load_address>
         <run_address>0x97</run_address>
         <size>0x179</size>
         <input_file_ref idref="fl-2"/>
      </object_component>
      <object_component id="oc-7a">
         <name>.debug_line</name>
         <load_address>0x210</load_address>
         <run_address>0x210</run_address>
         <size>0x6f</size>
         <input_file_ref idref="fl-2"/>
      </object_component>
      <object_component id="oc-3c">
         <name>.debug_line</name>
         <load_address>0x27f</load_address>
         <run_address>0x27f</run_address>
         <size>0x20</size>
         <input_file_ref idref="fl-2"/>
      </object_component>
      <object_component id="oc-c3">
         <name>.debug_line</name>
         <load_address>0x29f</load_address>
         <run_address>0x29f</run_address>
         <size>0x73</size>
         <input_file_ref idref="fl-2"/>
      </object_component>
      <object_component id="oc-7f">
         <name>.debug_line</name>
         <load_address>0x312</load_address>
         <run_address>0x312</run_address>
         <size>0x70</size>
         <input_file_ref idref="fl-2"/>
      </object_component>
      <object_component id="oc-284">
         <name>.debug_line</name>
         <load_address>0x382</load_address>
         <run_address>0x382</run_address>
         <size>0xc3</size>
         <input_file_ref idref="fl-3"/>
      </object_component>
      <object_component id="oc-201">
         <name>.debug_line</name>
         <load_address>0x445</load_address>
         <run_address>0x445</run_address>
         <size>0x45</size>
         <input_file_ref idref="fl-3"/>
      </object_component>
      <object_component id="oc-188">
         <name>.debug_line</name>
         <load_address>0x48a</load_address>
         <run_address>0x48a</run_address>
         <size>0x19b</size>
         <input_file_ref idref="fl-3"/>
      </object_component>
      <object_component id="oc-1fe">
         <name>.debug_line</name>
         <load_address>0x625</load_address>
         <run_address>0x625</run_address>
         <size>0x6a</size>
         <input_file_ref idref="fl-3"/>
      </object_component>
      <object_component id="oc-21b">
         <name>.debug_line</name>
         <load_address>0x68f</load_address>
         <run_address>0x68f</run_address>
         <size>0x6b</size>
         <input_file_ref idref="fl-3"/>
      </object_component>
      <object_component id="oc-1a2">
         <name>.debug_line</name>
         <load_address>0x6fa</load_address>
         <run_address>0x6fa</run_address>
         <size>0x74</size>
         <input_file_ref idref="fl-3"/>
      </object_component>
      <object_component id="oc-199">
         <name>.debug_line</name>
         <load_address>0x76e</load_address>
         <run_address>0x76e</run_address>
         <size>0x48</size>
         <input_file_ref idref="fl-4"/>
      </object_component>
      <object_component id="oc-a6">
         <name>.debug_line</name>
         <load_address>0x7b6</load_address>
         <run_address>0x7b6</run_address>
         <size>0x93</size>
         <input_file_ref idref="fl-4"/>
      </object_component>
      <object_component id="oc-19d">
         <name>.debug_line</name>
         <load_address>0x849</load_address>
         <run_address>0x849</run_address>
         <size>0x37</size>
         <input_file_ref idref="fl-4"/>
      </object_component>
      <object_component id="oc-222">
         <name>.debug_line</name>
         <load_address>0x880</load_address>
         <run_address>0x880</run_address>
         <size>0x43</size>
         <input_file_ref idref="fl-5"/>
      </object_component>
      <object_component id="oc-220">
         <name>.debug_line</name>
         <load_address>0x8c3</load_address>
         <run_address>0x8c3</run_address>
         <size>0x31</size>
         <input_file_ref idref="fl-5"/>
      </object_component>
      <object_component id="oc-ec">
         <name>.debug_line</name>
         <load_address>0x8f4</load_address>
         <run_address>0x8f4</run_address>
         <size>0xe6</size>
         <input_file_ref idref="fl-5"/>
      </object_component>
      <object_component id="oc-1fa">
         <name>.debug_line</name>
         <load_address>0x9da</load_address>
         <run_address>0x9da</run_address>
         <size>0xff</size>
         <input_file_ref idref="fl-6"/>
      </object_component>
      <object_component id="oc-1f1">
         <name>.debug_line</name>
         <load_address>0xad9</load_address>
         <run_address>0xad9</run_address>
         <size>0x37</size>
         <input_file_ref idref="fl-6"/>
      </object_component>
      <object_component id="oc-1f6">
         <name>.debug_line</name>
         <load_address>0xb10</load_address>
         <run_address>0xb10</run_address>
         <size>0x37</size>
         <input_file_ref idref="fl-6"/>
      </object_component>
      <object_component id="oc-142">
         <name>.debug_line</name>
         <load_address>0xb47</load_address>
         <run_address>0xb47</run_address>
         <size>0x4f</size>
         <input_file_ref idref="fl-6"/>
      </object_component>
      <object_component id="oc-d8">
         <name>.debug_line</name>
         <load_address>0xb96</load_address>
         <run_address>0xb96</run_address>
         <size>0x440</size>
         <input_file_ref idref="fl-6"/>
      </object_component>
      <object_component id="oc-17f">
         <name>.debug_line</name>
         <load_address>0xfd6</load_address>
         <run_address>0xfd6</run_address>
         <size>0x20</size>
         <input_file_ref idref="fl-6"/>
      </object_component>
      <object_component id="oc-76">
         <name>.debug_line</name>
         <load_address>0xff6</load_address>
         <run_address>0xff6</run_address>
         <size>0x41</size>
         <input_file_ref idref="fl-7"/>
      </object_component>
      <object_component id="oc-31">
         <name>.debug_line</name>
         <load_address>0x1037</load_address>
         <run_address>0x1037</run_address>
         <size>0x41</size>
         <input_file_ref idref="fl-7"/>
      </object_component>
      <object_component id="oc-2b">
         <name>.debug_line</name>
         <load_address>0x1078</load_address>
         <run_address>0x1078</run_address>
         <size>0xa1</size>
         <input_file_ref idref="fl-7"/>
      </object_component>
      <object_component id="oc-2e8">
         <name>.debug_line</name>
         <load_address>0x1119</load_address>
         <run_address>0x1119</run_address>
         <size>0x2f</size>
         <input_file_ref idref="fl-c2"/>
      </object_component>
      <object_component id="oc-20c">
         <name>.debug_line</name>
         <load_address>0x1148</load_address>
         <run_address>0x1148</run_address>
         <size>0x55</size>
         <input_file_ref idref="fl-c2"/>
      </object_component>
      <object_component id="oc-26e">
         <name>.debug_line</name>
         <load_address>0x119d</load_address>
         <run_address>0x119d</run_address>
         <size>0x59</size>
         <input_file_ref idref="fl-c2"/>
      </object_component>
      <object_component id="oc-274">
         <name>.debug_line</name>
         <load_address>0x11f6</load_address>
         <run_address>0x11f6</run_address>
         <size>0x47</size>
         <input_file_ref idref="fl-c2"/>
      </object_component>
      <object_component id="oc-27a">
         <name>.debug_line</name>
         <load_address>0x123d</load_address>
         <run_address>0x123d</run_address>
         <size>0x91</size>
         <input_file_ref idref="fl-c2"/>
      </object_component>
      <object_component id="oc-27f">
         <name>.debug_line</name>
         <load_address>0x12ce</load_address>
         <run_address>0x12ce</run_address>
         <size>0x2f</size>
[...]
      </symbol>
      <symbol id="sm-10">
         <name>__TI_prof_data_size</name>
         <value>0xffffffff</value>
      </symbol>
      <symbol id="sm-76">
         <name>_timeout_ticks</name>
         <value>0x200022dc</value>
      </symbol>
      <symbol id="sm-77">
         <name>timer_pause</name>
         <value>0x1f17</value>
         <object_component_ref idref="oc-13b"/>
      </symbol>
      <symbol id="sm-78">
         <name>timer_resume</name>
         <value>0x1f29</value>
         <object_component_ref idref="oc-13b"/>
      </symbol>
      <symbol id="sm-79">
         <name>timer_getMillis</name>
         <value>0x1f3b</value>
         <object_component_ref idref="oc-13b"/>
      </symbol>
      <symbol id="sm-7a">
         <name>_running</name>
         <value>0x20002314</value>
         <object_component_ref idref="oc-1d8"/>
      </symbol>
      <symbol id="sm-7b">
         <name>timer_init</name>
         <value>0x1e75</value>
         <object_component_ref idref="oc-13b"/>
      </symbol>
      <symbol id="sm-7c">
         <name>timer_stop</name>
         <value>0x1eed</value>
         <object_component_ref idref="oc-13b"/>
      </symbol>
      <symbol id="sm-7d">
         <name>timer_getMicros</name>
         <value>0x1f93</value>
         <object_component_ref idref="oc-13b"/>
      </symbol>
      <symbol id="sm-7e">
         <name>timer_waitMillis</name>
         <value>0x201f</value>
         <object_component_ref idref="oc-13b"/>
      </symbol>
      <symbol id="sm-7f">
         <name>timer_waitMicros</name>
         <value>0x1fed</value>
         <object_component_ref idref="oc-13b"/>
      </symbol>
      <symbol id="sm-cb">
         <name>lcd_sendCommand</name>
         <value>0x1a2f</value>
         <object_component_ref idref="oc-183"/>
      </symbol>
      <symbol id="sm-cc">
         <name>lcd_sendNibble</name>
         <value>0x1a6d</value>
         <object_component_ref idref="oc-183"/>
      </symbol>
      <symbol id="sm-cd">
         <name>lcd_clear</name>
         <value>0x39bb</value>
         <object_component_ref idref="oc-200"/>
      </symbol>
      <symbol id="sm-ce">
         <name>lcd_printf</name>
         <value>0x1b17</value>
         <object_component_ref idref="oc-183"/>
      </symbol>
      <symbol id="sm-cf">
         <name>lcd_setCursorPos</name>
         <value>0x1ad9</value>
         <object_component_ref idref="oc-183"/>
      </symbol>
      <symbol id="sm-d0">
         <name>lcd_init</name>
         <value>0x1919</value>
         <object_component_ref idref="oc-183"/>
      </symbol>
      <symbol id="sm-d1">
         <name>lcd_puts</name>
         <value>0x1a11</value>
         <object_component_ref idref="oc-183"/>
      </symbol>
      <symbol id="sm-d2">
         <name>lcd_putc</name>
         <value>0x19d9</value>
         <object_component_ref idref="oc-183"/>
      </symbol>
      <symbol id="sm-d3">
         <name>lcd_reverseNibble</name>
         <value>0x18dd</value>
         <object_component_ref idref="oc-183"/>
      </symbol>
      <symbol id="sm-d4">
         <name>lcd_gotoLine</name>
         <value>0x1ab1</value>
         <object_component_ref idref="oc-183"/>
      </symbol>
      <symbol id="sm-f0">
         <name>main</name>
         <value>0x2671</value>
         <object_component_ref idref="oc-a2"/>
      </symbol>
      <symbol id="sm-116">
         <name>move_forward</name>
         <value>0x20bd</value>
         <object_component_ref idref="oc-e7"/>
      </symbol>
      <symbol id="sm-117">
         <name>move_backwards</name>
         <value>0x213f</value>
         <object_component_ref idref="oc-e7"/>
      </symbol>
      <symbol id="sm-118">
         <name>turn_right</name>
         <value>0x21c9</value>
         <object_component_ref idref="oc-e7"/>
      </symbol>
      <symbol id="sm-119">
         <name>turn_left</name>
         <value>0x2253</value>
         <object_component_ref idref="oc-e7"/>
      </symbol>
      <symbol id="sm-1e7">
         <name>go_charge</name>
         <value>0x97f</value>
         <object_component_ref idref="oc-d7"/>
      </symbol>
      <symbol id="sm-1e8">
         <name>GPIOF_Handler</name>
         <value>0xbc3</value>
         <object_component_ref idref="oc-d7"/>
      </symbol>
      <symbol id="sm-1e9">
         <name>oi_free</name>
         <value>0x279</value>
         <object_component_ref idref="oc-d7"/>
      </symbol>
      <symbol id="sm-1ea">
         <name>oi_getMotorCalibrationRight</name>
         <value>0xe01</value>
         <object_component_ref idref="oc-d7"/>
      </symbol>
      <symbol id="sm-1eb">
         <name>oi_uartReceive</name>
         <value>0xa31</value>
         <object_component_ref idref="oc-d7"/>
      </symbol>
      <symbol id="sm-1ec">
         <name>oi_setWheels</name>
         <value>0x88f</value>
         <object_component_ref idref="oc-d7"/>
      </symbol>
      <symbol id="sm-1ed">
         <name>oi_shutoff_init</name>
         <value>0xb51</value>
         <object_component_ref idref="oc-d7"/>
      </symbol>
      <symbol id="sm-1ee">
         <name>motor_cal_factor_L</name>
         <value>0x200022e0</value>
         <object_component_ref idref="oc-15a"/>
      </symbol>
      <symbol id="sm-1ef">
         <name>motor_cal_factor_R</name>
         <value>0x200022e4</value>
         <object_component_ref idref="oc-15a"/>
      </symbol>
      <symbol id="sm-1f0">
         <name>oi_parseInt</name>
         <value>0x392b</value>
         <object_component_ref idref="oc-141"/>
      </symbol>
      <symbol id="sm-1f1">
         <name>oi_setMotorCalibration</name>
         <value>0xdb1</value>
         <object_component_ref idref="oc-d7"/>
      </symbol>
      <symbol id="sm-1f2">
         <name>oi_uartSendStr</name>
         <value>0xa59</value>
         <object_component_ref idref="oc-d7"/>
      </symbol>
      <symbol id="sm-1f3">
         <name>oi_close</name>
         <value>0x2c7</value>
         <object_component_ref idref="oc-d7"/>
      </symbol>
      <symbol id="sm-1f4">
         <name>oi_uartSendBuff</name>
         <value>0xa77</value>
         <object_component_ref idref="oc-d7"/>
      </symbol>
      <symbol id="sm-1f5">
         <name>oi_checkFirmware</name>
         <value>0xaa9</value>
         <object_component_ref idref="oc-d7"/>
      </symbol>
      <symbol id="sm-1f6">
         <name>oi_init_noupdate</name>
         <value>0x289</value>
         <object_component_ref idref="oc-d7"/>
      </symbol>
      <symbol id="sm-1f7">
         <name>oi_uartSendChar</name>
         <value>0xa15</value>
         <object_component_ref idref="oc-d7"/>
      </symbol>
      <symbol id="sm-1f8">
         <name>oi_alloc</name>
         <value>0x26d</value>
         <object_component_ref idref="oc-d7"/>
      </symbol>
      <symbol id="sm-1f9">
         <name>oi_getMotorCalibrationLeft</name>
         <value>0xded</value>
         <object_component_ref idref="oc-d7"/>
      </symbol>
      <symbol id="sm-1fa">
         <name>oi_loadSong</name>
         <value>0x915</value>
         <object_component_ref idref="oc-d7"/>
      </symbol>
      <symbol id="sm-1fb">
         <name>oi_play_song</name>
         <value>0x96b</value>
         <object_component_ref idref="oc-d7"/>
      </symbol>
      <symbol id="sm-1fc">
         <name>oi_parsePacket</name>
         <value>0x32b</value>
         <object_component_ref idref="oc-d7"/>
      </symbol>
      <symbol id="sm-1fd">
         <name>oi_setLeds</name>
         <value>0x84b</value>
         <object_component_ref idref="oc-d7"/>
      </symbol>
      <symbol id="sm-1fe">
         <name>oi_init</name>
         <value>0x2b1</value>
         <object_component_ref idref="oc-d7"/>
      </symbol>
      <symbol id="sm-1ff">
         <name>oi_update</name>
         <value>0x2d9</value>
         <object_component_ref idref="oc-d7"/>
      </symbol>
      <symbol id="sm-200">
         <name>oi_uartInit</name>
         <value>0x98d</value>
         <object_component_ref idref="oc-d7"/>
      </symbol>
      <symbol id="sm-21c">
         <name>ResetISR</name>
         <value>0x39e5</value>
         <object_component_ref idref="oc-2a"/>
      </symbol>
      <symbol id="sm-21d">
         <name>g_pfnVectors</name>
         <value>0x0</value>
         <object_component_ref idref="oc-12"/>
      </symbol>
      <symbol id="sm-24c">
         <name>vsnprintf</name>
         <value>0x36c5</value>
         <object_component_ref idref="oc-207"/>
      </symbol>
      <symbol id="sm-263">
         <name>__aeabi_dsub</name>
         <value>0x24b9</value>
         <object_component_ref idref="oc-e2"/>
      </symbol>
      <symbol id="sm-264">
         <name>__aeabi_dadd</name>
         <value>0x24c3</value>
         <object_component_ref idref="oc-e2"/>
      </symbol>
      <symbol id="sm-286">
         <name>__aeabi_cdcmpeq</name>
         <value>0x3151</value>
         <object_component_ref idref="oc-dd"/>
      </symbol>
      <symbol id="sm-287">
         <name>__aeabi_cdcmple</name>
         <value>0x3151</value>
         <object_component_ref idref="oc-dd"/>
      </symbol>
      <symbol id="sm-288">
         <name>__aeabi_cdrcmple</name>
         <value>0x31d7</value>
         <object_component_ref idref="oc-18e"/>
      </symbol>
      <symbol id="sm-29c">
         <name>__aeabi_ddiv</name>
         <value>0x2921</value>
         <object_component_ref idref="oc-162"/>
      </symbol>
      <symbol id="sm-2a7">
         <name>__aeabi_dmul</name>
         <value>0x2d8d</value>
         <object_component_ref idref="oc-15d"/>
      </symbol>
      <symbol id="sm-2b1">
         <name>__aeabi_d2iz</name>
         <value>0x3639</value>
         <object_component_ref idref="oc-189"/>
      </symbol>
      <symbol id="sm-2bd">
         <name>__aeabi_d2f</name>
         <value>0x33b7</value>
         <object_component_ref idref="oc-16f"/>
      </symbol>
      <symbol id="sm-2c8">
         <name>__aeabi_f2d</name>
         <value>0x377d</value>
         <object_component_ref idref="oc-174"/>
      </symbol>
      <symbol id="sm-2d2">
         <name>__aeabi_i2d</name>
         <value>0x384d</value>
         <object_component_ref idref="oc-167"/>
      </symbol>
      <symbol id="sm-2ed">
         <name>memcpy</name>
         <value>0x301f</value>
         <object_component_ref idref="oc-3e"/>
      </symbol>
      <symbol id="sm-2ee">
         <name>__aeabi_memcpy</name>
         <value>0x301f</value>
         <object_component_ref idref="oc-3e"/>
      </symbol>
      <symbol id="sm-2ef">
         <name>__aeabi_memcpy8</name>
         <value>0x301f</value>
         <object_component_ref idref="oc-3e"/>
      </symbol>
      <symbol id="sm-2f0">
         <name>__aeabi_memcpy4</name>
         <value>0x301f</value>
         <object_component_ref idref="oc-3e"/>
      </symbol>
      <symbol id="sm-309">
         <name>__TI_zero_init_nomemset</name>
         <value>0x38a5</value>
         <object_component_ref idref="oc-4a"/>
      </symbol>
      <symbol id="sm-320">
         <name>__TI_decompress_none</name>
         <value>0x39cb</value>
         <object_component_ref idref="oc-1b"/>
      </symbol>
      <symbol id="sm-343">
         <name>__TI_decompress_lzss</name>
         <value>0x3425</value>
         <object_component_ref idref="oc-15"/>
      </symbol>
      <symbol id="sm-3d8">
         <name>_sys_memory</name>
         <value>0x20001270</value>
         <object_component_ref idref="oc-24"/>
      </symbol>
      <symbol id="sm-3d9">
         <name>free</name>
         <value>0x2e89</value>
         <object_component_ref idref="oc-135"/>
      </symbol>
      <symbol id="sm-3da">
         <name>memalign</name>
         <value>0x2c8d</value>
         <object_component_ref idref="oc-244"/>
      </symbol>
      <symbol id="sm-3db">
         <name>calloc</name>
         <value>0x3745</value>
         <object_component_ref idref="oc-12f"/>
      </symbol>
      <symbol id="sm-3dc">
         <name>malloc</name>
         <value>0x39f9</value>
         <object_component_ref idref="oc-1c4"/>
      </symbol>
      <symbol id="sm-3dd">
         <name>aligned_alloc</name>
         <value>0x2c8d</value>
         <object_component_ref idref="oc-244"/>
      </symbol>
      <symbol id="sm-3ec">
         <name>strcmp</name>
         <value>0x3943</value>
         <object_component_ref idref="oc-148"/>
      </symbol>
      <symbol id="sm-3fa">
         <name>strcpy</name>
         <value>0x3971</value>
         <object_component_ref idref="oc-20d"/>
      </symbol>
      <symbol id="sm-40d">
         <name>__stack</name>
         <value>0x20000270</value>
         <object_component_ref idref="oc-27"/>
      </symbol>
      <symbol id="sm-40e">
         <name>_c_int00_noargs</name>
         <value>0x37e9</value>
         <object_component_ref idref="oc-5c"/>
      </symbol>
      <symbol id="sm-573">
         <name>__TI_printfi</name>
         <value>0xe8d</value>
         <object_component_ref idref="oc-263"/>
      </symbol>
      <symbol id="sm-582">
         <name>__aeabi_memset</name>
         <value>0x325f</value>
         <object_component_ref idref="oc-96"/>
      </symbol>
      <symbol id="sm-583">
         <name>memset</name>
         <value>0x3265</value>
         <object_component_ref idref="oc-96"/>
      </symbol>
      <symbol id="sm-584">
         <name>__aeabi_memset8</name>
         <value>0x325f</value>
         <object_component_ref idref="oc-96"/>
      </symbol>
      <symbol id="sm-585">
         <name>__aeabi_memset4</name>
         <value>0x325f</value>
         <object_component_ref idref="oc-96"/>
      </symbol>
      <symbol id="sm-586">
         <name>__aeabi_memclr8</name>
         <value>0x325d</value>
         <object_component_ref idref="oc-96"/>
      </symbol>
      <symbol id="sm-587">
         <name>__aeabi_memclr4</name>
         <value>0x325d</value>
         <object_component_ref idref="oc-96"/>
      </symbol>
      <symbol id="sm-588">
         <name>__aeabi_memclr</name>
         <value>0x325d</value>
         <object_component_ref idref="oc-96"/>
      </symbol>
      <symbol id="sm-595">
         <name>__aeabi_uldivmod</name>
         <value>0x30bb</value>
         <object_component_ref idref="oc-2f3"/>
      </symbol>
      <symbol id="sm-5bd">
         <name>__TI_auto_init_nobinit_nopinit</name>
         <value>0x3681</value>
         <object_component_ref idref="oc-fb"/>
      </symbol>
      <symbol id="sm-5c7">
         <name>_system_pre_init</name>
         <value>0x3a01</value>
         <object_component_ref idref="oc-9c"/>
      </symbol>
      <symbol id="sm-5d3">
         <name>C$$EXIT</name>
         <value>0x3a05</value>
         <object_component_ref idref="oc-ef"/>
      </symbol>
      <symbol id="sm-5d4">
         <name>abort</name>
         <value>0x3a05</value>
         <object_component_ref idref="oc-ef"/>
      </symbol>
      <symbol id="sm-5e9">
         <name>_nop</name>
         <value>0x18db</value>
         <object_component_ref idref="oc-225"/>
      </symbol>
      <symbol id="sm-5ea">
         <name>_lock</name>
         <value>0x20002300</value>
         <object_component_ref idref="oc-1a8"/>
      </symbol>
      <symbol id="sm-5eb">
         <name>_unlock</name>
         <value>0x20002304</value>
         <object_component_ref idref="oc-1a8"/>
      </symbol>
      <symbol id="sm-5fa">
         <name>__TI_ltoa</name>
         <value>0x3547</value>
         <object_component_ref idref="oc-2f9"/>
      </symbol>
      <symbol id="sm-611">
         <name>atoi</name>
         <value>0x35ed</value>
         <object_component_ref idref="oc-2a3"/>
      </symbol>
      <symbol id="sm-61c">
         <name>_ctypes_</name>
         <value>0x3a08</value>
         <object_component_ref idref="oc-2ee"/>
      </symbol>
      <symbol id="sm-62c">
         <name>memccpy</name>
         <value>0x38dd</value>
         <object_component_ref idref="oc-2c7"/>
      </symbol>
      <symbol id="sm-63c">
         <name>strchr</name>
         <value>0x395b</value>
         <object_component_ref idref="oc-326"/>
      </symbol>
      <symbol id="sm-64a">
         <name>strlen</name>
         <value>0x3985</value>
         <object_component_ref idref="oc-29d"/>
      </symbol>
      <symbol id="sm-660">
         <name>__aeabi_errno_addr</name>
         <value>0x39f1</value>
         <object_component_ref idref="oc-2d3"/>
      </symbol>
      <symbol id="sm-661">
         <name>errno</name>
         <value>0x20002310</value>
         <object_component_ref idref="oc-336"/>
      </symbol>
      <symbol id="sm-67a">
         <name>wcslen</name>
         <value>0x3999</value>
         <object_component_ref idref="oc-2cd"/>
      </symbol>
      <symbol id="sm-69a">
         <name>frexpl</name>
         <value>0x348d</value>
         <object_component_ref idref="oc-31a"/>
      </symbol>
      <symbol id="sm-69b">
         <name>frexp</name>
         <value>0x348d</value>
         <object_component_ref idref="oc-31a"/>
      </symbol>
      <symbol id="sm-6b8">
         <name>scalbn</name>
         <value>0x2b7d</value>
         <object_component_ref idref="oc-320"/>
      </symbol>
      <symbol id="sm-6b9">
         <name>scalbnl</name>
         <value>0x2b7d</value>
         <object_component_ref idref="oc-320"/>
      </symbol>
      <symbol id="sm-6ba">
         <name>ldexpl</name>
         <value>0x2b7d</value>
         <object_component_ref idref="oc-320"/>
      </symbol>
      <symbol id="sm-6bb">
         <name>ldexp</name>
         <value>0x2b7d</value>
         <object_component_ref idref="oc-320"/>
      </symbol>
      <symbol id="sm-6c5">
         <name>__aeabi_idiv0</name>
         <value>0x266f</value>
         <object_component_ref idref="oc-34e"/>
      </symbol>
      <symbol id="sm-6c6">
         <name>__aeabi_ldiv0</name>
         <value>0x266f</value>
         <object_component_ref idref="oc-34e"/>
      </symbol>
      <symbol id="sm-6d0">
         <name>copysign</name>
         <value>0x38f9</value>
         <object_component_ref idref="oc-361"/>
      </symbol>
      <symbol id="sm-6d1">
         <name>copysignl</name>
         <value>0x38f9</value>
         <object_component_ref idref="oc-361"/>
      </symbol>
      <symbol id="sm-700">
         <name>IntRegister</name>
         <value>0x37b5</value>
         <object_component_ref idref="oc-14e"/>
      </symbol>
      <symbol id="sm-701">
         <name>g_pfnRAMVectors</name>
         <value>0x20000000</value>
         <object_component_ref idref="oc-1df"/>
      </symbol>
      <symbol id="sm-702">
         <name>IntMasterEnable</name>
         <value>0x39ab</value>
         <object_component_ref idref="oc-154"/>
      </symbol>
      <symbol id="sm-70c">
         <name>CPUcpsie</name>
         <value>0x39d9</value>
         <object_component_ref idref="oc-1e9"/>
      </symbol>
      <symbol id="sm-70d">
         <name>__TI_static_base__</name>
         <value>0x0</value>
      </symbol>
      <symbol id="sm-710">
         <name>__mpu_init</name>
         <value>0x0</value>
      </symbol>
      <symbol id="sm-711">
         <name>_system_post_cinit</name>
         <value>0x0</value>
      </symbol>
   </symbol_table>
   <title>Link successful</title>
</link_info>
