******************************************************************************
                  TI ARM Linker PC v20.2.7                     
******************************************************************************
>> Linked Thu Feb 20 17:01:17 2025

OUTPUT FILE NAME:   <lab3.out>
ENTRY POINT SYMBOL: "_c_int00_noargs"  address: 000030d9


MEMORY CONFIGURATION

         name            origin    length      used     unused   attr    fill
----------------------  --------  ---------  --------  --------  ----  --------
  FLASH                 00000000   00040000  000033fd  0003cc03  R  X
  SRAM                  20000000   00008000  0000231e  00005ce2  RW X


SEGMENT ALLOCATION MAP

run origin  load origin   length   init length attrs members
----------  ----------- ---------- ----------- ----- -------
00000000    00000000    00003400   00003400    r-x
  00000000    00000000    0000026c   0000026c    r-- .intvecs
  0000026c    0000026c    00003048   00003048    r-x .text
  000032b4    000032b4    00000109   00000109    r-- .const
  000033c0    000033c0    00000040   00000040    r-- .cinit
20000000    20000000    00002325   00000000    rw-
  20000000    20000000    0000026c   00000000    rw- .vtable
  20000270    20000270    00001000   00000000    rw- .stack
  20001270    20001270    00001000   00000000    rw- .sysmem
  20002270    20002270    000000a5   00000000    rw- .bss
  20002318    20002318    0000000d   00000000    rw- .data


SECTION ALLOCATION MAP

 output                                  attributes/
section   page    origin      length       input sections
--------  ----  ----------  ----------   ----------------
.intvecs   0    00000000    0000026c     
                  00000000    0000026c     tm4c123gh6pm_startup_ccs.obj (.intvecs)

.text      0    0000026c    00003048     
                  0000026c    00000a4e     rtsv7M4_T_le_v4SPD16_eabi.lib : _printfi.c.obj (.text:__TI_printfi)
                  00000cba    00000002                                   : div0.asm.obj (.text)
                  00000cbc    00000354     main.obj (.text)
                  00001010    00000328     lcd.obj (.text)
                  00001338    00000270     rtsv7M4_T_le_v4SPD16_eabi.lib : _printfi.c.obj (.text:_pconv_a)
                  000015a8    00000260     libcybotScan.lib : cyBot_Scan.obj (.text)
                  00001808    00000248     Timer.obj (.text)
                  00001a50    000001ec     libcybotScan.lib : ping.obj (.text)
                  00001c3c    000001d0     rtsv7M4_T_le_v4SPD16_eabi.lib : _printfi.c.obj (.text:_pconv_g)
                  00001e0c    000001b6                                   : fd_add_t2.asm.obj (.text)
                  00001fc2    00000002     --HOLE-- [fill = 0]
                  00001fc4    0000015c     libcybotUART.lib : uart.obj (.text)
                  00002120    00000158     libcybotScan.lib : servo.obj (.text)
                  00002278    0000013c     rtsv7M4_T_le_v4SPD16_eabi.lib : _printfi.c.obj (.text:_pconv_e)
                  000023b4    00000136                                   : fd_div_t2.asm.obj (.text)
                  000024ea    00000002     --HOLE-- [fill = 0]
                  000024ec    00000124                                   : _printfi.c.obj (.text:fcvt)
                  00002610    00000118     libcybotScan.lib : ir.obj (.text)
                  00002728    00000110     rtsv7M4_T_le_v4SPD16_eabi.lib : s_scalbn.c.obj (.text:scalbn)
                  00002838    000000fc                                   : fd_mul_t2.asm.obj (.text)
                  00002934    000000b1                                   : _printfi.c.obj (.text:_ltostr)
                  000029e5    00000001     --HOLE-- [fill = 0]
                  000029e6    0000009c                                   : memcpy_t2.asm.obj (.text)
                  00002a82    00000096                                   : ull_div_t2.asm.obj (.text)
                  00002b18    00000086                                   : fd_cmp_t2.asm.obj (.text:__aeabi_cdcmple)
                  00002b9e    00000086                                   : fd_cmp_t2.asm.obj (.text:__aeabi_cdrcmple)
                  00002c24    0000007a                                   : memset_t2.asm.obj (.text)
                  00002c9e    0000006e                                   : _printfi.c.obj (.text:_mcpy)
                  00002d0c    00000068                                   : copy_decompress_lzss.c.obj (.text:decompress:lzss:__TI_decompress_lzss)
                  00002d74    00000064                                   : s_frexp.c.obj (.text:frexp)
                  00002dd8    00000056                                   : _printfi.c.obj (.text:_pconv_f)
                  00002e2e    00000054                                   : _ltoa.c.obj (.text:__TI_ltoa)
                  00002e82    00000052                                   : _printfi.c.obj (.text:_ecpy)
                  00002ed4    0000004c                                   : atoi.c.obj (.text:atoi)
                  00002f20    00000048                                   : fd_toi_t2.asm.obj (.text)
                  00002f68    00000044                                   : autoinit.c.obj (.text:__TI_auto_init_nobinit_nopinit:__TI_auto_init_nobinit_nopinit)
                  00002fac    00000040                                   : sprintf.c.obj (.text:sprintf)
                  00002fec    00000040                                   : vsnprintf.c.obj (.text:vsnprintf)
                  0000302c    0000003e                                   : _printfi.c.obj (.text:_fcpy)
                  0000306a    00000038                                   : fs_tod_t2.asm.obj (.text)
                  000030a2    00000002     --HOLE-- [fill = 0]
                  000030a4    00000034     driverlib.lib : interrupt.obj (.text:IntRegister)
                  000030d8    00000034     rtsv7M4_T_le_v4SPD16_eabi.lib : boot_cortex_m.c.obj (.text:_c_int00_noargs:_c_int00_noargs)
                  0000310c    00000030                                   : vsnprintf.c.obj (.text:_outs)
                  0000313c    0000002e                                   : i_tofd_t2.asm.obj (.text)
                  0000316a    0000001c                                   : copy_zero_init.c.obj (.text:decompress:ZI:__TI_zero_init_nomemset:__TI_zero_init_nomemset)
                  00003186    0000001c                                   : memccpy.c.obj (.text:memccpy)
                  000031a2    0000001a                                   : s_copysign.c.obj (.text:copysign)
                  000031bc    00000018                                   : vsnprintf.c.obj (.text:_outc)
                  000031d4    00000018                                   : sprintf.c.obj (.text:_outs)
                  000031ec    00000018                                   : strcmp.c.obj (.text:strcmp)
                  00003204    00000016                                   : strchr.c.obj (.text:strchr)
                  0000321a    00000014                                   : strcpy.c.obj (.text:strcpy)
                  0000322e    00000014                                   : strlen.c.obj (.text:strlen)
                  00003242    00000012                                   : wcslen.c.obj (.text:wcslen)
                  00003254    00000010     driverlib.lib : interrupt.obj (.text:IntMasterEnable)
                  00003264    00000010     lcd.obj (.text:lcd_clear)
                  00003274    0000000e     rtsv7M4_T_le_v4SPD16_eabi.lib : copy_decompress_none.c.obj (.text:decompress:none:__TI_decompress_none)
                  00003282    0000000c     driverlib.lib : cpu.obj (.text:CPUcpsie)
                  0000328e    0000000c     tm4c123gh6pm_startup_ccs.obj (.text)
                  0000329a    0000000a     rtsv7M4_T_le_v4SPD16_eabi.lib : sprintf.c.obj (.text:_outc)
                  000032a4    00000008                                   : errno.c.obj (.text:__aeabi_errno_addr)
                  000032ac    00000004                                   : pre_init.c.obj (.text:_system_pre_init)
                  000032b0    00000004                                   : exit.c.obj (.text:abort:abort)

.const     0    000032b4    00000109     
                  000032b4    00000101     rtsv7M4_T_le_v4SPD16_eabi.lib : ctype.c.obj (.const:.string:_ctypes_)
                  000033b5    00000004     lcd.obj (.const:.string:lineAddress$1)
                  000033b9    00000004     lcd.obj (.const:.string:lineAddresses$2)

.cinit     0    000033c0    00000040     
                  000033c0    0000000c     (__TI_handler_table)
                  000033cc    00000004     --HOLE-- [fill = 0]
                  000033d0    00000008     (.cinit..bss.load) [load image, compression = zero_init]
                  000033d8    00000008     (.cinit..vtable.load) [load image, compression = zero_init]
                  000033e0    00000007     (.cinit..data.load) [load image, compression = lzss]
                  000033e7    00000001     --HOLE-- [fill = 0]
                  000033e8    00000018     (__TI_cinit_table)

.init_array 
*          0    00000000    00000000     UNINITIALIZED

.vtable    0    20000000    0000026c     UNINITIALIZED
                  20000000    0000026c     driverlib.lib : interrupt.obj (.vtable)

.stack     0    20000270    00001000     UNINITIALIZED
                  20000270    00000004     rtsv7M4_T_le_v4SPD16_eabi.lib : boot_cortex_m.c.obj (.stack)
                  20000274    00000ffc     --HOLE--

.sysmem    0    20001270    00001000     UNINITIALIZED
                  20001270    00000010     rtsv7M4_T_le_v4SPD16_eabi.lib : memory.c.obj (.sysmem)
                  20001280    00000ff0     --HOLE--

.bss       0    20002270    000000a5     UNINITIALIZED
                  20002270    00000054     lcd.obj (.bss:lastbuffer$3)
                  200022c4    00000034     (.common:isr_char_buffer)
                  200022f8    00000004     (.common:_timeout_ticks)
                  200022fc    00000004     (.common:fallingEdge)
                  20002300    00000004     (.common:isr_int_value)
                  20002304    00000004     (.common:left_calibration_value)
                  20002308    00000004     (.common:pulseLength)
                  2000230c    00000004     (.common:right_calibration_value)
                  20002310    00000004     (.common:risingEdge)
                  20002314    00000001     (.common:isRisingEdge)

.data      0    20002318    0000000d     UNINITIALIZED
                  20002318    00000004     libcybotScan.lib : cyBot_Scan.obj (.data)
                  2000231c    00000004     libcybotUART.lib : uart.obj (.data)
                  20002320    00000004     rtsv7M4_T_le_v4SPD16_eabi.lib : errno.c.obj (.data)
                  20002324    00000001     Timer.obj (.data)

__llvm_prf_cnts 
*          0    20000000    00000000     UNINITIALIZED

MODULE SUMMARY

       Module                         code    ro data   rw data
       ------                         ----    -------   -------
    .\
       lcd.obj                        824     8         84     
       main.obj                       852     0         8      
       tm4c123gh6pm_startup_ccs.obj   12      620       0      
       Timer.obj                      584     0         5      
    +--+------------------------------+-------+---------+---------+
       Total:                         2272    628       97     
                                                               
    ../libcybotScan.lib
       cyBot_Scan.obj                 608     0         4      
       ping.obj                       492     0         13     
       servo.obj                      344     0         0      
       ir.obj                         280     0         4      
    +--+------------------------------+-------+---------+---------+
       Total:                         1724    0         21     
                                                               
    ../libcybotUART.lib
       uart.obj                       348     0         56     
    +--+------------------------------+-------+---------+---------+
       Total:                         348     0         56     
                                                               
    C:/ti/TivaWare_C_Series-2.2.0.295/driverlib/ccs/Debug/driverlib.lib
       interrupt.obj                  68      0         620    
       cpu.obj                        12      0         0      
    +--+------------------------------+-------+---------+---------+
       Total:                         80      0         620    
                                                               
    C:\ti\ccs1271\ccs\tools\compiler\ti-cgt-arm_20.2.7.LTS\lib\rtsv7M4_T_le_v4SPD16_eabi.lib
       _printfi.c.obj                 4851    0         0      
       fd_add_t2.asm.obj              438     0         0      
       fd_div_t2.asm.obj              310     0         0      
       s_scalbn.c.obj                 272     0         0      
       fd_cmp_t2.asm.obj              268     0         0      
       ctype.c.obj                    0       257       0      
       fd_mul_t2.asm.obj              252     0         0      
       memcpy_t2.asm.obj              156     0         0      
       ull_div_t2.asm.obj             150     0         0      
       vsnprintf.c.obj                136     0         0      
       memset_t2.asm.obj              122     0         0      
       copy_decompress_lzss.c.obj     104     0         0      
       s_frexp.c.obj                  100     0         0      
       sprintf.c.obj                  98      0         0      
       _ltoa.c.obj                    84      0         0      
       atoi.c.obj                     76      0         0      
       fd_toi_t2.asm.obj              72      0         0      
       autoinit.c.obj                 68      0         0      
       fs_tod_t2.asm.obj              56      0         0      
       boot_cortex_m.c.obj            52      0         0      
       i_tofd_t2.asm.obj              46      0         0      
       copy_zero_init.c.obj           28      0         0      
       memccpy.c.obj                  28      0         0      
       s_copysign.c.obj               26      0         0      
       strcmp.c.obj                   24      0         0      
       strchr.c.obj                   22      0         0      
       strcpy.c.obj                   20      0         0      
       strlen.c.obj                   20      0         0      
       wcslen.c.obj                   18      0         0      
       copy_decompress_none.c.obj     14      0         0      
       errno.c.obj                    8       0         4      
       exit.c.obj                     4       0         0      
       pre_init.c.obj                 4       0         0      
       div0.asm.obj                   2       0         0      
    +--+------------------------------+-------+---------+---------+
       Total:                         7929    257       4      
                                                               
       Heap:                          0       0         4096   
       Stack:                         0       0         4096   
       Linker Generated:              0       59        0      
    +--+------------------------------+-------+---------+---------+
       Grand Total:                   12353   944       8990   


LINKER GENERATED COPY TABLES

__TI_cinit_table @ 000033e8 records: 3, size/record: 8, table size: 24
	.bss: load addr=000033d0, load size=00000008 bytes, run addr=20002270, run size=000000a5 bytes, compression=zero_init
	.vtable: load addr=000033d8, load size=00000008 bytes, run addr=20000000, run size=0000026c bytes, compression=zero_init
	.data: load addr=000033e0, load size=00000007 bytes, run addr=20002318, run size=0000000d bytes, compression=lzss


LINKER GENERATED HANDLER TABLE

__TI_handler_table @ 000033c0 records: 3, size/record: 4, table size: 12
	index: 0, handler: __TI_zero_init
	index: 1, handler: __TI_decompress_lzss
	index: 2, handler: __TI_decompress_none


GLOBAL SYMBOLS: SORTED ALPHABETICALLY BY Name 

address   name                          
-------   ----                          
000026a9  ADC0SS0_Handler               
000032b1  C$$EXIT                       
00003283  CPUcpsie                      
00003255  IntMasterEnable               
000030a5  IntRegister                   
0000328f  ResetISR                      
00001b41  TIMER3B_Handler               
20001270  __STACK_END                   
00001000  __STACK_SIZE                  
20000470  __STACK_TOP                   
00001000  __SYSMEM_SIZE                 
000033e8  __TI_CINIT_Base               
00003400  __TI_CINIT_Limit              
000033c0  __TI_Handler_Table_Base       
000033cc  __TI_Handler_Table_Limit      
00002f69  __TI_auto_init_nobinit_nopinit
00002d0d  __TI_decompress_lzss          
00003275  __TI_decompress_none          
00002e2f  __TI_ltoa                     
ffffffff  __TI_pprof_out_hndl           
0000026d  __TI_printfi                  
ffffffff  __TI_prof_data_size           
ffffffff  __TI_prof_data_start          
00000000  __TI_static_base__            
0000316b  __TI_zero_init_nomemset       
00002b19  __aeabi_cdcmpeq               
00002b19  __aeabi_cdcmple               
00002b9f  __aeabi_cdrcmple              
00002f21  __aeabi_d2iz                  
00001e17  __aeabi_dadd                  
000023b5  __aeabi_ddiv                  
00002839  __aeabi_dmul                  
00001e0d  __aeabi_dsub                  
000032a5  __aeabi_errno_addr            
0000306b  __aeabi_f2d                   
0000313d  __aeabi_i2d                   
00000cbb  __aeabi_idiv0                 
00000cbb  __aeabi_ldiv0                 
00002c25  __aeabi_memclr                
00002c25  __aeabi_memclr4               
00002c25  __aeabi_memclr8               
000029e7  __aeabi_memcpy                
000029e7  __aeabi_memcpy4               
000029e7  __aeabi_memcpy8               
00002c27  __aeabi_memset                
00002c27  __aeabi_memset4               
00002c27  __aeabi_memset8               
00002a83  __aeabi_uldivmod              
ffffffff  __binit__                     
ffffffff  __c_args__                    
UNDEFED   __mpu_init                    
20000270  __stack                       
20000000  __start___llvm_prf_cnts       
20000000  __stop___llvm_prf_cnts        
000030d9  _c_int00_noargs               
000032b4  _ctypes_                      
20002324  _running                      
20001270  _sys_memory                   
UNDEFED   _system_post_cinit            
000032ad  _system_pre_init              
200022f8  _timeout_ticks                
000032b1  abort                         
00002ed5  atoi                          
ffffffff  binit                         
000031a3  copysign                      
000031a3  copysignl                     
00001681  cyBOT_SERVO_cal               
0000160f  cyBOT_Scan                    
000015b7  cyBOT_init_Scan               
20002318  cyBOT_scan_features           
000015a9  cyBOT_scan_version            
000020cd  cyBot_UART1_Handler           
000020b3  cyBot_getByte                 
00001fc5  cyBot_sendByte                
00002095  cyBot_uart_flush              
00002003  cyBot_uart_init               
00001feb  cyBot_uart_sendBuffer         
00001fd1  cyBot_uart_sendStr            
20002320  errno                         
200022fc  fallingEdge                   
00002d75  frexp                         
00002d75  frexpl                        
20000000  g_pfnRAMVectors               
00000000  g_pfnVectors                  
000026bf  ir_enableInterrupt            
000026a1  ir_getDistance                
00002679  ir_getValue                   
00002611  ir_init                       
20002314  isRisingEdge                  
200022c4  isr_char_buffer               
2000231c  isr_counter                   
20002300  isr_int_value                 
00003265  lcd_clear                     
000011e5  lcd_gotoLine                  
0000104d  lcd_init                      
0000124b  lcd_printf                    
0000110d  lcd_putc                      
00001145  lcd_puts                      
00001011  lcd_reverseNibble             
00001163  lcd_sendCommand               
000011a1  lcd_sendNibble                
0000120d  lcd_setCursorPos              
00002729  ldexp                         
00002729  ldexpl                        
20002304  left_calibration_value        
00000cbd  main                          
00003187  memccpy                       
000029e7  memcpy                        
00002c2d  memset                        
00001b93  ping_getDistance              
00001a51  ping_init                     
00001ad7  ping_trigger                  
20002308  pulseLength                   
2000230c  right_calibration_value       
20002310  risingEdge                    
00002729  scalbn                        
00002729  scalbnl                       
00002121  servo_init                    
000021b1  servo_move                    
00002211  servo_setPWM                  
000021a5  servo_stop                    
00002fad  sprintf                       
00003205  strchr                        
000031ed  strcmp                        
0000321b  strcpy                        
0000322f  strlen                        
00001927  timer_getMicros               
000018cf  timer_getMillis               
00001809  timer_init                    
000018ab  timer_pause                   
000018bd  timer_resume                  
00001881  timer_stop                    
00001981  timer_waitMicros              
000019b3  timer_waitMillis              
00002fed  vsnprintf                     
00003243  wcslen                        


GLOBAL SYMBOLS: SORTED BY Symbol Address 

address   name                          
-------   ----                          
00000000  __TI_static_base__            
00000000  g_pfnVectors                  
0000026d  __TI_printfi                  
00000cbb  __aeabi_idiv0                 
00000cbb  __aeabi_ldiv0                 
00000cbd  main                          
00001000  __STACK_SIZE                  
00001000  __SYSMEM_SIZE                 
00001011  lcd_reverseNibble             
0000104d  lcd_init                      
0000110d  lcd_putc                      
00001145  lcd_puts                      
00001163  lcd_sendCommand               
000011a1  lcd_sendNibble                
000011e5  lcd_gotoLine                  
0000120d  lcd_setCursorPos              
0000124b  lcd_printf                    
000015a9  cyBOT_scan_version            
000015b7  cyBOT_init_Scan               
0000160f  cyBOT_Scan                    
00001681  cyBOT_SERVO_cal               
00001809  timer_init                    
00001881  timer_stop                    
000018ab  timer_pause                   
000018bd  timer_resume                  
000018cf  timer_getMillis               
00001927  timer_getMicros               
00001981  timer_waitMicros              
000019b3  timer_waitMillis              
00001a51  ping_init                     
00001ad7  ping_trigger                  
00001b41  TIMER3B_Handler               
00001b93  ping_getDistance              
00001e0d  __aeabi_dsub                  
00001e17  __aeabi_dadd                  
00001fc5  cyBot_sendByte                
00001fd1  cyBot_uart_sendStr            
00001feb  cyBot_uart_sendBuffer         
00002003  cyBot_uart_init               
00002095  cyBot_uart_flush              
000020b3  cyBot_getByte                 
000020cd  cyBot_UART1_Handler           
00002121  servo_init                    
000021a5  servo_stop                    
000021b1  servo_move                    
00002211  servo_setPWM                  
000023b5  __aeabi_ddiv                  
00002611  ir_init                       
00002679  ir_getValue                   
000026a1  ir_getDistance                
000026a9  ADC0SS0_Handler               
000026bf  ir_enableInterrupt            
00002729  ldexp                         
00002729  ldexpl                        
00002729  scalbn                        
00002729  scalbnl                       
00002839  __aeabi_dmul                  
000029e7  __aeabi_memcpy                
000029e7  __aeabi_memcpy4               
000029e7  __aeabi_memcpy8               
000029e7  memcpy                        
00002a83  __aeabi_uldivmod              
00002b19  __aeabi_cdcmpeq               
00002b19  __aeabi_cdcmple               
00002b9f  __aeabi_cdrcmple              
00002c25  __aeabi_memclr                
00002c25  __aeabi_memclr4               
00002c25  __aeabi_memclr8               
00002c27  __aeabi_memset                
00002c27  __aeabi_memset4               
00002c27  __aeabi_memset8               
00002c2d  memset                        
00002d0d  __TI_decompress_lzss          
00002d75  frexp                         
00002d75  frexpl                        
00002e2f  __TI_ltoa                     
00002ed5  atoi                          
00002f21  __aeabi_d2iz                  
00002f69  __TI_auto_init_nobinit_nopinit
00002fad  sprintf                       
00002fed  vsnprintf                     
0000306b  __aeabi_f2d                   
000030a5  IntRegister                   
000030d9  _c_int00_noargs               
0000313d  __aeabi_i2d                   
0000316b  __TI_zero_init_nomemset       
00003187  memccpy                       
000031a3  copysign                      
000031a3  copysignl                     
000031ed  strcmp                        
00003205  strchr                        
0000321b  strcpy                        
0000322f  strlen                        
00003243  wcslen                        
00003255  IntMasterEnable               
00003265  lcd_clear                     
00003275  __TI_decompress_none          
00003283  CPUcpsie                      
0000328f  ResetISR                      
000032a5  __aeabi_errno_addr            
000032ad  _system_pre_init              
000032b1  C$$EXIT                       
000032b1  abort                         
000032b4  _ctypes_                      
000033c0  __TI_Handler_Table_Base       
000033cc  __TI_Handler_Table_Limit      
000033e8  __TI_CINIT_Base               
00003400  __TI_CINIT_Limit              
20000000  __start___llvm_prf_cnts       
20000000  __stop___llvm_prf_cnts        
20000000  g_pfnRAMVectors               
20000270  __stack                       
20000470  __STACK_TOP                   
20001270  __STACK_END                   
20001270  _sys_memory                   
200022c4  isr_char_buffer               
200022f8  _timeout_ticks                
200022fc  fallingEdge                   
20002300  isr_int_value                 
20002304  left_calibration_value        
20002308  pulseLength                   
2000230c  right_calibration_value       
20002310  risingEdge                    
20002314  isRisingEdge                  
20002318  cyBOT_scan_features           
2000231c  isr_counter                   
20002320  errno                         
20002324  _running                      
ffffffff  __TI_pprof_out_hndl           
ffffffff  __TI_prof_data_size           
ffffffff  __TI_prof_data_start          
ffffffff  __binit__                     
ffffffff  __c_args__                    
ffffffff  binit                         
UNDEFED   __mpu_init                    
UNDEFED   _system_post_cinit            

[136 symbols]
