******************************************************************************
                  TI ARM Linker PC v20.2.7                     
******************************************************************************
>> Linked Wed Mar 26 11:51:57 2025

OUTPUT FILE NAME:   <lab6.out>
ENTRY POINT SYMBOL: "_c_int00_noargs"  address: 00002fb1


MEMORY CONFIGURATION

         name            origin    length      used     unused   attr    fill
----------------------  --------  ---------  --------  --------  ----  --------
  FLASH                 00000000   00040000  000032d5  0003cd2b  R  X
  SRAM                  20000000   00008000  000012ee  00006d12  RW X


SEGMENT ALLOCATION MAP

run origin  load origin   length   init length attrs members
----------  ----------- ---------- ----------- ----- -------
00000000    00000000    000032d8   000032d8    r-x
  00000000    00000000    0000026c   0000026c    r-- .intvecs
  0000026c    0000026c    00002f20   00002f20    r-x .text
  0000318c    0000318c    00000109   00000109    r-- .const
  00003298    00003298    00000040   00000040    r-- .cinit
20000000    20000000    000012f5   00000000    rw-
  20000000    20000000    0000026c   00000000    rw- .vtable
  20000270    20000270    00001000   00000000    rw- .stack
  20001270    20001270    00000071   00000000    rw- .bss
  200012e4    200012e4    00000011   00000000    rw- .data


SECTION ALLOCATION MAP

 output                                  attributes/
section   page    origin      length       input sections
--------  ----  ----------  ----------   ----------------
.intvecs   0    00000000    0000026c     
                  00000000    0000026c     tm4c123gh6pm_startup_ccs.obj (.intvecs)

.text      0    0000026c    00002f20     
                  0000026c    00000a4e     rtsv7M4_T_le_v4SPD16_eabi.lib : _printfi.c.obj (.text:__TI_printfi)
                  00000cba    00000002                                   : div0.asm.obj (.text)
                  00000cbc    00000328     lcd.obj (.text)
                  00000fe4    00000270     rtsv7M4_T_le_v4SPD16_eabi.lib : _printfi.c.obj (.text:_pconv_a)
                  00001254    00000260     libcybotScan.lib : cyBot_Scan.obj (.text)
                  000014b4    00000248     Timer.obj (.text)
                  000016fc    000001ec     libcybotScan.lib : ping.obj (.text)
                  000018e8    000001e8     uart-interrupt.obj (.text)
                  00001ad0    000001d0     rtsv7M4_T_le_v4SPD16_eabi.lib : _printfi.c.obj (.text:_pconv_g)
                  00001ca0    000001b6                                   : fd_add_t2.asm.obj (.text)
                  00001e56    00000002     --HOLE-- [fill = 0]
                  00001e58    000001a0     lab6_main.obj (.text)
                  00001ff8    00000158     libcybotScan.lib : servo.obj (.text)
                  00002150    0000013c     rtsv7M4_T_le_v4SPD16_eabi.lib : _printfi.c.obj (.text:_pconv_e)
                  0000228c    00000136                                   : fd_div_t2.asm.obj (.text)
                  000023c2    00000002     --HOLE-- [fill = 0]
                  000023c4    00000124                                   : _printfi.c.obj (.text:fcvt)
                  000024e8    00000118     libcybotScan.lib : ir.obj (.text)
                  00002600    00000110     rtsv7M4_T_le_v4SPD16_eabi.lib : s_scalbn.c.obj (.text:scalbn)
                  00002710    000000fc                                   : fd_mul_t2.asm.obj (.text)
                  0000280c    000000b1                                   : _printfi.c.obj (.text:_ltostr)
                  000028bd    00000001     --HOLE-- [fill = 0]
                  000028be    0000009c                                   : memcpy_t2.asm.obj (.text)
                  0000295a    00000096                                   : ull_div_t2.asm.obj (.text)
                  000029f0    00000086                                   : fd_cmp_t2.asm.obj (.text:__aeabi_cdcmple)
                  00002a76    00000086                                   : fd_cmp_t2.asm.obj (.text:__aeabi_cdrcmple)
                  00002afc    0000007a                                   : memset_t2.asm.obj (.text)
                  00002b76    0000006e                                   : _printfi.c.obj (.text:_mcpy)
                  00002be4    00000068                                   : copy_decompress_lzss.c.obj (.text:decompress:lzss:__TI_decompress_lzss)
                  00002c4c    00000064                                   : s_frexp.c.obj (.text:frexp)
                  00002cb0    00000056                                   : _printfi.c.obj (.text:_pconv_f)
                  00002d06    00000054                                   : _ltoa.c.obj (.text:__TI_ltoa)
                  00002d5a    00000052                                   : _printfi.c.obj (.text:_ecpy)
                  00002dac    0000004c                                   : atoi.c.obj (.text:atoi)
                  00002df8    00000048                                   : fd_toi_t2.asm.obj (.text)
                  00002e40    00000044                                   : autoinit.c.obj (.text:__TI_auto_init_nobinit_nopinit:__TI_auto_init_nobinit_nopinit)
                  00002e84    00000040                                   : sprintf.c.obj (.text:sprintf)
                  00002ec4    00000040                                   : vsnprintf.c.obj (.text:vsnprintf)
                  00002f04    0000003e                                   : _printfi.c.obj (.text:_fcpy)
                  00002f42    00000038                                   : fs_tod_t2.asm.obj (.text)
                  00002f7a    00000002     --HOLE-- [fill = 0]
                  00002f7c    00000034     driverlib.lib : interrupt.obj (.text:IntRegister)
                  00002fb0    00000034     rtsv7M4_T_le_v4SPD16_eabi.lib : boot_cortex_m.c.obj (.text:_c_int00_noargs:_c_int00_noargs)
                  00002fe4    00000030                                   : vsnprintf.c.obj (.text:_outs)
                  00003014    0000002e                                   : i_tofd_t2.asm.obj (.text)
                  00003042    0000001c                                   : copy_zero_init.c.obj (.text:decompress:ZI:__TI_zero_init_nomemset:__TI_zero_init_nomemset)
                  0000305e    0000001c                                   : memccpy.c.obj (.text:memccpy)
                  0000307a    0000001a                                   : s_copysign.c.obj (.text:copysign)
                  00003094    00000018                                   : vsnprintf.c.obj (.text:_outc)
                  000030ac    00000018                                   : sprintf.c.obj (.text:_outs)
                  000030c4    00000018                                   : strcmp.c.obj (.text:strcmp)
                  000030dc    00000016                                   : strchr.c.obj (.text:strchr)
                  000030f2    00000014                                   : strcpy.c.obj (.text:strcpy)
                  00003106    00000014                                   : strlen.c.obj (.text:strlen)
                  0000311a    00000012                                   : wcslen.c.obj (.text:wcslen)
                  0000312c    00000010     driverlib.lib : interrupt.obj (.text:IntMasterEnable)
                  0000313c    00000010     lcd.obj (.text:lcd_clear)
                  0000314c    0000000e     rtsv7M4_T_le_v4SPD16_eabi.lib : copy_decompress_none.c.obj (.text:decompress:none:__TI_decompress_none)
                  0000315a    0000000c     driverlib.lib : cpu.obj (.text:CPUcpsie)
                  00003166    0000000c     tm4c123gh6pm_startup_ccs.obj (.text)
                  00003172    0000000a     rtsv7M4_T_le_v4SPD16_eabi.lib : sprintf.c.obj (.text:_outc)
                  0000317c    00000008                                   : errno.c.obj (.text:__aeabi_errno_addr)
                  00003184    00000004                                   : pre_init.c.obj (.text:_system_pre_init)
                  00003188    00000004                                   : exit.c.obj (.text:abort:abort)

.const     0    0000318c    00000109     
                  0000318c    00000101     rtsv7M4_T_le_v4SPD16_eabi.lib : ctype.c.obj (.const:.string:_ctypes_)
                  0000328d    00000004     lcd.obj (.const:.string:lineAddress$1)
                  00003291    00000004     lcd.obj (.const:.string:lineAddresses$2)

.cinit     0    00003298    00000040     
                  00003298    0000000c     (__TI_handler_table)
                  000032a4    0000000b     (.cinit..data.load) [load image, compression = lzss]
                  000032af    00000001     --HOLE-- [fill = 0]
                  000032b0    00000008     (.cinit..bss.load) [load image, compression = zero_init]
                  000032b8    00000008     (.cinit..vtable.load) [load image, compression = zero_init]
                  000032c0    00000018     (__TI_cinit_table)

.init_array 
*          0    00000000    00000000     UNINITIALIZED

.vtable    0    20000000    0000026c     UNINITIALIZED
                  20000000    0000026c     driverlib.lib : interrupt.obj (.vtable)

.bss       0    20001270    00000071     UNINITIALIZED
                  20001270    00000054     lcd.obj (.bss:lastbuffer$3)
                  200012c4    00000004     (.common:_timeout_ticks)
                  200012c8    00000004     (.common:fallingEdge)
                  200012cc    00000004     (.common:isr_int_value)
                  200012d0    00000004     (.common:left_calibration_value)
                  200012d4    00000004     (.common:pulseLength)
                  200012d8    00000004     (.common:right_calibration_value)
                  200012dc    00000004     (.common:risingEdge)
                  200012e0    00000001     (.common:isRisingEdge)

.data      0    200012e4    00000011     UNINITIALIZED
                  200012e4    00000008     uart-interrupt.obj (.data)
                  200012ec    00000004     libcybotScan.lib : cyBot_Scan.obj (.data)
                  200012f0    00000004     rtsv7M4_T_le_v4SPD16_eabi.lib : errno.c.obj (.data)
                  200012f4    00000001     Timer.obj (.data)

.stack     0    20000270    00001000     UNINITIALIZED
                  20000270    00000004     rtsv7M4_T_le_v4SPD16_eabi.lib : boot_cortex_m.c.obj (.stack)
                  20000274    00000ffc     --HOLE--

__llvm_prf_cnts 
*          0    20000000    00000000     UNINITIALIZED

MODULE SUMMARY

       Module                         code    ro data   rw data
       ------                         ----    -------   -------
    .\
       lcd.obj                        824     8         84     
       tm4c123gh6pm_startup_ccs.obj   12      620       0      
       Timer.obj                      584     0         5      
       uart-interrupt.obj             488     0         8      
       lab6_main.obj                  416     0         8      
    +--+------------------------------+-------+---------+---------+
       Total:                         2324    628       105    
                                                               
    ../libcybotScan.lib
       cyBot_Scan.obj                 608     0         4      
       ping.obj                       492     0         13     
       servo.obj                      344     0         0      
       ir.obj                         280     0         4      
    +--+------------------------------+-------+---------+---------+
       Total:                         1724    0         21     
                                                               
    C:/ti/TivaWare_C_Series-2.2.0.295/driverlib/ccs/Debug/driverlib.lib
       interrupt.obj                  68      0         620    
       cpu.obj                        12      0         0      
    +--+------------------------------+-------+---------+---------+
       Total:                         80      0         620    
                                                               
    C:\ti\ccs1271\ccs\tools\compiler\ti-cgt-arm_20.2.7.LTS\lib\rtsv7M4_T_le_v4SPD16_eabi.lib
       _printfi.c.obj                 4851    0         0      
       fd_add_t2.asm.obj              438     0         0      
       fd_div_t2.asm.obj              310     0         0      
       s_scalbn.c.obj                 272     0         0      
       fd_cmp_t2.asm.obj              268     0         0      
       ctype.c.obj                    0       257       0      
       fd_mul_t2.asm.obj              252     0         0      
       memcpy_t2.asm.obj              156     0         0      
       ull_div_t2.asm.obj             150     0         0      
       vsnprintf.c.obj                136     0         0      
       memset_t2.asm.obj              122     0         0      
       copy_decompress_lzss.c.obj     104     0         0      
       s_frexp.c.obj                  100     0         0      
       sprintf.c.obj                  98      0         0      
       _ltoa.c.obj                    84      0         0      
       atoi.c.obj                     76      0         0      
       fd_toi_t2.asm.obj              72      0         0      
       autoinit.c.obj                 68      0         0      
       fs_tod_t2.asm.obj              56      0         0      
       boot_cortex_m.c.obj            52      0         0      
       i_tofd_t2.asm.obj              46      0         0      
       copy_zero_init.c.obj           28      0         0      
       memccpy.c.obj                  28      0         0      
       s_copysign.c.obj               26      0         0      
       strcmp.c.obj                   24      0         0      
       strchr.c.obj                   22      0         0      
       strcpy.c.obj                   20      0         0      
       strlen.c.obj                   20      0         0      
       wcslen.c.obj                   18      0         0      
       copy_decompress_none.c.obj     14      0         0      
       errno.c.obj                    8       0         4      
       exit.c.obj                     4       0         0      
       pre_init.c.obj                 4       0         0      
       div0.asm.obj                   2       0         0      
    +--+------------------------------+-------+---------+---------+
       Total:                         7929    257       4      
                                                               
       Stack:                         0       0         4096   
       Linker Generated:              0       63        0      
    +--+------------------------------+-------+---------+---------+
       Grand Total:                   12057   948       4846   


LINKER GENERATED COPY TABLES

__TI_cinit_table @ 000032c0 records: 3, size/record: 8, table size: 24
	.data: load addr=000032a4, load size=0000000b bytes, run addr=200012e4, run size=00000011 bytes, compression=lzss
	.bss: load addr=000032b0, load size=00000008 bytes, run addr=20001270, run size=00000071 bytes, compression=zero_init
	.vtable: load addr=000032b8, load size=00000008 bytes, run addr=20000000, run size=0000026c bytes, compression=zero_init


LINKER GENERATED HANDLER TABLE

__TI_handler_table @ 00003298 records: 3, size/record: 4, table size: 12
	index: 0, handler: __TI_zero_init
	index: 1, handler: __TI_decompress_lzss
	index: 2, handler: __TI_decompress_none


GLOBAL SYMBOLS: SORTED ALPHABETICALLY BY Name 

address   name                          
-------   ----                          
00002581  ADC0SS0_Handler               
00003189  C$$EXIT                       
0000315b  CPUcpsie                      
0000312d  IntMasterEnable               
00002f7d  IntRegister                   
00003167  ResetISR                      
000017ed  TIMER3B_Handler               
00001a01  UART1_Handler                 
20001270  __STACK_END                   
00001000  __STACK_SIZE                  
20000470  __STACK_TOP                   
000032c0  __TI_CINIT_Base               
000032d8  __TI_CINIT_Limit              
00003298  __TI_Handler_Table_Base       
000032a4  __TI_Handler_Table_Limit      
00002e41  __TI_auto_init_nobinit_nopinit
00002be5  __TI_decompress_lzss          
0000314d  __TI_decompress_none          
00002d07  __TI_ltoa                     
ffffffff  __TI_pprof_out_hndl           
0000026d  __TI_printfi                  
ffffffff  __TI_prof_data_size           
ffffffff  __TI_prof_data_start          
00000000  __TI_static_base__            
00003043  __TI_zero_init_nomemset       
000029f1  __aeabi_cdcmpeq               
000029f1  __aeabi_cdcmple               
00002a77  __aeabi_cdrcmple              
00002df9  __aeabi_d2iz                  
00001cab  __aeabi_dadd                  
0000228d  __aeabi_ddiv                  
00002711  __aeabi_dmul                  
00001ca1  __aeabi_dsub                  
0000317d  __aeabi_errno_addr            
00002f43  __aeabi_f2d                   
00003015  __aeabi_i2d                   
00000cbb  __aeabi_idiv0                 
00000cbb  __aeabi_ldiv0                 
00002afd  __aeabi_memclr                
00002afd  __aeabi_memclr4               
00002afd  __aeabi_memclr8               
000028bf  __aeabi_memcpy                
000028bf  __aeabi_memcpy4               
000028bf  __aeabi_memcpy8               
00002aff  __aeabi_memset                
00002aff  __aeabi_memset4               
00002aff  __aeabi_memset8               
0000295b  __aeabi_uldivmod              
ffffffff  __binit__                     
ffffffff  __c_args__                    
UNDEFED   __mpu_init                    
20000270  __stack                       
20000000  __start___llvm_prf_cnts       
20000000  __stop___llvm_prf_cnts        
00002fb1  _c_int00_noargs               
0000318c  _ctypes_                      
200012f4  _running                      
UNDEFED   _system_post_cinit            
00003185  _system_pre_init              
200012c4  _timeout_ticks                
00003189  abort                         
00002dad  atoi                          
ffffffff  binit                         
200012e4  command_byte                  
200012e8  command_flag                  
0000307b  copysign                      
0000307b  copysignl                     
0000132d  cyBOT_SERVO_cal               
000012bb  cyBOT_Scan                    
00001263  cyBOT_init_Scan               
200012ec  cyBOT_scan_features           
00001255  cyBOT_scan_version            
200012f0  errno                         
200012c8  fallingEdge                   
00002c4d  frexp                         
00002c4d  frexpl                        
20000000  g_pfnRAMVectors               
00000000  g_pfnVectors                  
00002597  ir_enableInterrupt            
00002579  ir_getDistance                
00002551  ir_getValue                   
000024e9  ir_init                       
200012e0  isRisingEdge                  
200012cc  isr_int_value                 
0000313d  lcd_clear                     
00000e91  lcd_gotoLine                  
00000cf9  lcd_init                      
00000ef7  lcd_printf                    
00000db9  lcd_putc                      
00000df1  lcd_puts                      
00000cbd  lcd_reverseNibble             
00000e0f  lcd_sendCommand               
00000e4d  lcd_sendNibble                
00000eb9  lcd_setCursorPos              
00002601  ldexp                         
00002601  ldexpl                        
200012d0  left_calibration_value        
00001e59  main                          
0000305f  memccpy                       
000028bf  memcpy                        
00002b05  memset                        
0000183f  ping_getDistance              
000016fd  ping_init                     
00001783  ping_trigger                  
200012d4  pulseLength                   
200012d8  right_calibration_value       
200012dc  risingEdge                    
00002601  scalbn                        
00002601  scalbnl                       
00001ff9  servo_init                    
00002089  servo_move                    
000020e9  servo_setPWM                  
0000207d  servo_stop                    
00002e85  sprintf                       
000030dd  strchr                        
000030c5  strcmp                        
000030f3  strcpy                        
00003107  strlen                        
000015d3  timer_getMicros               
0000157b  timer_getMillis               
000014b5  timer_init                    
00001557  timer_pause                   
00001569  timer_resume                  
0000152d  timer_stop                    
0000162d  timer_waitMicros              
0000165f  timer_waitMillis              
000018e9  uart_interrupt_init           
000019cd  uart_receive_nonBlocking      
000019b1  uart_sendChar                 
000019e5  uart_sendStr                  
00002ec5  vsnprintf                     
0000311b  wcslen                        


GLOBAL SYMBOLS: SORTED BY Symbol Address 

address   name                          
-------   ----                          
00000000  __TI_static_base__            
00000000  g_pfnVectors                  
0000026d  __TI_printfi                  
00000cbb  __aeabi_idiv0                 
00000cbb  __aeabi_ldiv0                 
00000cbd  lcd_reverseNibble             
00000cf9  lcd_init                      
00000db9  lcd_putc                      
00000df1  lcd_puts                      
00000e0f  lcd_sendCommand               
00000e4d  lcd_sendNibble                
00000e91  lcd_gotoLine                  
00000eb9  lcd_setCursorPos              
00000ef7  lcd_printf                    
00001000  __STACK_SIZE                  
00001255  cyBOT_scan_version            
00001263  cyBOT_init_Scan               
000012bb  cyBOT_Scan                    
0000132d  cyBOT_SERVO_cal               
000014b5  timer_init                    
0000152d  timer_stop                    
00001557  timer_pause                   
00001569  timer_resume                  
0000157b  timer_getMillis               
000015d3  timer_getMicros               
0000162d  timer_waitMicros              
0000165f  timer_waitMillis              
000016fd  ping_init                     
00001783  ping_trigger                  
000017ed  TIMER3B_Handler               
0000183f  ping_getDistance              
000018e9  uart_interrupt_init           
000019b1  uart_sendChar                 
000019cd  uart_receive_nonBlocking      
000019e5  uart_sendStr                  
00001a01  UART1_Handler                 
00001ca1  __aeabi_dsub                  
00001cab  __aeabi_dadd                  
00001e59  main                          
00001ff9  servo_init                    
0000207d  servo_stop                    
00002089  servo_move                    
000020e9  servo_setPWM                  
0000228d  __aeabi_ddiv                  
000024e9  ir_init                       
00002551  ir_getValue                   
00002579  ir_getDistance                
00002581  ADC0SS0_Handler               
00002597  ir_enableInterrupt            
00002601  ldexp                         
00002601  ldexpl                        
00002601  scalbn                        
00002601  scalbnl                       
00002711  __aeabi_dmul                  
000028bf  __aeabi_memcpy                
000028bf  __aeabi_memcpy4               
000028bf  __aeabi_memcpy8               
000028bf  memcpy                        
0000295b  __aeabi_uldivmod              
000029f1  __aeabi_cdcmpeq               
000029f1  __aeabi_cdcmple               
00002a77  __aeabi_cdrcmple              
00002afd  __aeabi_memclr                
00002afd  __aeabi_memclr4               
00002afd  __aeabi_memclr8               
00002aff  __aeabi_memset                
00002aff  __aeabi_memset4               
00002aff  __aeabi_memset8               
00002b05  memset                        
00002be5  __TI_decompress_lzss          
00002c4d  frexp                         
00002c4d  frexpl                        
00002d07  __TI_ltoa                     
00002dad  atoi                          
00002df9  __aeabi_d2iz                  
00002e41  __TI_auto_init_nobinit_nopinit
00002e85  sprintf                       
00002ec5  vsnprintf                     
00002f43  __aeabi_f2d                   
00002f7d  IntRegister                   
00002fb1  _c_int00_noargs               
00003015  __aeabi_i2d                   
00003043  __TI_zero_init_nomemset       
0000305f  memccpy                       
0000307b  copysign                      
0000307b  copysignl                     
000030c5  strcmp                        
000030dd  strchr                        
000030f3  strcpy                        
00003107  strlen                        
0000311b  wcslen                        
0000312d  IntMasterEnable               
0000313d  lcd_clear                     
0000314d  __TI_decompress_none          
0000315b  CPUcpsie                      
00003167  ResetISR                      
0000317d  __aeabi_errno_addr            
00003185  _system_pre_init              
00003189  C$$EXIT                       
00003189  abort                         
0000318c  _ctypes_                      
00003298  __TI_Handler_Table_Base       
000032a4  __TI_Handler_Table_Limit      
000032c0  __TI_CINIT_Base               
000032d8  __TI_CINIT_Limit              
20000000  __start___llvm_prf_cnts       
20000000  __stop___llvm_prf_cnts        
20000000  g_pfnRAMVectors               
20000270  __stack                       
20000470  __STACK_TOP                   
20001270  __STACK_END                   
200012c4  _timeout_ticks                
200012c8  fallingEdge                   
200012cc  isr_int_value                 
200012d0  left_calibration_value        
200012d4  pulseLength                   
200012d8  right_calibration_value       
200012dc  risingEdge                    
200012e0  isRisingEdge                  
200012e4  command_byte                  
200012e8  command_flag                  
200012ec  cyBOT_scan_features           
200012f0  errno                         
200012f4  _running                      
ffffffff  __TI_pprof_out_hndl           
ffffffff  __TI_prof_data_size           
ffffffff  __TI_prof_data_start          
ffffffff  __binit__                     
ffffffff  __c_args__                    
ffffffff  binit                         
UNDEFED   __mpu_init                    
UNDEFED   _system_post_cinit            

[132 symbols]
