******************************************************************************
                  TI ARM Linker PC v20.2.7                     
******************************************************************************
>> Linked Tue Apr  1 11:29:11 2025

OUTPUT FILE NAME:   <lab7.out>
ENTRY POINT SYMBOL: "_c_int00_noargs"  address: 000063b1


MEMORY CONFIGURATION

         name            origin    length      used     unused   attr    fill
----------------------  --------  ---------  --------  --------  ----  --------
  FLASH                 00000000   00040000  0000695f  000396a1  R  X
  SRAM                  20000000   00008000  000024cd  00005b33  RW X


SEGMENT ALLOCATION MAP

run origin  load origin   length   init length attrs members
----------  ----------- ---------- ----------- ----- -------
00000000    00000000    00006968   00006968    r-x
  00000000    00000000    0000026c   0000026c    r-- .intvecs
  0000026c    0000026c    00006378   00006378    r-x .text
  000065e8    000065e8    00000323   00000323    r-- .const
  00006910    00006910    00000058   00000058    r-- .cinit
20000000    20000000    000024d4   00000000    rw-
  20000000    20000000    0000026c   00000000    rw- .vtable
  20000270    20000270    00001000   00000000    rw- .stack
  20001270    20001270    00001000   00000000    rw- .sysmem
  20002270    20002270    00000219   00000000    rw- .bss
  2000248c    2000248c    00000048   00000000    rw- .data


SECTION ALLOCATION MAP

 output                                  attributes/
section   page    origin      length       input sections
--------  ----  ----------  ----------   ----------------
.intvecs   0    00000000    0000026c     
                  00000000    0000026c     tm4c123gh6pm_startup_ccs.obj (.intvecs)

.text      0    0000026c    00006378     
                  0000026c    00000c20     open_interface.obj (.text)
                  00000e8c    00000a4e     rtsv7M4_T_le_v4SPD16_eabi.lib : _printfi.c.obj (.text:__TI_printfi)
                  000018da    00000002                                   : _lock.c.obj (.text:_nop)
                  000018dc    000009d0                                   : e_pow.c.obj (.text:pow)
                  000022ac    000008f4     lab7_main.obj (.text)
                  00002ba0    00000738     rtsv7M4_T_le_v4SPD16_eabi.lib : k_rem_pio2.c.obj (.text:__kernel_rem_pio2)
                  000032d8    00000508                                   : s_tan.c.obj (.text:tan)
                  000037e0    00000328     lcd.obj (.text)
                  00003b08    0000031c     rtsv7M4_T_le_v4SPD16_eabi.lib : k_tan.c.obj (.text:__kernel_tan)
                  00003e24    00000270                                   : _printfi.c.obj (.text:_pconv_a)
                  00004094    00000260     libcybotScan.lib : cyBot_Scan.obj (.text)
                  000042f4    00000248     Timer.obj (.text)
                  0000453c    0000020c     movement.obj (.text)
                  00004748    000001f0     uart-interrupt.obj (.text)
                  00004938    000001ec     libcybotScan.lib : ping.obj (.text)
                  00004b24    000001d0     rtsv7M4_T_le_v4SPD16_eabi.lib : _printfi.c.obj (.text:_pconv_g)
                  00004cf4    000001b6                                   : fd_add_t2.asm.obj (.text)
                  00004eaa    00000002                                   : div0.asm.obj (.text)
                  00004eac    00000158     libcybotScan.lib : servo.obj (.text)
                  00005004    00000158     rtsv7M4_T_le_v4SPD16_eabi.lib : e_sqrt.c.obj (.text:sqrt)
                  0000515c    0000013c                                   : _printfi.c.obj (.text:_pconv_e)
                  00005298    00000136                                   : fd_div_t2.asm.obj (.text)
                  000053ce    00000002     --HOLE-- [fill = 0]
                  000053d0    00000124                                   : _printfi.c.obj (.text:fcvt)
                  000054f4    00000118     libcybotScan.lib : ir.obj (.text)
                  0000560c    00000110     rtsv7M4_T_le_v4SPD16_eabi.lib : s_scalbn.c.obj (.text:scalbn)
                  0000571c    00000100                                   : memory.c.obj (.text:aligned_alloc)
                  0000581c    000000fc                                   : fd_mul_t2.asm.obj (.text)
                  00005918    000000f8                                   : s_floor.c.obj (.text:floor)
                  00005a10    000000e4                                   : memory.c.obj (.text:free)
                  00005af4    000000b1                                   : _printfi.c.obj (.text:_ltostr)
                  00005ba5    00000001     --HOLE-- [fill = 0]
                  00005ba6    0000009c                                   : memcpy_t2.asm.obj (.text)
                  00005c42    00000096                                   : ull_div_t2.asm.obj (.text)
                  00005cd8    00000086                                   : fd_cmp_t2.asm.obj (.text:__aeabi_cdcmple)
                  00005d5e    00000086                                   : fd_cmp_t2.asm.obj (.text:__aeabi_cdrcmple)
                  00005de4    0000007a                                   : memset_t2.asm.obj (.text)
                  00005e5e    00000002     --HOLE-- [fill = 0]
                  00005e60    00000070                                   : memory.c.obj (.text:split)
                  00005ed0    0000006e                                   : _printfi.c.obj (.text:_mcpy)
                  00005f3e    0000006e                                   : fd_tos_t2.asm.obj (.text)
                  00005fac    00000068                                   : copy_decompress_lzss.c.obj (.text:decompress:lzss:__TI_decompress_lzss)
                  00006014    00000064                                   : s_frexp.c.obj (.text:frexp)
                  00006078    00000056                                   : _printfi.c.obj (.text:_pconv_f)
                  000060ce    00000054                                   : _ltoa.c.obj (.text:__TI_ltoa)
                  00006122    00000052                                   : _printfi.c.obj (.text:_ecpy)
                  00006174    0000004c                                   : atoi.c.obj (.text:atoi)
                  000061c0    00000048                                   : fd_toi_t2.asm.obj (.text)
                  00006208    00000044                                   : autoinit.c.obj (.text:__TI_auto_init_nobinit_nopinit:__TI_auto_init_nobinit_nopinit)
                  0000624c    00000040                                   : sprintf.c.obj (.text:sprintf)
                  0000628c    00000040                                   : vsnprintf.c.obj (.text:vsnprintf)
                  000062cc    0000003e                                   : _printfi.c.obj (.text:_fcpy)
                  0000630a    00000002     --HOLE-- [fill = 0]
                  0000630c    00000038                                   : memory.c.obj (.text:calloc)
                  00006344    00000038                                   : fs_tod_t2.asm.obj (.text)
                  0000637c    00000034     driverlib.lib : interrupt.obj (.text:IntRegister)
                  000063b0    00000034     rtsv7M4_T_le_v4SPD16_eabi.lib : boot_cortex_m.c.obj (.text:_c_int00_noargs:_c_int00_noargs)
                  000063e4    00000030                                   : vsnprintf.c.obj (.text:_outs)
                  00006414    0000002e                                   : i_tofd_t2.asm.obj (.text)
                  00006442    00000002     --HOLE-- [fill = 0]
                  00006444    00000028                                   : memory.c.obj (.text:free_list_insert)
                  0000646c    0000001c                                   : memory.c.obj (.text:free_list_remove)
                  00006488    0000001c                                   : memccpy.c.obj (.text:memccpy)
                  000064a4    0000001a                                   : s_copysign.c.obj (.text:copysign)
                  000064be    00000018                                   : vsnprintf.c.obj (.text:_outc)
                  000064d6    00000018                                   : sprintf.c.obj (.text:_outs)
                  000064ee    00000018     open_interface.obj (.text:oi_parseInt)
                  00006506    00000018     rtsv7M4_T_le_v4SPD16_eabi.lib : strcmp.c.obj (.text:strcmp)
                  0000651e    00000016                                   : strchr.c.obj (.text:strchr)
                  00006534    00000014                                   : strcpy.c.obj (.text:strcpy)
                  00006548    00000014                                   : strlen.c.obj (.text:strlen)
                  0000655c    00000012                                   : wcslen.c.obj (.text:wcslen)
                  0000656e    00000010     driverlib.lib : interrupt.obj (.text:IntMasterEnable)
                  0000657e    00000010     lcd.obj (.text:lcd_clear)
                  0000658e    0000000e     rtsv7M4_T_le_v4SPD16_eabi.lib : copy_decompress_none.c.obj (.text:decompress:none:__TI_decompress_none)
                  0000659c    0000000c     driverlib.lib : cpu.obj (.text:CPUcpsie)
                  000065a8    0000000c     rtsv7M4_T_le_v4SPD16_eabi.lib : copy_zero_init.c.obj (.text:decompress:ZI:__TI_zero_init)
                  000065b4    0000000c     tm4c123gh6pm_startup_ccs.obj (.text)
                  000065c0    0000000a     rtsv7M4_T_le_v4SPD16_eabi.lib : sprintf.c.obj (.text:_outc)
                  000065ca    00000002     --HOLE-- [fill = 0]
                  000065cc    00000008                                   : errno.c.obj (.text:__aeabi_errno_addr)
                  000065d4    00000008                                   : memory.c.obj (.text:malloc)
                  000065dc    00000004                                   : pre_init.c.obj (.text:_system_pre_init)
                  000065e0    00000004                                   : exit.c.obj (.text:abort:abort)

.const     0    000065e8    00000323     
                  000065e8    00000158     rtsv7M4_T_le_v4SPD16_eabi.lib : k_rem_pio2.c.obj (.const:$O1$$)
                  00006740    00000101                                   : ctype.c.obj (.const:.string:_ctypes_)
                  00006841    00000004     lcd.obj (.const:.string:lineAddress$1)
                  00006845    00000003     --HOLE-- [fill = 0]
                  00006848    00000080     rtsv7M4_T_le_v4SPD16_eabi.lib : k_tan.c.obj (.const:xxx)
                  000068c8    00000030                                   : e_pow.c.obj (.const:$O1$$)
                  000068f8    0000000f     open_interface.obj (.const:.string:$P$T0$3)
                  00006907    00000004     lcd.obj (.const:.string:lineAddresses$2)

.cinit     0    00006910    00000058     
                  00006910    00000021     (.cinit..data.load) [load image, compression = lzss]
                  00006931    00000003     --HOLE-- [fill = 0]
                  00006934    0000000c     (__TI_handler_table)
                  00006940    00000008     (.cinit..bss.load) [load image, compression = zero_init]
                  00006948    00000008     (.cinit..vtable.load) [load image, compression = zero_init]
                  00006950    00000018     (__TI_cinit_table)

.init_array 
*          0    00000000    00000000     UNINITIALIZED

.vtable    0    20000000    0000026c     UNINITIALIZED
                  20000000    0000026c     driverlib.lib : interrupt.obj (.vtable)

.stack     0    20000270    00001000     UNINITIALIZED
                  20000270    00000004     rtsv7M4_T_le_v4SPD16_eabi.lib : boot_cortex_m.c.obj (.stack)
                  20000274    00000ffc     --HOLE--

.sysmem    0    20001270    00001000     UNINITIALIZED
                  20001270    00000010     rtsv7M4_T_le_v4SPD16_eabi.lib : memory.c.obj (.sysmem)
                  20001280    00000ff0     --HOLE--

.bss       0    20002270    00000219     UNINITIALIZED
                  20002270    00000190     (.common:detected_objects)
                  20002400    00000054     lcd.obj (.bss:lastbuffer$3)
                  20002454    00000018     open_interface.obj (.bss:firmware$2)
                  2000246c    00000004     (.common:_timeout_ticks)
                  20002470    00000004     (.common:fallingEdge)
                  20002474    00000004     (.common:isr_int_value)
                  20002478    00000004     (.common:left_calibration_value)
                  2000247c    00000004     (.common:pulseLength)
                  20002480    00000004     (.common:right_calibration_value)
                  20002484    00000004     (.common:risingEdge)
                  20002488    00000001     (.common:isRisingEdge)

.data      0    2000248c    00000048     UNINITIALIZED
                  2000248c    00000020     open_interface.obj (.data)
                  200024ac    00000008     rtsv7M4_T_le_v4SPD16_eabi.lib : _lock.c.obj (.data:$O1$$)
                  200024b4    00000008                                   : memory.c.obj (.data:$O1$$)
                  200024bc    00000008     uart-interrupt.obj (.data)
                  200024c4    00000006     lab7_main.obj (.data)
                  200024ca    00000001     Timer.obj (.data)
                  200024cb    00000001     --HOLE--
                  200024cc    00000004     libcybotScan.lib : cyBot_Scan.obj (.data)
                  200024d0    00000004     rtsv7M4_T_le_v4SPD16_eabi.lib : errno.c.obj (.data)

__llvm_prf_cnts 
*          0    20000000    00000000     UNINITIALIZED

MODULE SUMMARY

       Module                         code    ro data   rw data
       ------                         ----    -------   -------
    .\
       open_interface.obj             3128    15        56     
       lab7_main.obj                  2292    0         414    
       lcd.obj                        824     8         84     
       tm4c123gh6pm_startup_ccs.obj   12      620       0      
       Timer.obj                      584     0         5      
       movement.obj                   524     0         0      
       uart-interrupt.obj             496     0         8      
    +--+------------------------------+-------+---------+---------+
       Total:                         7860    643       567    
                                                               
    ../libcybotScan.lib
       cyBot_Scan.obj                 608     0         4      
       ping.obj                       492     0         13     
       servo.obj                      344     0         0      
       ir.obj                         280     0         4      
    +--+------------------------------+-------+---------+---------+
       Total:                         1724    0         21     
                                                               
    C:/ti/TivaWare_C_Series-2.2.0.295/driverlib/ccs/Debug/driverlib.lib
       interrupt.obj                  68      0         620    
       cpu.obj                        12      0         0      
    +--+------------------------------+-------+---------+---------+
       Total:                         80      0         620    
                                                               
    C:\ti\ccs1271\ccs\tools\compiler\ti-cgt-arm_20.2.7.LTS\lib\rtsv7M4_T_le_v4SPD16_eabi.lib
       _printfi.c.obj                 4851    0         0      
       e_pow.c.obj                    2512    48        0      
       k_rem_pio2.c.obj               1848    344       0      
       s_tan.c.obj                    1288    0         0      
       k_tan.c.obj                    796     128       0      
       memory.c.obj                   728     0         8      
       fd_add_t2.asm.obj              438     0         0      
       e_sqrt.c.obj                   344     0         0      
       fd_div_t2.asm.obj              310     0         0      
       s_scalbn.c.obj                 272     0         0      
       fd_cmp_t2.asm.obj              268     0         0      
       ctype.c.obj                    0       257       0      
       fd_mul_t2.asm.obj              252     0         0      
       s_floor.c.obj                  248     0         0      
       memcpy_t2.asm.obj              156     0         0      
       ull_div_t2.asm.obj             150     0         0      
       vsnprintf.c.obj                136     0         0      
       memset_t2.asm.obj              122     0         0      
       fd_tos_t2.asm.obj              110     0         0      
       copy_decompress_lzss.c.obj     104     0         0      
       s_frexp.c.obj                  100     0         0      
       sprintf.c.obj                  98      0         0      
       _ltoa.c.obj                    84      0         0      
       atoi.c.obj                     76      0         0      
       fd_toi_t2.asm.obj              72      0         0      
       autoinit.c.obj                 68      0         0      
       fs_tod_t2.asm.obj              56      0         0      
       boot_cortex_m.c.obj            52      0         0      
       i_tofd_t2.asm.obj              46      0         0      
       memccpy.c.obj                  28      0         0      
       s_copysign.c.obj               26      0         0      
       strcmp.c.obj                   24      0         0      
       strchr.c.obj                   22      0         0      
       strcpy.c.obj                   20      0         0      
       strlen.c.obj                   20      0         0      
       wcslen.c.obj                   18      0         0      
       copy_decompress_none.c.obj     14      0         0      
       copy_zero_init.c.obj           12      0         0      
       errno.c.obj                    8       0         4      
       _lock.c.obj                    2       0         8      
       exit.c.obj                     4       0         0      
       pre_init.c.obj                 4       0         0      
       div0.asm.obj                   2       0         0      
    +--+------------------------------+-------+---------+---------+
       Total:                         15789   777       20     
                                                               
       Heap:                          0       0         4096   
       Stack:                         0       0         4096   
       Linker Generated:              0       85        0      
    +--+------------------------------+-------+---------+---------+
       Grand Total:                   25453   1505      9420   


LINKER GENERATED COPY TABLES

__TI_cinit_table @ 00006950 records: 3, size/record: 8, table size: 24
	.data: load addr=00006910, load size=00000021 bytes, run addr=2000248c, run size=00000048 bytes, compression=lzss
	.bss: load addr=00006940, load size=00000008 bytes, run addr=20002270, run size=00000219 bytes, compression=zero_init
	.vtable: load addr=00006948, load size=00000008 bytes, run addr=20000000, run size=0000026c bytes, compression=zero_init


LINKER GENERATED HANDLER TABLE

__TI_handler_table @ 00006934 records: 3, size/record: 4, table size: 12
	index: 0, handler: __TI_zero_init
	index: 1, handler: __TI_decompress_lzss
	index: 2, handler: __TI_decompress_none


GLOBAL SYMBOLS: SORTED ALPHABETICALLY BY Name 

address   name                          
-------   ----                          
0000558d  ADC0SS0_Handler               
000065e1  C$$EXIT                       
0000659d  CPUcpsie                      
00000bc3  GPIOF_Handler                 
0000656f  IntMasterEnable               
0000637d  IntRegister                   
000065b5  ResetISR                      
00004a29  TIMER3B_Handler               
00004861  UART1_Handler                 
20001270  __STACK_END                   
00001000  __STACK_SIZE                  
20000470  __STACK_TOP                   
00001000  __SYSMEM_SIZE                 
00006950  __TI_CINIT_Base               
00006968  __TI_CINIT_Limit              
00006934  __TI_Handler_Table_Base       
00006940  __TI_Handler_Table_Limit      
00006209  __TI_auto_init_nobinit_nopinit
00005fad  __TI_decompress_lzss          
0000658f  __TI_decompress_none          
000060cf  __TI_ltoa                     
ffffffff  __TI_pprof_out_hndl           
00000e8d  __TI_printfi                  
ffffffff  __TI_prof_data_size           
ffffffff  __TI_prof_data_start          
00000000  __TI_static_base__            
000065a9  __TI_zero_init                
00005cd9  __aeabi_cdcmpeq               
00005cd9  __aeabi_cdcmple               
00005d5f  __aeabi_cdrcmple              
00005f3f  __aeabi_d2f                   
000061c1  __aeabi_d2iz                  
00004cff  __aeabi_dadd                  
00005299  __aeabi_ddiv                  
0000581d  __aeabi_dmul                  
00004cf5  __aeabi_dsub                  
000065cd  __aeabi_errno_addr            
00006345  __aeabi_f2d                   
00006415  __aeabi_i2d                   
00004eab  __aeabi_idiv0                 
00004eab  __aeabi_ldiv0                 
00005de5  __aeabi_memclr                
00005de5  __aeabi_memclr4               
00005de5  __aeabi_memclr8               
00005ba7  __aeabi_memcpy                
00005ba7  __aeabi_memcpy4               
00005ba7  __aeabi_memcpy8               
00005de7  __aeabi_memset                
00005de7  __aeabi_memset4               
00005de7  __aeabi_memset8               
00005c43  __aeabi_uldivmod              
ffffffff  __binit__                     
ffffffff  __c_args__                    
00002ba1  __kernel_rem_pio2             
00003b09  __kernel_tan                  
UNDEFED   __mpu_init                    
20000270  __stack                       
20000000  __start___llvm_prf_cnts       
20000000  __stop___llvm_prf_cnts        
000063b1  _c_int00_noargs               
00006740  _ctypes_                      
200024ac  _lock                         
000018db  _nop                          
200024ca  _running                      
20001270  _sys_memory                   
UNDEFED   _system_post_cinit            
000065dd  _system_pre_init              
2000246c  _timeout_ticks                
200024b0  _unlock                       
000065e1  abort                         
0000571d  aligned_alloc                 
00006175  atoi                          
200024c9  autonomous_mode               
ffffffff  binit                         
0000630d  calloc                        
200024bc  command_byte                  
200024c0  command_flag                  
000022ad  convert_ir                    
000064a5  copysign                      
000064a5  copysignl                     
0000416d  cyBOT_SERVO_cal               
000040fb  cyBOT_Scan                    
000040a3  cyBOT_init_Scan               
200024cc  cyBOT_scan_features           
00004095  cyBOT_scan_version            
20002270  detected_objects              
00002329  drive_to_target               
200024d0  errno                         
20002470  fallingEdge                   
00005919  floor                         
00005919  floorl                        
00005a11  free                          
00006015  frexp                         
00006015  frexpl                        
20000000  g_pfnRAMVectors               
00000000  g_pfnVectors                  
000022d9  get_average_ir_cm             
0000097f  go_charge                     
000055a3  ir_enableInterrupt            
00005585  ir_getDistance                
0000555d  ir_getValue                   
000054f5  ir_init                       
20002488  isRisingEdge                  
20002474  isr_int_value                 
0000657f  lcd_clear                     
000039b5  lcd_gotoLine                  
0000381d  lcd_init                      
00003a1b  lcd_printf                    
000038dd  lcd_putc                      
00003915  lcd_puts                      
000037e1  lcd_reverseNibble             
00003933  lcd_sendCommand               
00003971  lcd_sendNibble                
000039dd  lcd_setCursorPos              
0000560d  ldexp                         
0000560d  ldexpl                        
20002478  left_calibration_value        
00002861  main                          
000065d5  malloc                        
0000571d  memalign                      
00006489  memccpy                       
00005ba7  memcpy                        
00005ded  memset                        
2000248c  motor_cal_factor_L            
20002490  motor_cal_factor_R            
000045d5  move_backwards                
0000453d  move_forward                  
200024c4  object_count                  
0000026d  oi_alloc                      
00000aa9  oi_checkFirmware              
000002c7  oi_close                      
00000279  oi_free                       
00000ded  oi_getMotorCalibrationLeft    
00000e01  oi_getMotorCalibrationRight   
000002b1  oi_init                       
00000289  oi_init_noupdate              
00000915  oi_loadSong                   
000064ef  oi_parseInt                   
0000032b  oi_parsePacket                
0000096b  oi_play_song                  
0000084b  oi_setLeds                    
00000db1  oi_setMotorCalibration        
0000088f  oi_setWheels                  
00000b51  oi_shutoff_init               
0000098d  oi_uartInit                   
00000a31  oi_uartReceive                
00000a77  oi_uartSendBuff               
00000a15  oi_uartSendChar               
00000a59  oi_uartSendStr                
000002d9  oi_update                     
00004a7b  ping_getDistance              
00004939  ping_init                     
000049bf  ping_trigger                  
000018dd  pow                           
000018dd  powl                          
2000247c  pulseLength                   
20002480  right_calibration_value       
20002484  risingEdge                    
0000560d  scalbn                        
0000560d  scalbnl                       
200024c8  scan_active                   
00002491  scan_objects                  
00004ead  servo_init                    
00004f3d  servo_move                    
00004f9d  servo_setPWM                  
00004f31  servo_stop                    
0000624d  sprintf                       
00005005  sqrt                          
00005005  sqrtl                         
0000651f  strchr                        
00006507  strcmp                        
00006535  strcpy                        
00006549  strlen                        
000032d9  tan                           
000032d9  tanl                          
00004413  timer_getMicros               
000043bb  timer_getMillis               
000042f5  timer_init                    
00004397  timer_pause                   
000043a9  timer_resume                  
0000436d  timer_stop                    
0000446d  timer_waitMicros              
0000449f  timer_waitMillis              
00004675  turn                          
00004749  uart_interrupt_init           
0000482d  uart_receive_nonBlocking      
00004811  uart_sendChar                 
00004845  uart_sendStr                  
0000628d  vsnprintf                     
0000655d  wcslen                        


GLOBAL SYMBOLS: SORTED BY Symbol Address 

address   name                          
-------   ----                          
00000000  __TI_static_base__            
00000000  g_pfnVectors                  
0000026d  oi_alloc                      
00000279  oi_free                       
00000289  oi_init_noupdate              
000002b1  oi_init                       
000002c7  oi_close                      
000002d9  oi_update                     
0000032b  oi_parsePacket                
0000084b  oi_setLeds                    
0000088f  oi_setWheels                  
00000915  oi_loadSong                   
0000096b  oi_play_song                  
0000097f  go_charge                     
0000098d  oi_uartInit                   
00000a15  oi_uartSendChar               
00000a31  oi_uartReceive                
00000a59  oi_uartSendStr                
00000a77  oi_uartSendBuff               
00000aa9  oi_checkFirmware              
00000b51  oi_shutoff_init               
00000bc3  GPIOF_Handler                 
00000db1  oi_setMotorCalibration        
00000ded  oi_getMotorCalibrationLeft    
00000e01  oi_getMotorCalibrationRight   
00000e8d  __TI_printfi                  
00001000  __STACK_SIZE                  
00001000  __SYSMEM_SIZE                 
000018db  _nop                          
000018dd  pow                           
000018dd  powl                          
000022ad  convert_ir                    
000022d9  get_average_ir_cm             
00002329  drive_to_target               
00002491  scan_objects                  
00002861  main                          
00002ba1  __kernel_rem_pio2             
000032d9  tan                           
000032d9  tanl                          
000037e1  lcd_reverseNibble             
0000381d  lcd_init                      
000038dd  lcd_putc                      
00003915  lcd_puts                      
00003933  lcd_sendCommand               
00003971  lcd_sendNibble                
000039b5  lcd_gotoLine                  
000039dd  lcd_setCursorPos              
00003a1b  lcd_printf                    
00003b09  __kernel_tan                  
00004095  cyBOT_scan_version            
000040a3  cyBOT_init_Scan               
000040fb  cyBOT_Scan                    
0000416d  cyBOT_SERVO_cal               
000042f5  timer_init                    
0000436d  timer_stop                    
00004397  timer_pause                   
000043a9  timer_resume                  
000043bb  timer_getMillis               
00004413  timer_getMicros               
0000446d  timer_waitMicros              
0000449f  timer_waitMillis              
0000453d  move_forward                  
000045d5  move_backwards                
00004675  turn                          
00004749  uart_interrupt_init           
00004811  uart_sendChar                 
0000482d  uart_receive_nonBlocking      
00004845  uart_sendStr                  
00004861  UART1_Handler                 
00004939  ping_init                     
000049bf  ping_trigger                  
00004a29  TIMER3B_Handler               
00004a7b  ping_getDistance              
00004cf5  __aeabi_dsub                  
00004cff  __aeabi_dadd                  
00004eab  __aeabi_idiv0                 
00004eab  __aeabi_ldiv0                 
00004ead  servo_init                    
00004f31  servo_stop                    
00004f3d  servo_move                    
00004f9d  servo_setPWM                  
00005005  sqrt                          
00005005  sqrtl                         
00005299  __aeabi_ddiv                  
000054f5  ir_init                       
0000555d  ir_getValue                   
00005585  ir_getDistance                
0000558d  ADC0SS0_Handler               
000055a3  ir_enableInterrupt            
0000560d  ldexp                         
0000560d  ldexpl                        
0000560d  scalbn                        
0000560d  scalbnl                       
0000571d  aligned_alloc                 
0000571d  memalign                      
0000581d  __aeabi_dmul                  
00005919  floor                         
00005919  floorl                        
00005a11  free                          
00005ba7  __aeabi_memcpy                
00005ba7  __aeabi_memcpy4               
00005ba7  __aeabi_memcpy8               
00005ba7  memcpy                        
00005c43  __aeabi_uldivmod              
00005cd9  __aeabi_cdcmpeq               
00005cd9  __aeabi_cdcmple               
00005d5f  __aeabi_cdrcmple              
00005de5  __aeabi_memclr                
00005de5  __aeabi_memclr4               
00005de5  __aeabi_memclr8               
00005de7  __aeabi_memset                
00005de7  __aeabi_memset4               
00005de7  __aeabi_memset8               
00005ded  memset                        
00005f3f  __aeabi_d2f                   
00005fad  __TI_decompress_lzss          
00006015  frexp                         
00006015  frexpl                        
000060cf  __TI_ltoa                     
00006175  atoi                          
000061c1  __aeabi_d2iz                  
00006209  __TI_auto_init_nobinit_nopinit
0000624d  sprintf                       
0000628d  vsnprintf                     
0000630d  calloc                        
00006345  __aeabi_f2d                   
0000637d  IntRegister                   
000063b1  _c_int00_noargs               
00006415  __aeabi_i2d                   
00006489  memccpy                       
000064a5  copysign                      
000064a5  copysignl                     
000064ef  oi_parseInt                   
00006507  strcmp                        
0000651f  strchr                        
00006535  strcpy                        
00006549  strlen                        
0000655d  wcslen                        
0000656f  IntMasterEnable               
0000657f  lcd_clear                     
0000658f  __TI_decompress_none          
0000659d  CPUcpsie                      
000065a9  __TI_zero_init                
000065b5  ResetISR                      
000065cd  __aeabi_errno_addr            
000065d5  malloc                        
000065dd  _system_pre_init              
000065e1  C$$EXIT                       
000065e1  abort                         
00006740  _ctypes_                      
00006934  __TI_Handler_Table_Base       
00006940  __TI_Handler_Table_Limit      
00006950  __TI_CINIT_Base               
00006968  __TI_CINIT_Limit              
20000000  __start___llvm_prf_cnts       
20000000  __stop___llvm_prf_cnts        
20000000  g_pfnRAMVectors               
20000270  __stack                       
20000470  __STACK_TOP                   
20001270  __STACK_END                   
20001270  _sys_memory                   
20002270  detected_objects              
2000246c  _timeout_ticks                
20002470  fallingEdge                   
20002474  isr_int_value                 
20002478  left_calibration_value        
2000247c  pulseLength                   
20002480  right_calibration_value       
20002484  risingEdge                    
20002488  isRisingEdge                  
2000248c  motor_cal_factor_L            
20002490  motor_cal_factor_R            
200024ac  _lock                         
200024b0  _unlock                       
200024bc  command_byte                  
200024c0  command_flag                  
200024c4  object_count                  
200024c8  scan_active                   
200024c9  autonomous_mode               
200024ca  _running                      
200024cc  cyBOT_scan_features           
200024d0  errno                         
ffffffff  __TI_pprof_out_hndl           
ffffffff  __TI_prof_data_size           
ffffffff  __TI_prof_data_start          
ffffffff  __binit__                     
ffffffff  __c_args__                    
ffffffff  binit                         
UNDEFED   __mpu_init                    
UNDEFED   _system_post_cinit            

[190 symbols]
